[0.034s] Invoking command in '/home/tejasva/robotdog_ws_copy/build/micro_ros_msgs': CMAKE_PREFIX_PATH=${CMAKE_PREFIX_PATH}:/home/tejasva/robotdog_ws_copy/install/robotdog_control:/opt/ros/humble /usr/bin/cmake /home/tejasva/robotdog_ws_copy/src/microros_ws/uros/micro_ros_msgs -DAMENT_CMAKE_SYMLINK_INSTALL=1 -DCMAKE_INSTALL_PREFIX=/home/tejasva/robotdog_ws_copy/install/micro_ros_msgs
[0.403s] -- The C compiler identification is GNU 11.4.0
[0.403s] -- The CXX compiler identification is GNU 11.4.0
[0.403s] -- Detecting C compiler ABI info
[0.403s] -- Detecting C compiler ABI info - done
[0.403s] -- Check for working C compiler: /usr/bin/cc - skipped
[0.403s] -- Detecting C compile features
[0.404s] -- Detecting C compile features - done
[0.404s] -- Detecting CXX compiler ABI info
[0.404s] -- Detecting CXX compiler ABI info - done
[0.404s] -- Check for working CXX compiler: /usr/bin/c++ - skipped
[0.404s] -- Detecting CXX compile features
[0.405s] -- Detecting CXX compile features - done
[0.411s] -- Found ament_cmake: 1.3.12 (/opt/ros/humble/share/ament_cmake/cmake)
[0.670s] -- Found Python3: /usr/bin/python3 (found version "3.10.12") found components: Interpreter 
[0.752s] -- Override CMake install command with custom implementation using symlinks instead of copying resources
[0.827s] -- Found rosidl_default_generators: 1.2.0 (/opt/ros/humble/share/rosidl_default_generators/cmake)
[0.836s] -- Using all available rosidl_typesupport_c: rosidl_typesupport_fastrtps_c;rosidl_typesupport_introspection_c
[0.850s] -- Found rosidl_adapter: 3.1.7 (/opt/ros/humble/share/rosidl_adapter/cmake)
[0.924s] -- Using all available rosidl_typesupport_cpp: rosidl_typesupport_fastrtps_cpp;rosidl_typesupport_introspection_cpp
[0.977s] -- Found ament_lint_auto: 0.12.14 (/opt/ros/humble/share/ament_lint_auto/cmake)
[1.327s] -- Found ament_cmake_ros: 0.10.0 (/opt/ros/humble/share/ament_cmake_ros/cmake)
[1.610s] -- Using all available rosidl_typesupport_c: rosidl_typesupport_fastrtps_c;rosidl_typesupport_introspection_c
[1.933s] -- Using all available rosidl_typesupport_cpp: rosidl_typesupport_fastrtps_cpp;rosidl_typesupport_introspection_cpp
[1.966s] -- Found PythonInterp: /usr/bin/python3 (found suitable version "3.10.12", minimum required is "3.6") 
[1.969s] -- Found python_cmake_module: 0.10.0 (/opt/ros/humble/share/python_cmake_module/cmake)
[2.005s] -- Found PythonLibs: /usr/lib/x86_64-linux-gnu/libpython3.10.so (found suitable version "3.10.12", minimum required is "3.5") 
[2.005s] -- Using PYTHON_EXECUTABLE: /usr/bin/python3
[2.005s] -- Using PYTHON_INCLUDE_DIRS: /usr/include/python3.10
[2.005s] -- Using PYTHON_LIBRARIES: /usr/lib/x86_64-linux-gnu/libpython3.10.so
[2.035s] -- Found PythonExtra: .so  
[2.084s] -- Added test 'copyright' to check source files copyright and LICENSE
[2.095s] -- Added test 'lint_cmake' to check CMake code style
[2.101s] -- Added test 'xmllint' to check XML markup files
[2.111s] -- Configuring done
[2.153s] -- Generating done
[2.165s] -- Build files have been written to: /home/tejasva/robotdog_ws_copy/build/micro_ros_msgs
[2.175s] Invoked command in '/home/tejasva/robotdog_ws_copy/build/micro_ros_msgs' returned '0': CMAKE_PREFIX_PATH=${CMAKE_PREFIX_PATH}:/home/tejasva/robotdog_ws_copy/install/robotdog_control:/opt/ros/humble /usr/bin/cmake /home/tejasva/robotdog_ws_copy/src/microros_ws/uros/micro_ros_msgs -DAMENT_CMAKE_SYMLINK_INSTALL=1 -DCMAKE_INSTALL_PREFIX=/home/tejasva/robotdog_ws_copy/install/micro_ros_msgs
[2.177s] Invoking command in '/home/tejasva/robotdog_ws_copy/build/micro_ros_msgs': CMAKE_PREFIX_PATH=${CMAKE_PREFIX_PATH}:/home/tejasva/robotdog_ws_copy/install/robotdog_control:/opt/ros/humble /usr/bin/cmake --build /home/tejasva/robotdog_ws_copy/build/micro_ros_msgs -- -j16 -l16
[2.232s] [  2%] [34m[1mGenerating C code for ROS interfaces[0m
[2.246s] [  4%] [34m[1mGenerating C++ code for ROS interfaces[0m
[2.259s] [  4%] Built target ament_cmake_python_symlink_micro_ros_msgs
[2.651s] running egg_info
[2.652s] creating micro_ros_msgs.egg-info
[2.652s] writing micro_ros_msgs.egg-info/PKG-INFO
[2.653s] writing dependency_links to micro_ros_msgs.egg-info/dependency_links.txt
[2.653s] writing top-level names to micro_ros_msgs.egg-info/top_level.txt
[2.653s] writing manifest file 'micro_ros_msgs.egg-info/SOURCES.txt'
[2.656s] reading manifest file 'micro_ros_msgs.egg-info/SOURCES.txt'
[2.657s] writing manifest file 'micro_ros_msgs.egg-info/SOURCES.txt'
[2.718s] [  4%] Built target ament_cmake_python_build_micro_ros_msgs_egg
[2.730s] [  4%] Built target micro_ros_msgs__cpp
[2.750s] [  8%] [34m[1mGenerating C++ type support dispatch for ROS interfaces[0m
[2.750s] [  8%] [34m[1mGenerating C++ type support for eProsima Fast-RTPS[0m
[2.750s] [ 10%] [34m[1mGenerating C++ introspection for ROS interfaces[0m
[2.792s] [ 14%] [32mBuilding C object CMakeFiles/micro_ros_msgs__rosidl_generator_c.dir/rosidl_generator_c/micro_ros_msgs/msg/detail/node__functions.c.o[0m
[2.792s] [ 14%] [32mBuilding C object CMakeFiles/micro_ros_msgs__rosidl_generator_c.dir/rosidl_generator_c/micro_ros_msgs/msg/detail/entity__functions.c.o[0m
[2.792s] [ 17%] [32mBuilding C object CMakeFiles/micro_ros_msgs__rosidl_generator_c.dir/rosidl_generator_c/micro_ros_msgs/msg/detail/graph__functions.c.o[0m
[2.870s] [ 19%] [32m[1mLinking C shared library libmicro_ros_msgs__rosidl_generator_c.so[0m
[2.929s] [ 19%] Built target micro_ros_msgs__rosidl_generator_c
[2.948s] [ 21%] [34m[1mGenerating C type support for eProsima Fast-RTPS[0m
[2.949s] [ 23%] [34m[1mGenerating C introspection for ROS interfaces[0m
[2.952s] [ 25%] [34m[1mGenerating C type support dispatch for ROS interfaces[0m
[3.211s] [ 27%] [32mBuilding CXX object CMakeFiles/micro_ros_msgs__rosidl_typesupport_cpp.dir/rosidl_typesupport_cpp/micro_ros_msgs/msg/graph__type_support.cpp.o[0m
[3.214s] [ 29%] [32mBuilding CXX object CMakeFiles/micro_ros_msgs__rosidl_typesupport_cpp.dir/rosidl_typesupport_cpp/micro_ros_msgs/msg/node__type_support.cpp.o[0m
[3.215s] [ 31%] [32mBuilding CXX object CMakeFiles/micro_ros_msgs__rosidl_typesupport_cpp.dir/rosidl_typesupport_cpp/micro_ros_msgs/msg/entity__type_support.cpp.o[0m
[3.286s] [ 34%] [32mBuilding CXX object CMakeFiles/micro_ros_msgs__rosidl_typesupport_introspection_cpp.dir/rosidl_typesupport_introspection_cpp/micro_ros_msgs/msg/detail/entity__type_support.cpp.o[0m
[3.286s] [ 36%] [32mBuilding CXX object CMakeFiles/micro_ros_msgs__rosidl_typesupport_introspection_cpp.dir/rosidl_typesupport_introspection_cpp/micro_ros_msgs/msg/detail/node__type_support.cpp.o[0m
[3.287s] [ 38%] [32mBuilding CXX object CMakeFiles/micro_ros_msgs__rosidl_typesupport_introspection_cpp.dir/rosidl_typesupport_introspection_cpp/micro_ros_msgs/msg/detail/graph__type_support.cpp.o[0m
[3.297s] [ 40%] [32mBuilding CXX object CMakeFiles/micro_ros_msgs__rosidl_typesupport_fastrtps_cpp.dir/rosidl_typesupport_fastrtps_cpp/micro_ros_msgs/msg/detail/dds_fastrtps/graph__type_support.cpp.o[0m
[3.297s] [ 44%] [32mBuilding CXX object CMakeFiles/micro_ros_msgs__rosidl_typesupport_fastrtps_cpp.dir/rosidl_typesupport_fastrtps_cpp/micro_ros_msgs/msg/detail/dds_fastrtps/node__type_support.cpp.o[0m
[3.297s] [ 44%] [32mBuilding CXX object CMakeFiles/micro_ros_msgs__rosidl_typesupport_fastrtps_cpp.dir/rosidl_typesupport_fastrtps_cpp/micro_ros_msgs/msg/detail/dds_fastrtps/entity__type_support.cpp.o[0m
[3.508s] [ 46%] [32mBuilding CXX object CMakeFiles/micro_ros_msgs__rosidl_typesupport_c.dir/rosidl_typesupport_c/micro_ros_msgs/msg/entity__type_support.cpp.o[0m
[3.508s] [ 48%] [32mBuilding CXX object CMakeFiles/micro_ros_msgs__rosidl_typesupport_c.dir/rosidl_typesupport_c/micro_ros_msgs/msg/graph__type_support.cpp.o[0m
[3.540s] [ 51%] [32mBuilding CXX object CMakeFiles/micro_ros_msgs__rosidl_typesupport_c.dir/rosidl_typesupport_c/micro_ros_msgs/msg/node__type_support.cpp.o[0m
[3.629s] [ 53%] [32m[1mLinking CXX shared library libmicro_ros_msgs__rosidl_typesupport_c.so[0m
[3.717s] [ 55%] [32mBuilding C object CMakeFiles/micro_ros_msgs__rosidl_typesupport_introspection_c.dir/rosidl_typesupport_introspection_c/micro_ros_msgs/msg/detail/graph__type_support.c.o[0m
[3.718s] [ 57%] [32mBuilding C object CMakeFiles/micro_ros_msgs__rosidl_typesupport_introspection_c.dir/rosidl_typesupport_introspection_c/micro_ros_msgs/msg/detail/node__type_support.c.o[0m
[3.728s] [ 59%] [32mBuilding CXX object CMakeFiles/micro_ros_msgs__rosidl_typesupport_fastrtps_c.dir/rosidl_typesupport_fastrtps_c/micro_ros_msgs/msg/detail/graph__type_support_c.cpp.o[0m
[3.730s] [ 61%] [32mBuilding CXX object CMakeFiles/micro_ros_msgs__rosidl_typesupport_fastrtps_c.dir/rosidl_typesupport_fastrtps_c/micro_ros_msgs/msg/detail/node__type_support_c.cpp.o[0m
[3.731s] [ 63%] [32mBuilding C object CMakeFiles/micro_ros_msgs__rosidl_typesupport_introspection_c.dir/rosidl_typesupport_introspection_c/micro_ros_msgs/msg/detail/entity__type_support.c.o[0m
[3.738s] [ 65%] [32mBuilding CXX object CMakeFiles/micro_ros_msgs__rosidl_typesupport_fastrtps_c.dir/rosidl_typesupport_fastrtps_c/micro_ros_msgs/msg/detail/entity__type_support_c.cpp.o[0m
[3.763s] [ 65%] Built target micro_ros_msgs__rosidl_typesupport_c
[3.879s] [ 68%] [32m[1mLinking CXX shared library libmicro_ros_msgs__rosidl_typesupport_cpp.so[0m
[3.909s] [ 70%] [32m[1mLinking C shared library libmicro_ros_msgs__rosidl_typesupport_introspection_c.so[0m
[3.995s] [ 70%] Built target micro_ros_msgs__rosidl_typesupport_cpp
[4.001s] [ 70%] Built target micro_ros_msgs__rosidl_typesupport_introspection_c
[4.295s] [ 72%] [32m[1mLinking CXX shared library libmicro_ros_msgs__rosidl_typesupport_fastrtps_cpp.so[0m
[4.344s] [ 74%] [32m[1mLinking CXX shared library libmicro_ros_msgs__rosidl_typesupport_introspection_cpp.so[0m
[4.400s] [ 76%] [32m[1mLinking CXX shared library libmicro_ros_msgs__rosidl_typesupport_fastrtps_c.so[0m
[4.429s] [ 76%] Built target micro_ros_msgs__rosidl_typesupport_fastrtps_cpp
[4.479s] [ 76%] Built target micro_ros_msgs__rosidl_typesupport_introspection_cpp
[4.505s] [ 76%] Built target micro_ros_msgs__rosidl_typesupport_fastrtps_c
[4.529s] [ 76%] Built target micro_ros_msgs
[4.553s] [ 78%] [34m[1mGenerating Python code for ROS interfaces[0m
[5.044s] [ 78%] Built target micro_ros_msgs__py
[5.072s] [ 85%] [32mBuilding C object CMakeFiles/micro_ros_msgs__rosidl_generator_py.dir/rosidl_generator_py/micro_ros_msgs/msg/_entity_s.c.o[0m
[5.072s] [ 85%] [32mBuilding C object CMakeFiles/micro_ros_msgs__rosidl_generator_py.dir/rosidl_generator_py/micro_ros_msgs/msg/_graph_s.c.o[0m
[5.072s] [ 85%] [32mBuilding C object CMakeFiles/micro_ros_msgs__rosidl_generator_py.dir/rosidl_generator_py/micro_ros_msgs/msg/_node_s.c.o[0m
[5.191s] [ 87%] [32m[1mLinking C shared library rosidl_generator_py/micro_ros_msgs/libmicro_ros_msgs__rosidl_generator_py.so[0m
[5.229s] [ 87%] Built target micro_ros_msgs__rosidl_generator_py
[5.253s] [ 93%] [32mBuilding C object CMakeFiles/micro_ros_msgs__rosidl_typesupport_fastrtps_c__pyext.dir/rosidl_generator_py/micro_ros_msgs/_micro_ros_msgs_s.ep.rosidl_typesupport_fastrtps_c.c.o[0m
[5.253s] [ 93%] [32mBuilding C object CMakeFiles/micro_ros_msgs__rosidl_typesupport_introspection_c__pyext.dir/rosidl_generator_py/micro_ros_msgs/_micro_ros_msgs_s.ep.rosidl_typesupport_introspection_c.c.o[0m
[5.253s] [ 93%] [32mBuilding C object CMakeFiles/micro_ros_msgs__rosidl_typesupport_c__pyext.dir/rosidl_generator_py/micro_ros_msgs/_micro_ros_msgs_s.ep.rosidl_typesupport_c.c.o[0m
[5.348s] [ 95%] [32m[1mLinking C shared library rosidl_generator_py/micro_ros_msgs/micro_ros_msgs_s__rosidl_typesupport_c.cpython-310-x86_64-linux-gnu.so[0m
[5.348s] [ 97%] [32m[1mLinking C shared library rosidl_generator_py/micro_ros_msgs/micro_ros_msgs_s__rosidl_typesupport_introspection_c.cpython-310-x86_64-linux-gnu.so[0m
[5.354s] [100%] [32m[1mLinking C shared library rosidl_generator_py/micro_ros_msgs/micro_ros_msgs_s__rosidl_typesupport_fastrtps_c.cpython-310-x86_64-linux-gnu.so[0m
[5.386s] [100%] Built target micro_ros_msgs__rosidl_typesupport_c__pyext
[5.386s] [100%] Built target micro_ros_msgs__rosidl_typesupport_introspection_c__pyext
[5.392s] [100%] Built target micro_ros_msgs__rosidl_typesupport_fastrtps_c__pyext
[5.404s] Invoked command in '/home/tejasva/robotdog_ws_copy/build/micro_ros_msgs' returned '0': CMAKE_PREFIX_PATH=${CMAKE_PREFIX_PATH}:/home/tejasva/robotdog_ws_copy/install/robotdog_control:/opt/ros/humble /usr/bin/cmake --build /home/tejasva/robotdog_ws_copy/build/micro_ros_msgs -- -j16 -l16
[5.405s] Invoking command in '/home/tejasva/robotdog_ws_copy/build/micro_ros_msgs': CMAKE_PREFIX_PATH=${CMAKE_PREFIX_PATH}:/home/tejasva/robotdog_ws_copy/install/robotdog_control:/opt/ros/humble /usr/bin/cmake --install /home/tejasva/robotdog_ws_copy/build/micro_ros_msgs
[5.412s] -- Install configuration: ""
[5.413s] -- Execute custom install script
[5.413s] -- Symlinking: /home/tejasva/robotdog_ws_copy/install/micro_ros_msgs/share/ament_index/resource_index/rosidl_interfaces/micro_ros_msgs
[5.422s] -- Symlinking: /home/tejasva/robotdog_ws_copy/install/micro_ros_msgs/include/micro_ros_msgs/micro_ros_msgs/msg/detail/entity__functions.h
[5.430s] -- Symlinking: /home/tejasva/robotdog_ws_copy/install/micro_ros_msgs/include/micro_ros_msgs/micro_ros_msgs/msg/detail/entity__struct.h
[5.439s] -- Symlinking: /home/tejasva/robotdog_ws_copy/install/micro_ros_msgs/include/micro_ros_msgs/micro_ros_msgs/msg/detail/entity__type_support.h
[5.447s] -- Symlinking: /home/tejasva/robotdog_ws_copy/install/micro_ros_msgs/include/micro_ros_msgs/micro_ros_msgs/msg/detail/graph__functions.h
[5.456s] -- Symlinking: /home/tejasva/robotdog_ws_copy/install/micro_ros_msgs/include/micro_ros_msgs/micro_ros_msgs/msg/detail/graph__struct.h
[5.466s] -- Symlinking: /home/tejasva/robotdog_ws_copy/install/micro_ros_msgs/include/micro_ros_msgs/micro_ros_msgs/msg/detail/graph__type_support.h
[5.474s] -- Symlinking: /home/tejasva/robotdog_ws_copy/install/micro_ros_msgs/include/micro_ros_msgs/micro_ros_msgs/msg/detail/node__functions.h
[5.482s] -- Symlinking: /home/tejasva/robotdog_ws_copy/install/micro_ros_msgs/include/micro_ros_msgs/micro_ros_msgs/msg/detail/node__struct.h
[5.490s] -- Symlinking: /home/tejasva/robotdog_ws_copy/install/micro_ros_msgs/include/micro_ros_msgs/micro_ros_msgs/msg/detail/node__type_support.h
[5.498s] -- Symlinking: /home/tejasva/robotdog_ws_copy/install/micro_ros_msgs/include/micro_ros_msgs/micro_ros_msgs/msg/entity.h
[5.506s] -- Symlinking: /home/tejasva/robotdog_ws_copy/install/micro_ros_msgs/include/micro_ros_msgs/micro_ros_msgs/msg/graph.h
[5.515s] -- Symlinking: /home/tejasva/robotdog_ws_copy/install/micro_ros_msgs/include/micro_ros_msgs/micro_ros_msgs/msg/node.h
[5.523s] -- Symlinking: /home/tejasva/robotdog_ws_copy/install/micro_ros_msgs/include/micro_ros_msgs/micro_ros_msgs/msg/rosidl_generator_c__visibility_control.h
[5.531s] -- Symlinking: /home/tejasva/robotdog_ws_copy/install/micro_ros_msgs/share/micro_ros_msgs/environment/library_path.sh
[5.540s] -- Symlinking: /home/tejasva/robotdog_ws_copy/install/micro_ros_msgs/share/micro_ros_msgs/environment/library_path.dsv
[5.548s] -- Symlinking: /home/tejasva/robotdog_ws_copy/install/micro_ros_msgs/include/micro_ros_msgs/micro_ros_msgs/msg/detail/entity__rosidl_typesupport_fastrtps_c.h
[5.557s] -- Symlinking: /home/tejasva/robotdog_ws_copy/install/micro_ros_msgs/include/micro_ros_msgs/micro_ros_msgs/msg/detail/graph__rosidl_typesupport_fastrtps_c.h
[5.565s] -- Symlinking: /home/tejasva/robotdog_ws_copy/install/micro_ros_msgs/include/micro_ros_msgs/micro_ros_msgs/msg/detail/node__rosidl_typesupport_fastrtps_c.h
[5.574s] -- Symlinking: /home/tejasva/robotdog_ws_copy/install/micro_ros_msgs/include/micro_ros_msgs/micro_ros_msgs/msg/rosidl_typesupport_fastrtps_c__visibility_control.h
[5.582s] -- Symlinking: /home/tejasva/robotdog_ws_copy/install/micro_ros_msgs/include/micro_ros_msgs/micro_ros_msgs/msg/detail/entity__rosidl_typesupport_introspection_c.h
[5.591s] -- Symlinking: /home/tejasva/robotdog_ws_copy/install/micro_ros_msgs/include/micro_ros_msgs/micro_ros_msgs/msg/detail/graph__rosidl_typesupport_introspection_c.h
[5.600s] -- Symlinking: /home/tejasva/robotdog_ws_copy/install/micro_ros_msgs/include/micro_ros_msgs/micro_ros_msgs/msg/detail/node__rosidl_typesupport_introspection_c.h
[5.609s] -- Symlinking: /home/tejasva/robotdog_ws_copy/install/micro_ros_msgs/include/micro_ros_msgs/micro_ros_msgs/msg/rosidl_typesupport_introspection_c__visibility_control.h
[5.618s] -- Symlinking: /home/tejasva/robotdog_ws_copy/install/micro_ros_msgs/include/micro_ros_msgs/micro_ros_msgs/msg/detail/entity__builder.hpp
[5.627s] -- Symlinking: /home/tejasva/robotdog_ws_copy/install/micro_ros_msgs/include/micro_ros_msgs/micro_ros_msgs/msg/detail/entity__struct.hpp
[5.636s] -- Symlinking: /home/tejasva/robotdog_ws_copy/install/micro_ros_msgs/include/micro_ros_msgs/micro_ros_msgs/msg/detail/entity__traits.hpp
[5.644s] -- Symlinking: /home/tejasva/robotdog_ws_copy/install/micro_ros_msgs/include/micro_ros_msgs/micro_ros_msgs/msg/detail/entity__type_support.hpp
[5.653s] -- Symlinking: /home/tejasva/robotdog_ws_copy/install/micro_ros_msgs/include/micro_ros_msgs/micro_ros_msgs/msg/detail/graph__builder.hpp
[5.662s] -- Symlinking: /home/tejasva/robotdog_ws_copy/install/micro_ros_msgs/include/micro_ros_msgs/micro_ros_msgs/msg/detail/graph__struct.hpp
[5.671s] -- Symlinking: /home/tejasva/robotdog_ws_copy/install/micro_ros_msgs/include/micro_ros_msgs/micro_ros_msgs/msg/detail/graph__traits.hpp
[5.681s] -- Symlinking: /home/tejasva/robotdog_ws_copy/install/micro_ros_msgs/include/micro_ros_msgs/micro_ros_msgs/msg/detail/graph__type_support.hpp
[5.690s] -- Symlinking: /home/tejasva/robotdog_ws_copy/install/micro_ros_msgs/include/micro_ros_msgs/micro_ros_msgs/msg/detail/node__builder.hpp
[5.698s] -- Symlinking: /home/tejasva/robotdog_ws_copy/install/micro_ros_msgs/include/micro_ros_msgs/micro_ros_msgs/msg/detail/node__struct.hpp
[5.706s] -- Symlinking: /home/tejasva/robotdog_ws_copy/install/micro_ros_msgs/include/micro_ros_msgs/micro_ros_msgs/msg/detail/node__traits.hpp
[5.715s] -- Symlinking: /home/tejasva/robotdog_ws_copy/install/micro_ros_msgs/include/micro_ros_msgs/micro_ros_msgs/msg/detail/node__type_support.hpp
[5.722s] -- Symlinking: /home/tejasva/robotdog_ws_copy/install/micro_ros_msgs/include/micro_ros_msgs/micro_ros_msgs/msg/entity.hpp
[5.730s] -- Symlinking: /home/tejasva/robotdog_ws_copy/install/micro_ros_msgs/include/micro_ros_msgs/micro_ros_msgs/msg/graph.hpp
[5.739s] -- Symlinking: /home/tejasva/robotdog_ws_copy/install/micro_ros_msgs/include/micro_ros_msgs/micro_ros_msgs/msg/node.hpp
[5.747s] -- Symlinking: /home/tejasva/robotdog_ws_copy/install/micro_ros_msgs/include/micro_ros_msgs/micro_ros_msgs/msg/rosidl_generator_cpp__visibility_control.hpp
[5.755s] -- Symlinking: /home/tejasva/robotdog_ws_copy/install/micro_ros_msgs/include/micro_ros_msgs/micro_ros_msgs/msg/detail/entity__rosidl_typesupport_fastrtps_cpp.hpp
[5.764s] -- Symlinking: /home/tejasva/robotdog_ws_copy/install/micro_ros_msgs/include/micro_ros_msgs/micro_ros_msgs/msg/detail/graph__rosidl_typesupport_fastrtps_cpp.hpp
[5.772s] -- Symlinking: /home/tejasva/robotdog_ws_copy/install/micro_ros_msgs/include/micro_ros_msgs/micro_ros_msgs/msg/detail/node__rosidl_typesupport_fastrtps_cpp.hpp
[5.780s] -- Symlinking: /home/tejasva/robotdog_ws_copy/install/micro_ros_msgs/include/micro_ros_msgs/micro_ros_msgs/msg/rosidl_typesupport_fastrtps_cpp__visibility_control.h
[5.789s] -- Symlinking: /home/tejasva/robotdog_ws_copy/install/micro_ros_msgs/include/micro_ros_msgs/micro_ros_msgs/msg/detail/entity__rosidl_typesupport_introspection_cpp.hpp
[5.797s] -- Symlinking: /home/tejasva/robotdog_ws_copy/install/micro_ros_msgs/include/micro_ros_msgs/micro_ros_msgs/msg/detail/graph__rosidl_typesupport_introspection_cpp.hpp
[5.806s] -- Symlinking: /home/tejasva/robotdog_ws_copy/install/micro_ros_msgs/include/micro_ros_msgs/micro_ros_msgs/msg/detail/node__rosidl_typesupport_introspection_cpp.hpp
[5.815s] -- Symlinking: /home/tejasva/robotdog_ws_copy/install/micro_ros_msgs/share/micro_ros_msgs/environment/pythonpath.sh
[5.823s] -- Symlinking: /home/tejasva/robotdog_ws_copy/install/micro_ros_msgs/share/micro_ros_msgs/environment/pythonpath.dsv
[5.832s] -- Symlinking: /home/tejasva/robotdog_ws_copy/install/micro_ros_msgs/local/lib/python3.10/dist-packages/micro_ros_msgs-3.0.1-py3.10.egg-info/PKG-INFO
[5.840s] -- Symlinking: /home/tejasva/robotdog_ws_copy/install/micro_ros_msgs/local/lib/python3.10/dist-packages/micro_ros_msgs-3.0.1-py3.10.egg-info/SOURCES.txt
[5.848s] -- Symlinking: /home/tejasva/robotdog_ws_copy/install/micro_ros_msgs/local/lib/python3.10/dist-packages/micro_ros_msgs-3.0.1-py3.10.egg-info/dependency_links.txt
[5.857s] -- Symlinking: /home/tejasva/robotdog_ws_copy/install/micro_ros_msgs/local/lib/python3.10/dist-packages/micro_ros_msgs-3.0.1-py3.10.egg-info/top_level.txt
[5.867s] -- Symlinking: /home/tejasva/robotdog_ws_copy/install/micro_ros_msgs/local/lib/python3.10/dist-packages/micro_ros_msgs/__init__.py
[5.876s] -- Symlinking: /home/tejasva/robotdog_ws_copy/install/micro_ros_msgs/local/lib/python3.10/dist-packages/micro_ros_msgs/_micro_ros_msgs_s.ep.rosidl_typesupport_c.c
[5.885s] -- Symlinking: /home/tejasva/robotdog_ws_copy/install/micro_ros_msgs/local/lib/python3.10/dist-packages/micro_ros_msgs/_micro_ros_msgs_s.ep.rosidl_typesupport_fastrtps_c.c
[5.894s] -- Symlinking: /home/tejasva/robotdog_ws_copy/install/micro_ros_msgs/local/lib/python3.10/dist-packages/micro_ros_msgs/_micro_ros_msgs_s.ep.rosidl_typesupport_introspection_c.c
[5.903s] -- Symlinking: /home/tejasva/robotdog_ws_copy/install/micro_ros_msgs/local/lib/python3.10/dist-packages/micro_ros_msgs/libmicro_ros_msgs__rosidl_generator_py.so
[5.912s] -- Symlinking: /home/tejasva/robotdog_ws_copy/install/micro_ros_msgs/local/lib/python3.10/dist-packages/micro_ros_msgs/micro_ros_msgs_s__rosidl_typesupport_c.cpython-310-x86_64-linux-gnu.so
[5.921s] -- Symlinking: /home/tejasva/robotdog_ws_copy/install/micro_ros_msgs/local/lib/python3.10/dist-packages/micro_ros_msgs/micro_ros_msgs_s__rosidl_typesupport_fastrtps_c.cpython-310-x86_64-linux-gnu.so
[5.930s] -- Symlinking: /home/tejasva/robotdog_ws_copy/install/micro_ros_msgs/local/lib/python3.10/dist-packages/micro_ros_msgs/micro_ros_msgs_s__rosidl_typesupport_introspection_c.cpython-310-x86_64-linux-gnu.so
[5.938s] -- Symlinking: /home/tejasva/robotdog_ws_copy/install/micro_ros_msgs/local/lib/python3.10/dist-packages/micro_ros_msgs/msg/__init__.py
[5.947s] -- Symlinking: /home/tejasva/robotdog_ws_copy/install/micro_ros_msgs/local/lib/python3.10/dist-packages/micro_ros_msgs/msg/_entity.py
[5.956s] -- Symlinking: /home/tejasva/robotdog_ws_copy/install/micro_ros_msgs/local/lib/python3.10/dist-packages/micro_ros_msgs/msg/_entity_s.c
[5.965s] -- Symlinking: /home/tejasva/robotdog_ws_copy/install/micro_ros_msgs/local/lib/python3.10/dist-packages/micro_ros_msgs/msg/_graph.py
[5.973s] -- Symlinking: /home/tejasva/robotdog_ws_copy/install/micro_ros_msgs/local/lib/python3.10/dist-packages/micro_ros_msgs/msg/_graph_s.c
[5.981s] -- Symlinking: /home/tejasva/robotdog_ws_copy/install/micro_ros_msgs/local/lib/python3.10/dist-packages/micro_ros_msgs/msg/_node.py
[5.989s] -- Symlinking: /home/tejasva/robotdog_ws_copy/install/micro_ros_msgs/local/lib/python3.10/dist-packages/micro_ros_msgs/msg/_node_s.c
[5.997s] -- Up-to-date symlink: /home/tejasva/robotdog_ws_copy/install/micro_ros_msgs/local/lib/python3.10/dist-packages/micro_ros_msgs/micro_ros_msgs_s__rosidl_typesupport_fastrtps_c.cpython-310-x86_64-linux-gnu.so
[5.997s] -- Up-to-date symlink: /home/tejasva/robotdog_ws_copy/install/micro_ros_msgs/local/lib/python3.10/dist-packages/micro_ros_msgs/micro_ros_msgs_s__rosidl_typesupport_introspection_c.cpython-310-x86_64-linux-gnu.so
[5.998s] -- Up-to-date symlink: /home/tejasva/robotdog_ws_copy/install/micro_ros_msgs/local/lib/python3.10/dist-packages/micro_ros_msgs/micro_ros_msgs_s__rosidl_typesupport_c.cpython-310-x86_64-linux-gnu.so
[5.998s] -- Symlinking: /home/tejasva/robotdog_ws_copy/install/micro_ros_msgs/share/micro_ros_msgs/msg/Graph.idl
[6.006s] -- Symlinking: /home/tejasva/robotdog_ws_copy/install/micro_ros_msgs/share/micro_ros_msgs/msg/Node.idl
[6.014s] -- Symlinking: /home/tejasva/robotdog_ws_copy/install/micro_ros_msgs/share/micro_ros_msgs/msg/Entity.idl
[6.022s] -- Symlinking: /home/tejasva/robotdog_ws_copy/install/micro_ros_msgs/share/micro_ros_msgs/msg/Graph.msg
[6.030s] -- Symlinking: /home/tejasva/robotdog_ws_copy/install/micro_ros_msgs/share/micro_ros_msgs/msg/Node.msg
[6.038s] -- Symlinking: /home/tejasva/robotdog_ws_copy/install/micro_ros_msgs/share/micro_ros_msgs/msg/Entity.msg
[6.047s] -- Symlinking: /home/tejasva/robotdog_ws_copy/install/micro_ros_msgs/share/ament_index/resource_index/package_run_dependencies/micro_ros_msgs
[6.056s] -- Symlinking: /home/tejasva/robotdog_ws_copy/install/micro_ros_msgs/share/ament_index/resource_index/parent_prefix_path/micro_ros_msgs
[6.064s] -- Symlinking: /home/tejasva/robotdog_ws_copy/install/micro_ros_msgs/share/micro_ros_msgs/environment/ament_prefix_path.sh
[6.073s] -- Symlinking: /home/tejasva/robotdog_ws_copy/install/micro_ros_msgs/share/micro_ros_msgs/environment/ament_prefix_path.dsv
[6.082s] -- Symlinking: /home/tejasva/robotdog_ws_copy/install/micro_ros_msgs/share/micro_ros_msgs/environment/path.sh
[6.090s] -- Symlinking: /home/tejasva/robotdog_ws_copy/install/micro_ros_msgs/share/micro_ros_msgs/environment/path.dsv
[6.099s] -- Symlinking: /home/tejasva/robotdog_ws_copy/install/micro_ros_msgs/share/micro_ros_msgs/local_setup.bash
[6.108s] -- Symlinking: /home/tejasva/robotdog_ws_copy/install/micro_ros_msgs/share/micro_ros_msgs/local_setup.sh
[6.116s] -- Symlinking: /home/tejasva/robotdog_ws_copy/install/micro_ros_msgs/share/micro_ros_msgs/local_setup.zsh
[6.124s] -- Symlinking: /home/tejasva/robotdog_ws_copy/install/micro_ros_msgs/share/micro_ros_msgs/local_setup.dsv
[6.133s] -- Symlinking: /home/tejasva/robotdog_ws_copy/install/micro_ros_msgs/share/micro_ros_msgs/package.dsv
[6.141s] -- Symlinking: /home/tejasva/robotdog_ws_copy/install/micro_ros_msgs/share/ament_index/resource_index/packages/micro_ros_msgs
[6.150s] -- Symlinking: /home/tejasva/robotdog_ws_copy/install/micro_ros_msgs/share/micro_ros_msgs/cmake/rosidl_cmake-extras.cmake
[6.158s] -- Symlinking: /home/tejasva/robotdog_ws_copy/install/micro_ros_msgs/share/micro_ros_msgs/cmake/ament_cmake_export_include_directories-extras.cmake
[6.166s] -- Symlinking: /home/tejasva/robotdog_ws_copy/install/micro_ros_msgs/share/micro_ros_msgs/cmake/ament_cmake_export_libraries-extras.cmake
[6.175s] -- Symlinking: /home/tejasva/robotdog_ws_copy/install/micro_ros_msgs/share/micro_ros_msgs/cmake/ament_cmake_export_targets-extras.cmake
[6.184s] -- Symlinking: /home/tejasva/robotdog_ws_copy/install/micro_ros_msgs/share/micro_ros_msgs/cmake/rosidl_cmake_export_typesupport_targets-extras.cmake
[6.192s] -- Symlinking: /home/tejasva/robotdog_ws_copy/install/micro_ros_msgs/share/micro_ros_msgs/cmake/ament_cmake_export_dependencies-extras.cmake
[6.201s] -- Symlinking: /home/tejasva/robotdog_ws_copy/install/micro_ros_msgs/share/micro_ros_msgs/cmake/rosidl_cmake_export_typesupport_libraries-extras.cmake
[6.209s] -- Symlinking: /home/tejasva/robotdog_ws_copy/install/micro_ros_msgs/share/micro_ros_msgs/cmake/micro_ros_msgsConfig.cmake
[6.218s] -- Symlinking: /home/tejasva/robotdog_ws_copy/install/micro_ros_msgs/share/micro_ros_msgs/cmake/micro_ros_msgsConfig-version.cmake
[6.226s] -- Symlinking: /home/tejasva/robotdog_ws_copy/install/micro_ros_msgs/share/micro_ros_msgs/package.xml
[6.235s] -- Installing: /home/tejasva/robotdog_ws_copy/install/micro_ros_msgs/lib/libmicro_ros_msgs__rosidl_generator_c.so
[6.235s] -- Set runtime path of "/home/tejasva/robotdog_ws_copy/install/micro_ros_msgs/lib/libmicro_ros_msgs__rosidl_generator_c.so" to ""
[6.235s] -- Installing: /home/tejasva/robotdog_ws_copy/install/micro_ros_msgs/lib/libmicro_ros_msgs__rosidl_typesupport_fastrtps_c.so
[6.236s] -- Set runtime path of "/home/tejasva/robotdog_ws_copy/install/micro_ros_msgs/lib/libmicro_ros_msgs__rosidl_typesupport_fastrtps_c.so" to ""
[6.236s] -- Installing: /home/tejasva/robotdog_ws_copy/install/micro_ros_msgs/lib/libmicro_ros_msgs__rosidl_typesupport_introspection_c.so
[6.236s] -- Set runtime path of "/home/tejasva/robotdog_ws_copy/install/micro_ros_msgs/lib/libmicro_ros_msgs__rosidl_typesupport_introspection_c.so" to ""
[6.236s] -- Installing: /home/tejasva/robotdog_ws_copy/install/micro_ros_msgs/lib/libmicro_ros_msgs__rosidl_typesupport_c.so
[6.237s] -- Set runtime path of "/home/tejasva/robotdog_ws_copy/install/micro_ros_msgs/lib/libmicro_ros_msgs__rosidl_typesupport_c.so" to ""
[6.237s] -- Installing: /home/tejasva/robotdog_ws_copy/install/micro_ros_msgs/lib/libmicro_ros_msgs__rosidl_typesupport_fastrtps_cpp.so
[6.237s] -- Set runtime path of "/home/tejasva/robotdog_ws_copy/install/micro_ros_msgs/lib/libmicro_ros_msgs__rosidl_typesupport_fastrtps_cpp.so" to ""
[6.237s] -- Installing: /home/tejasva/robotdog_ws_copy/install/micro_ros_msgs/lib/libmicro_ros_msgs__rosidl_typesupport_introspection_cpp.so
[6.238s] -- Set runtime path of "/home/tejasva/robotdog_ws_copy/install/micro_ros_msgs/lib/libmicro_ros_msgs__rosidl_typesupport_introspection_cpp.so" to ""
[6.238s] -- Installing: /home/tejasva/robotdog_ws_copy/install/micro_ros_msgs/lib/libmicro_ros_msgs__rosidl_typesupport_cpp.so
[6.238s] -- Set runtime path of "/home/tejasva/robotdog_ws_copy/install/micro_ros_msgs/lib/libmicro_ros_msgs__rosidl_typesupport_cpp.so" to ""
[6.271s] Listing '/home/tejasva/robotdog_ws_copy/install/micro_ros_msgs/local/lib/python3.10/dist-packages/micro_ros_msgs'...
[6.271s] Compiling '/home/tejasva/robotdog_ws_copy/install/micro_ros_msgs/local/lib/python3.10/dist-packages/micro_ros_msgs/__init__.py'...
[6.271s] Listing '/home/tejasva/robotdog_ws_copy/install/micro_ros_msgs/local/lib/python3.10/dist-packages/micro_ros_msgs/msg'...
[6.271s] Compiling '/home/tejasva/robotdog_ws_copy/install/micro_ros_msgs/local/lib/python3.10/dist-packages/micro_ros_msgs/msg/__init__.py'...
[6.271s] Compiling '/home/tejasva/robotdog_ws_copy/install/micro_ros_msgs/local/lib/python3.10/dist-packages/micro_ros_msgs/msg/_entity.py'...
[6.271s] Compiling '/home/tejasva/robotdog_ws_copy/install/micro_ros_msgs/local/lib/python3.10/dist-packages/micro_ros_msgs/msg/_graph.py'...
[6.272s] Compiling '/home/tejasva/robotdog_ws_copy/install/micro_ros_msgs/local/lib/python3.10/dist-packages/micro_ros_msgs/msg/_node.py'...
[6.275s] -- Installing: /home/tejasva/robotdog_ws_copy/install/micro_ros_msgs/lib/libmicro_ros_msgs__rosidl_generator_py.so
[6.276s] -- Set runtime path of "/home/tejasva/robotdog_ws_copy/install/micro_ros_msgs/lib/libmicro_ros_msgs__rosidl_generator_py.so" to ""
[6.276s] -- Installing: /home/tejasva/robotdog_ws_copy/install/micro_ros_msgs/share/micro_ros_msgs/cmake/export_micro_ros_msgs__rosidl_generator_cExport.cmake
[6.276s] -- Installing: /home/tejasva/robotdog_ws_copy/install/micro_ros_msgs/share/micro_ros_msgs/cmake/export_micro_ros_msgs__rosidl_generator_cExport-noconfig.cmake
[6.276s] -- Installing: /home/tejasva/robotdog_ws_copy/install/micro_ros_msgs/share/micro_ros_msgs/cmake/export_micro_ros_msgs__rosidl_typesupport_fastrtps_cExport.cmake
[6.276s] -- Installing: /home/tejasva/robotdog_ws_copy/install/micro_ros_msgs/share/micro_ros_msgs/cmake/export_micro_ros_msgs__rosidl_typesupport_fastrtps_cExport-noconfig.cmake
[6.277s] -- Installing: /home/tejasva/robotdog_ws_copy/install/micro_ros_msgs/share/micro_ros_msgs/cmake/micro_ros_msgs__rosidl_typesupport_introspection_cExport.cmake
[6.277s] -- Installing: /home/tejasva/robotdog_ws_copy/install/micro_ros_msgs/share/micro_ros_msgs/cmake/micro_ros_msgs__rosidl_typesupport_introspection_cExport-noconfig.cmake
[6.277s] -- Installing: /home/tejasva/robotdog_ws_copy/install/micro_ros_msgs/share/micro_ros_msgs/cmake/micro_ros_msgs__rosidl_typesupport_cExport.cmake
[6.277s] -- Installing: /home/tejasva/robotdog_ws_copy/install/micro_ros_msgs/share/micro_ros_msgs/cmake/micro_ros_msgs__rosidl_typesupport_cExport-noconfig.cmake
[6.277s] -- Installing: /home/tejasva/robotdog_ws_copy/install/micro_ros_msgs/share/micro_ros_msgs/cmake/export_micro_ros_msgs__rosidl_generator_cppExport.cmake
[6.278s] -- Installing: /home/tejasva/robotdog_ws_copy/install/micro_ros_msgs/share/micro_ros_msgs/cmake/export_micro_ros_msgs__rosidl_typesupport_fastrtps_cppExport.cmake
[6.278s] -- Installing: /home/tejasva/robotdog_ws_copy/install/micro_ros_msgs/share/micro_ros_msgs/cmake/export_micro_ros_msgs__rosidl_typesupport_fastrtps_cppExport-noconfig.cmake
[6.278s] -- Installing: /home/tejasva/robotdog_ws_copy/install/micro_ros_msgs/share/micro_ros_msgs/cmake/micro_ros_msgs__rosidl_typesupport_introspection_cppExport.cmake
[6.278s] -- Installing: /home/tejasva/robotdog_ws_copy/install/micro_ros_msgs/share/micro_ros_msgs/cmake/micro_ros_msgs__rosidl_typesupport_introspection_cppExport-noconfig.cmake
[6.278s] -- Installing: /home/tejasva/robotdog_ws_copy/install/micro_ros_msgs/share/micro_ros_msgs/cmake/micro_ros_msgs__rosidl_typesupport_cppExport.cmake
[6.278s] -- Installing: /home/tejasva/robotdog_ws_copy/install/micro_ros_msgs/share/micro_ros_msgs/cmake/micro_ros_msgs__rosidl_typesupport_cppExport-noconfig.cmake
[6.279s] -- Installing: /home/tejasva/robotdog_ws_copy/install/micro_ros_msgs/share/micro_ros_msgs/cmake/export_micro_ros_msgs__rosidl_generator_pyExport.cmake
[6.279s] -- Installing: /home/tejasva/robotdog_ws_copy/install/micro_ros_msgs/share/micro_ros_msgs/cmake/export_micro_ros_msgs__rosidl_generator_pyExport-noconfig.cmake
[6.282s] Invoked command in '/home/tejasva/robotdog_ws_copy/build/micro_ros_msgs' returned '0': CMAKE_PREFIX_PATH=${CMAKE_PREFIX_PATH}:/home/tejasva/robotdog_ws_copy/install/robotdog_control:/opt/ros/humble /usr/bin/cmake --install /home/tejasva/robotdog_ws_copy/build/micro_ros_msgs
