[0.631s] Invoking command in '/home/tejasva/robotdog_ws_copy/build/robotdog_control': PYTHONPATH=/home/tejasva/robotdog_ws_copy/build/robotdog_control/prefix_override:/usr/lib/python3/dist-packages/colcon_core/task/python/colcon_distutils_commands:/home/tejasva/robotdog_ws_copy/install/robotdog_control/lib/python3.10/site-packages:${PYTHONPATH} /usr/bin/python3 -W ignore:setup.py install is deprecated -W ignore:easy_install command is deprecated setup.py develop --editable --build-directory /home/tejasva/robotdog_ws_copy/build/robotdog_control/build --no-deps symlink_data
[0.894s] running develop
[1.087s] running egg_info
[1.087s] creating robotdog_control.egg-info
[1.088s] writing robotdog_control.egg-info/PKG-INFO
[1.088s] writing dependency_links to robotdog_control.egg-info/dependency_links.txt
[1.088s] writing entry points to robotdog_control.egg-info/entry_points.txt
[1.088s] writing requirements to robotdog_control.egg-info/requires.txt
[1.088s] writing top-level names to robotdog_control.egg-info/top_level.txt
[1.088s] writing manifest file 'robotdog_control.egg-info/SOURCES.txt'
[1.091s] reading manifest file 'robotdog_control.egg-info/SOURCES.txt'
[1.091s] writing manifest file 'robotdog_control.egg-info/SOURCES.txt'
[1.092s] running build_ext
[1.093s] Creating /home/tejasva/robotdog_ws_copy/install/robotdog_control/lib/python3.10/site-packages/robotdog-control.egg-link (link to .)
[1.093s] Installing IK_node script to /home/tejasva/robotdog_ws_copy/install/robotdog_control/lib/robotdog_control
[1.094s] Installing cmd_manager_node script to /home/tejasva/robotdog_ws_copy/install/robotdog_control/lib/robotdog_control
[1.094s] 
[1.094s] Installed /home/tejasva/robotdog_ws_copy/build/robotdog_control
[1.094s] running symlink_data
[1.094s] creating /home/tejasva/robotdog_ws_copy/install/robotdog_control/share/ament_index
[1.094s] creating /home/tejasva/robotdog_ws_copy/install/robotdog_control/share/ament_index/resource_index
[1.094s] creating /home/tejasva/robotdog_ws_copy/install/robotdog_control/share/ament_index/resource_index/packages
[1.094s] symbolically linking /home/tejasva/robotdog_ws_copy/build/robotdog_control/resource/robotdog_control -> /home/tejasva/robotdog_ws_copy/install/robotdog_control/share/ament_index/resource_index/packages
[1.094s] symbolically linking /home/tejasva/robotdog_ws_copy/build/robotdog_control/package.xml -> /home/tejasva/robotdog_ws_copy/install/robotdog_control/share/robotdog_control
[1.133s] Invoked command in '/home/tejasva/robotdog_ws_copy/build/robotdog_control' returned '0': PYTHONPATH=/home/tejasva/robotdog_ws_copy/build/robotdog_control/prefix_override:/usr/lib/python3/dist-packages/colcon_core/task/python/colcon_distutils_commands:/home/tejasva/robotdog_ws_copy/install/robotdog_control/lib/python3.10/site-packages:${PYTHONPATH} /usr/bin/python3 -W ignore:setup.py install is deprecated -W ignore:easy_install command is deprecated setup.py develop --editable --build-directory /home/tejasva/robotdog_ws_copy/build/robotdog_control/build --no-deps symlink_data
