[0.237s] Invoking command in '/home/tejasva/robotdog_ws_copy/build/robotdog_msgs': CMAKE_PREFIX_PATH=${CMAKE_PREFIX_PATH}:/opt/ros/humble /usr/bin/cmake --build /home/tejasva/robotdog_ws_copy/build/robotdog_msgs -- -j16 -l16
[0.275s] [35m[1mConsolidate compiler generated dependencies of target robotdog_msgs__rosidl_generator_c[0m
[0.284s] [  2%] Built target robotdog_msgs__cpp
[0.287s] [ 12%] Built target robotdog_msgs__rosidl_generator_c
[0.293s] [ 12%] Built target ament_cmake_python_symlink_robotdog_msgs
[0.296s] [35m[1mConsolidate compiler generated dependencies of target robotdog_msgs__rosidl_typesupport_cpp[0m
[0.297s] [35m[1mConsolidate compiler generated dependencies of target robotdog_msgs__rosidl_typesupport_introspection_c[0m
[0.297s] [35m[1mConsolidate compiler generated dependencies of target robotdog_msgs__rosidl_typesupport_fastrtps_c[0m
[0.297s] [35m[1mConsolidate compiler generated dependencies of target robotdog_msgs__rosidl_typesupport_introspection_cpp[0m
[0.297s] [35m[1mConsolidate compiler generated dependencies of target robotdog_msgs__rosidl_typesupport_fastrtps_cpp[0m
[0.300s] [35m[1mConsolidate compiler generated dependencies of target robotdog_msgs__rosidl_typesupport_c[0m
[0.311s] [ 23%] Built target robotdog_msgs__rosidl_typesupport_cpp
[0.311s] [ 35%] Built target robotdog_msgs__rosidl_typesupport_introspection_c
[0.311s] [ 43%] Built target robotdog_msgs__rosidl_typesupport_fastrtps_c
[0.312s] [ 53%] Built target robotdog_msgs__rosidl_typesupport_introspection_cpp
[0.313s] [ 64%] Built target robotdog_msgs__rosidl_typesupport_c
[0.314s] [ 74%] Built target robotdog_msgs__rosidl_typesupport_fastrtps_cpp
[0.335s] [ 74%] Built target robotdog_msgs
[0.356s] [ 76%] Built target robotdog_msgs__py
[0.366s] [35m[1mConsolidate compiler generated dependencies of target robotdog_msgs__rosidl_generator_py[0m
[0.382s] [ 84%] Built target robotdog_msgs__rosidl_generator_py
[0.393s] [35m[1mConsolidate compiler generated dependencies of target robotdog_msgs__rosidl_typesupport_fastrtps_c__pyext[0m
[0.393s] [35m[1mConsolidate compiler generated dependencies of target robotdog_msgs__rosidl_typesupport_c__pyext[0m
[0.393s] [35m[1mConsolidate compiler generated dependencies of target robotdog_msgs__rosidl_typesupport_introspection_c__pyext[0m
[0.407s] [100%] Built target robotdog_msgs__rosidl_typesupport_introspection_c__pyext
[0.407s] [100%] Built target robotdog_msgs__rosidl_typesupport_fastrtps_c__pyext
[0.407s] [100%] Built target robotdog_msgs__rosidl_typesupport_c__pyext
[0.544s] running egg_info
[0.545s] writing robotdog_msgs.egg-info/PKG-INFO
[0.545s] writing dependency_links to robotdog_msgs.egg-info/dependency_links.txt
[0.545s] writing top-level names to robotdog_msgs.egg-info/top_level.txt
[0.547s] reading manifest file 'robotdog_msgs.egg-info/SOURCES.txt'
[0.548s] writing manifest file 'robotdog_msgs.egg-info/SOURCES.txt'
[0.578s] [100%] Built target ament_cmake_python_build_robotdog_msgs_egg
[0.590s] Invoked command in '/home/tejasva/robotdog_ws_copy/build/robotdog_msgs' returned '0': CMAKE_PREFIX_PATH=${CMAKE_PREFIX_PATH}:/opt/ros/humble /usr/bin/cmake --build /home/tejasva/robotdog_ws_copy/build/robotdog_msgs -- -j16 -l16
[0.602s] Invoking command in '/home/tejasva/robotdog_ws_copy/build/robotdog_msgs': CMAKE_PREFIX_PATH=${CMAKE_PREFIX_PATH}:/opt/ros/humble /usr/bin/cmake --install /home/tejasva/robotdog_ws_copy/build/robotdog_msgs
[0.610s] -- Install configuration: ""
[0.610s] -- Execute custom install script
[0.610s] -- Up-to-date symlink: /home/tejasva/robotdog_ws_copy/install/robotdog_msgs/share/ament_index/resource_index/rosidl_interfaces/robotdog_msgs
[0.611s] -- Up-to-date symlink: /home/tejasva/robotdog_ws_copy/install/robotdog_msgs/include/robotdog_msgs/robotdog_msgs/msg/detail/geometry__functions.h
[0.611s] -- Up-to-date symlink: /home/tejasva/robotdog_ws_copy/install/robotdog_msgs/include/robotdog_msgs/robotdog_msgs/msg/detail/geometry__struct.h
[0.611s] -- Up-to-date symlink: /home/tejasva/robotdog_ws_copy/install/robotdog_msgs/include/robotdog_msgs/robotdog_msgs/msg/detail/geometry__type_support.h
[0.611s] -- Up-to-date symlink: /home/tejasva/robotdog_ws_copy/install/robotdog_msgs/include/robotdog_msgs/robotdog_msgs/msg/detail/keyboard_ctrl_cmd__functions.h
[0.611s] -- Up-to-date symlink: /home/tejasva/robotdog_ws_copy/install/robotdog_msgs/include/robotdog_msgs/robotdog_msgs/msg/detail/keyboard_ctrl_cmd__struct.h
[0.611s] -- Up-to-date symlink: /home/tejasva/robotdog_ws_copy/install/robotdog_msgs/include/robotdog_msgs/robotdog_msgs/msg/detail/keyboard_ctrl_cmd__type_support.h
[0.611s] -- Up-to-date symlink: /home/tejasva/robotdog_ws_copy/install/robotdog_msgs/include/robotdog_msgs/robotdog_msgs/msg/geometry.h
[0.612s] -- Up-to-date symlink: /home/tejasva/robotdog_ws_copy/install/robotdog_msgs/include/robotdog_msgs/robotdog_msgs/msg/keyboard_ctrl_cmd.h
[0.612s] -- Up-to-date symlink: /home/tejasva/robotdog_ws_copy/install/robotdog_msgs/include/robotdog_msgs/robotdog_msgs/msg/rosidl_generator_c__visibility_control.h
[0.612s] -- Up-to-date symlink: /home/tejasva/robotdog_ws_copy/install/robotdog_msgs/share/robotdog_msgs/environment/library_path.sh
[0.612s] -- Up-to-date symlink: /home/tejasva/robotdog_ws_copy/install/robotdog_msgs/share/robotdog_msgs/environment/library_path.dsv
[0.612s] -- Up-to-date symlink: /home/tejasva/robotdog_ws_copy/install/robotdog_msgs/include/robotdog_msgs/robotdog_msgs/msg/detail/geometry__rosidl_typesupport_fastrtps_c.h
[0.612s] -- Up-to-date symlink: /home/tejasva/robotdog_ws_copy/install/robotdog_msgs/include/robotdog_msgs/robotdog_msgs/msg/detail/keyboard_ctrl_cmd__rosidl_typesupport_fastrtps_c.h
[0.612s] -- Up-to-date symlink: /home/tejasva/robotdog_ws_copy/install/robotdog_msgs/include/robotdog_msgs/robotdog_msgs/msg/rosidl_typesupport_fastrtps_c__visibility_control.h
[0.613s] -- Up-to-date symlink: /home/tejasva/robotdog_ws_copy/install/robotdog_msgs/include/robotdog_msgs/robotdog_msgs/msg/detail/geometry__builder.hpp
[0.613s] -- Up-to-date symlink: /home/tejasva/robotdog_ws_copy/install/robotdog_msgs/include/robotdog_msgs/robotdog_msgs/msg/detail/geometry__struct.hpp
[0.613s] -- Up-to-date symlink: /home/tejasva/robotdog_ws_copy/install/robotdog_msgs/include/robotdog_msgs/robotdog_msgs/msg/detail/geometry__traits.hpp
[0.613s] -- Up-to-date symlink: /home/tejasva/robotdog_ws_copy/install/robotdog_msgs/include/robotdog_msgs/robotdog_msgs/msg/detail/geometry__type_support.hpp
[0.613s] -- Up-to-date symlink: /home/tejasva/robotdog_ws_copy/install/robotdog_msgs/include/robotdog_msgs/robotdog_msgs/msg/detail/keyboard_ctrl_cmd__builder.hpp
[0.613s] -- Up-to-date symlink: /home/tejasva/robotdog_ws_copy/install/robotdog_msgs/include/robotdog_msgs/robotdog_msgs/msg/detail/keyboard_ctrl_cmd__struct.hpp
[0.613s] -- Up-to-date symlink: /home/tejasva/robotdog_ws_copy/install/robotdog_msgs/include/robotdog_msgs/robotdog_msgs/msg/detail/keyboard_ctrl_cmd__traits.hpp
[0.614s] -- Up-to-date symlink: /home/tejasva/robotdog_ws_copy/install/robotdog_msgs/include/robotdog_msgs/robotdog_msgs/msg/detail/keyboard_ctrl_cmd__type_support.hpp
[0.614s] -- Up-to-date symlink: /home/tejasva/robotdog_ws_copy/install/robotdog_msgs/include/robotdog_msgs/robotdog_msgs/msg/geometry.hpp
[0.614s] -- Up-to-date symlink: /home/tejasva/robotdog_ws_copy/install/robotdog_msgs/include/robotdog_msgs/robotdog_msgs/msg/keyboard_ctrl_cmd.hpp
[0.614s] -- Up-to-date symlink: /home/tejasva/robotdog_ws_copy/install/robotdog_msgs/include/robotdog_msgs/robotdog_msgs/msg/rosidl_generator_cpp__visibility_control.hpp
[0.614s] -- Up-to-date symlink: /home/tejasva/robotdog_ws_copy/install/robotdog_msgs/include/robotdog_msgs/robotdog_msgs/msg/detail/geometry__rosidl_typesupport_fastrtps_cpp.hpp
[0.614s] -- Up-to-date symlink: /home/tejasva/robotdog_ws_copy/install/robotdog_msgs/include/robotdog_msgs/robotdog_msgs/msg/detail/keyboard_ctrl_cmd__rosidl_typesupport_fastrtps_cpp.hpp
[0.614s] -- Up-to-date symlink: /home/tejasva/robotdog_ws_copy/install/robotdog_msgs/include/robotdog_msgs/robotdog_msgs/msg/rosidl_typesupport_fastrtps_cpp__visibility_control.h
[0.615s] -- Up-to-date symlink: /home/tejasva/robotdog_ws_copy/install/robotdog_msgs/include/robotdog_msgs/robotdog_msgs/msg/detail/geometry__rosidl_typesupport_introspection_c.h
[0.615s] -- Up-to-date symlink: /home/tejasva/robotdog_ws_copy/install/robotdog_msgs/include/robotdog_msgs/robotdog_msgs/msg/detail/keyboard_ctrl_cmd__rosidl_typesupport_introspection_c.h
[0.615s] -- Up-to-date symlink: /home/tejasva/robotdog_ws_copy/install/robotdog_msgs/include/robotdog_msgs/robotdog_msgs/msg/rosidl_typesupport_introspection_c__visibility_control.h
[0.615s] -- Up-to-date symlink: /home/tejasva/robotdog_ws_copy/install/robotdog_msgs/include/robotdog_msgs/robotdog_msgs/msg/detail/geometry__rosidl_typesupport_introspection_cpp.hpp
[0.615s] -- Up-to-date symlink: /home/tejasva/robotdog_ws_copy/install/robotdog_msgs/include/robotdog_msgs/robotdog_msgs/msg/detail/keyboard_ctrl_cmd__rosidl_typesupport_introspection_cpp.hpp
[0.615s] -- Up-to-date symlink: /home/tejasva/robotdog_ws_copy/install/robotdog_msgs/share/robotdog_msgs/environment/pythonpath.sh
[0.616s] -- Up-to-date symlink: /home/tejasva/robotdog_ws_copy/install/robotdog_msgs/share/robotdog_msgs/environment/pythonpath.dsv
[0.616s] -- Up-to-date symlink: /home/tejasva/robotdog_ws_copy/install/robotdog_msgs/local/lib/python3.10/dist-packages/robotdog_msgs-0.0.0-py3.10.egg-info/PKG-INFO
[0.616s] -- Up-to-date symlink: /home/tejasva/robotdog_ws_copy/install/robotdog_msgs/local/lib/python3.10/dist-packages/robotdog_msgs-0.0.0-py3.10.egg-info/SOURCES.txt
[0.616s] -- Up-to-date symlink: /home/tejasva/robotdog_ws_copy/install/robotdog_msgs/local/lib/python3.10/dist-packages/robotdog_msgs-0.0.0-py3.10.egg-info/dependency_links.txt
[0.616s] -- Up-to-date symlink: /home/tejasva/robotdog_ws_copy/install/robotdog_msgs/local/lib/python3.10/dist-packages/robotdog_msgs-0.0.0-py3.10.egg-info/top_level.txt
[0.617s] -- Up-to-date symlink: /home/tejasva/robotdog_ws_copy/install/robotdog_msgs/local/lib/python3.10/dist-packages/robotdog_msgs/__init__.py
[0.617s] -- Up-to-date symlink: /home/tejasva/robotdog_ws_copy/install/robotdog_msgs/local/lib/python3.10/dist-packages/robotdog_msgs/_robotdog_msgs_s.ep.rosidl_typesupport_c.c
[0.617s] -- Up-to-date symlink: /home/tejasva/robotdog_ws_copy/install/robotdog_msgs/local/lib/python3.10/dist-packages/robotdog_msgs/_robotdog_msgs_s.ep.rosidl_typesupport_fastrtps_c.c
[0.618s] -- Up-to-date symlink: /home/tejasva/robotdog_ws_copy/install/robotdog_msgs/local/lib/python3.10/dist-packages/robotdog_msgs/_robotdog_msgs_s.ep.rosidl_typesupport_introspection_c.c
[0.618s] -- Up-to-date symlink: /home/tejasva/robotdog_ws_copy/install/robotdog_msgs/local/lib/python3.10/dist-packages/robotdog_msgs/librobotdog_msgs__rosidl_generator_py.so
[0.618s] -- Up-to-date symlink: /home/tejasva/robotdog_ws_copy/install/robotdog_msgs/local/lib/python3.10/dist-packages/robotdog_msgs/msg/__init__.py
[0.618s] -- Up-to-date symlink: /home/tejasva/robotdog_ws_copy/install/robotdog_msgs/local/lib/python3.10/dist-packages/robotdog_msgs/msg/_geometry.py
[0.618s] -- Up-to-date symlink: /home/tejasva/robotdog_ws_copy/install/robotdog_msgs/local/lib/python3.10/dist-packages/robotdog_msgs/msg/_geometry_s.c
[0.618s] -- Up-to-date symlink: /home/tejasva/robotdog_ws_copy/install/robotdog_msgs/local/lib/python3.10/dist-packages/robotdog_msgs/msg/_keyboard_ctrl_cmd.py
[0.618s] -- Up-to-date symlink: /home/tejasva/robotdog_ws_copy/install/robotdog_msgs/local/lib/python3.10/dist-packages/robotdog_msgs/msg/_keyboard_ctrl_cmd_s.c
[0.618s] -- Up-to-date symlink: /home/tejasva/robotdog_ws_copy/install/robotdog_msgs/local/lib/python3.10/dist-packages/robotdog_msgs/robotdog_msgs_s__rosidl_typesupport_c.cpython-310-x86_64-linux-gnu.so
[0.618s] -- Up-to-date symlink: /home/tejasva/robotdog_ws_copy/install/robotdog_msgs/local/lib/python3.10/dist-packages/robotdog_msgs/robotdog_msgs_s__rosidl_typesupport_fastrtps_c.cpython-310-x86_64-linux-gnu.so
[0.618s] -- Up-to-date symlink: /home/tejasva/robotdog_ws_copy/install/robotdog_msgs/local/lib/python3.10/dist-packages/robotdog_msgs/robotdog_msgs_s__rosidl_typesupport_introspection_c.cpython-310-x86_64-linux-gnu.so
[0.618s] -- Up-to-date symlink: /home/tejasva/robotdog_ws_copy/install/robotdog_msgs/local/lib/python3.10/dist-packages/robotdog_msgs/robotdog_msgs_s__rosidl_typesupport_fastrtps_c.cpython-310-x86_64-linux-gnu.so
[0.619s] -- Up-to-date symlink: /home/tejasva/robotdog_ws_copy/install/robotdog_msgs/local/lib/python3.10/dist-packages/robotdog_msgs/robotdog_msgs_s__rosidl_typesupport_introspection_c.cpython-310-x86_64-linux-gnu.so
[0.619s] -- Up-to-date symlink: /home/tejasva/robotdog_ws_copy/install/robotdog_msgs/local/lib/python3.10/dist-packages/robotdog_msgs/robotdog_msgs_s__rosidl_typesupport_c.cpython-310-x86_64-linux-gnu.so
[0.619s] -- Up-to-date symlink: /home/tejasva/robotdog_ws_copy/install/robotdog_msgs/share/robotdog_msgs/msg/KeyboardCtrlCmd.idl
[0.619s] -- Up-to-date symlink: /home/tejasva/robotdog_ws_copy/install/robotdog_msgs/share/robotdog_msgs/msg/Geometry.idl
[0.619s] -- Up-to-date symlink: /home/tejasva/robotdog_ws_copy/install/robotdog_msgs/share/robotdog_msgs/msg/KeyboardCtrlCmd.msg
[0.619s] -- Up-to-date symlink: /home/tejasva/robotdog_ws_copy/install/robotdog_msgs/share/robotdog_msgs/msg/Geometry.msg
[0.621s] -- Up-to-date symlink: /home/tejasva/robotdog_ws_copy/install/robotdog_msgs/share/ament_index/resource_index/package_run_dependencies/robotdog_msgs
[0.621s] -- Up-to-date symlink: /home/tejasva/robotdog_ws_copy/install/robotdog_msgs/share/ament_index/resource_index/parent_prefix_path/robotdog_msgs
[0.621s] -- Up-to-date symlink: /home/tejasva/robotdog_ws_copy/install/robotdog_msgs/share/robotdog_msgs/environment/ament_prefix_path.sh
[0.621s] -- Up-to-date symlink: /home/tejasva/robotdog_ws_copy/install/robotdog_msgs/share/robotdog_msgs/environment/ament_prefix_path.dsv
[0.621s] -- Up-to-date symlink: /home/tejasva/robotdog_ws_copy/install/robotdog_msgs/share/robotdog_msgs/environment/path.sh
[0.622s] -- Up-to-date symlink: /home/tejasva/robotdog_ws_copy/install/robotdog_msgs/share/robotdog_msgs/environment/path.dsv
[0.622s] -- Up-to-date symlink: /home/tejasva/robotdog_ws_copy/install/robotdog_msgs/share/robotdog_msgs/local_setup.bash
[0.622s] -- Up-to-date symlink: /home/tejasva/robotdog_ws_copy/install/robotdog_msgs/share/robotdog_msgs/local_setup.sh
[0.622s] -- Up-to-date symlink: /home/tejasva/robotdog_ws_copy/install/robotdog_msgs/share/robotdog_msgs/local_setup.zsh
[0.622s] -- Up-to-date symlink: /home/tejasva/robotdog_ws_copy/install/robotdog_msgs/share/robotdog_msgs/local_setup.dsv
[0.622s] -- Symlinking: /home/tejasva/robotdog_ws_copy/install/robotdog_msgs/share/robotdog_msgs/package.dsv
[0.630s] -- Up-to-date symlink: /home/tejasva/robotdog_ws_copy/install/robotdog_msgs/share/ament_index/resource_index/packages/robotdog_msgs
[0.630s] -- Up-to-date symlink: /home/tejasva/robotdog_ws_copy/install/robotdog_msgs/share/robotdog_msgs/cmake/rosidl_cmake-extras.cmake
[0.630s] -- Up-to-date symlink: /home/tejasva/robotdog_ws_copy/install/robotdog_msgs/share/robotdog_msgs/cmake/ament_cmake_export_dependencies-extras.cmake
[0.630s] -- Up-to-date symlink: /home/tejasva/robotdog_ws_copy/install/robotdog_msgs/share/robotdog_msgs/cmake/ament_cmake_export_include_directories-extras.cmake
[0.631s] -- Up-to-date symlink: /home/tejasva/robotdog_ws_copy/install/robotdog_msgs/share/robotdog_msgs/cmake/ament_cmake_export_libraries-extras.cmake
[0.631s] -- Up-to-date symlink: /home/tejasva/robotdog_ws_copy/install/robotdog_msgs/share/robotdog_msgs/cmake/ament_cmake_export_targets-extras.cmake
[0.631s] -- Up-to-date symlink: /home/tejasva/robotdog_ws_copy/install/robotdog_msgs/share/robotdog_msgs/cmake/rosidl_cmake_export_typesupport_targets-extras.cmake
[0.631s] -- Up-to-date symlink: /home/tejasva/robotdog_ws_copy/install/robotdog_msgs/share/robotdog_msgs/cmake/rosidl_cmake_export_typesupport_libraries-extras.cmake
[0.631s] -- Up-to-date symlink: /home/tejasva/robotdog_ws_copy/install/robotdog_msgs/share/robotdog_msgs/cmake/robotdog_msgsConfig.cmake
[0.631s] -- Up-to-date symlink: /home/tejasva/robotdog_ws_copy/install/robotdog_msgs/share/robotdog_msgs/cmake/robotdog_msgsConfig-version.cmake
[0.631s] -- Up-to-date symlink: /home/tejasva/robotdog_ws_copy/install/robotdog_msgs/share/robotdog_msgs/package.xml
[0.632s] -- Up-to-date: /home/tejasva/robotdog_ws_copy/install/robotdog_msgs/lib/librobotdog_msgs__rosidl_generator_c.so
[0.632s] -- Up-to-date: /home/tejasva/robotdog_ws_copy/install/robotdog_msgs/lib/librobotdog_msgs__rosidl_typesupport_fastrtps_c.so
[0.632s] -- Up-to-date: /home/tejasva/robotdog_ws_copy/install/robotdog_msgs/lib/librobotdog_msgs__rosidl_typesupport_fastrtps_cpp.so
[0.632s] -- Up-to-date: /home/tejasva/robotdog_ws_copy/install/robotdog_msgs/lib/librobotdog_msgs__rosidl_typesupport_introspection_c.so
[0.633s] -- Up-to-date: /home/tejasva/robotdog_ws_copy/install/robotdog_msgs/lib/librobotdog_msgs__rosidl_typesupport_c.so
[0.633s] -- Up-to-date: /home/tejasva/robotdog_ws_copy/install/robotdog_msgs/lib/librobotdog_msgs__rosidl_typesupport_introspection_cpp.so
[0.633s] -- Up-to-date: /home/tejasva/robotdog_ws_copy/install/robotdog_msgs/lib/librobotdog_msgs__rosidl_typesupport_cpp.so
[0.662s] Listing '/home/tejasva/robotdog_ws_copy/install/robotdog_msgs/local/lib/python3.10/dist-packages/robotdog_msgs'...
[0.662s] Listing '/home/tejasva/robotdog_ws_copy/install/robotdog_msgs/local/lib/python3.10/dist-packages/robotdog_msgs/msg'...
[0.667s] -- Up-to-date: /home/tejasva/robotdog_ws_copy/install/robotdog_msgs/lib/librobotdog_msgs__rosidl_generator_py.so
[0.667s] -- Up-to-date: /home/tejasva/robotdog_ws_copy/install/robotdog_msgs/share/robotdog_msgs/cmake/export_robotdog_msgs__rosidl_generator_cExport.cmake
[0.667s] -- Up-to-date: /home/tejasva/robotdog_ws_copy/install/robotdog_msgs/share/robotdog_msgs/cmake/export_robotdog_msgs__rosidl_generator_cExport-noconfig.cmake
[0.667s] -- Up-to-date: /home/tejasva/robotdog_ws_copy/install/robotdog_msgs/share/robotdog_msgs/cmake/export_robotdog_msgs__rosidl_typesupport_fastrtps_cExport.cmake
[0.667s] -- Up-to-date: /home/tejasva/robotdog_ws_copy/install/robotdog_msgs/share/robotdog_msgs/cmake/export_robotdog_msgs__rosidl_typesupport_fastrtps_cExport-noconfig.cmake
[0.667s] -- Up-to-date: /home/tejasva/robotdog_ws_copy/install/robotdog_msgs/share/robotdog_msgs/cmake/export_robotdog_msgs__rosidl_generator_cppExport.cmake
[0.667s] -- Up-to-date: /home/tejasva/robotdog_ws_copy/install/robotdog_msgs/share/robotdog_msgs/cmake/export_robotdog_msgs__rosidl_typesupport_fastrtps_cppExport.cmake
[0.668s] -- Up-to-date: /home/tejasva/robotdog_ws_copy/install/robotdog_msgs/share/robotdog_msgs/cmake/export_robotdog_msgs__rosidl_typesupport_fastrtps_cppExport-noconfig.cmake
[0.668s] -- Up-to-date: /home/tejasva/robotdog_ws_copy/install/robotdog_msgs/share/robotdog_msgs/cmake/robotdog_msgs__rosidl_typesupport_introspection_cExport.cmake
[0.668s] -- Up-to-date: /home/tejasva/robotdog_ws_copy/install/robotdog_msgs/share/robotdog_msgs/cmake/robotdog_msgs__rosidl_typesupport_introspection_cExport-noconfig.cmake
[0.668s] -- Up-to-date: /home/tejasva/robotdog_ws_copy/install/robotdog_msgs/share/robotdog_msgs/cmake/robotdog_msgs__rosidl_typesupport_cExport.cmake
[0.668s] -- Up-to-date: /home/tejasva/robotdog_ws_copy/install/robotdog_msgs/share/robotdog_msgs/cmake/robotdog_msgs__rosidl_typesupport_cExport-noconfig.cmake
[0.668s] -- Up-to-date: /home/tejasva/robotdog_ws_copy/install/robotdog_msgs/share/robotdog_msgs/cmake/robotdog_msgs__rosidl_typesupport_introspection_cppExport.cmake
[0.668s] -- Up-to-date: /home/tejasva/robotdog_ws_copy/install/robotdog_msgs/share/robotdog_msgs/cmake/robotdog_msgs__rosidl_typesupport_introspection_cppExport-noconfig.cmake
[0.668s] -- Up-to-date: /home/tejasva/robotdog_ws_copy/install/robotdog_msgs/share/robotdog_msgs/cmake/robotdog_msgs__rosidl_typesupport_cppExport.cmake
[0.668s] -- Up-to-date: /home/tejasva/robotdog_ws_copy/install/robotdog_msgs/share/robotdog_msgs/cmake/robotdog_msgs__rosidl_typesupport_cppExport-noconfig.cmake
[0.668s] -- Up-to-date: /home/tejasva/robotdog_ws_copy/install/robotdog_msgs/share/robotdog_msgs/cmake/export_robotdog_msgs__rosidl_generator_pyExport.cmake
[0.668s] -- Up-to-date: /home/tejasva/robotdog_ws_copy/install/robotdog_msgs/share/robotdog_msgs/cmake/export_robotdog_msgs__rosidl_generator_pyExport-noconfig.cmake
[0.671s] Invoked command in '/home/tejasva/robotdog_ws_copy/build/robotdog_msgs' returned '0': CMAKE_PREFIX_PATH=${CMAKE_PREFIX_PATH}:/opt/ros/humble /usr/bin/cmake --install /home/tejasva/robotdog_ws_copy/build/robotdog_msgs
