[0.240s] Invoking command in '/home/tejasva/robotdog_ws_copy/build/robotdog_teleop': CMAKE_PREFIX_PATH=${CMAKE_PREFIX_PATH}:/home/tejasva/robotdog_ws_copy/install/robotdog_control:/opt/ros/humble /usr/bin/cmake --build /home/tejasva/robotdog_ws_copy/build/robotdog_teleop -- -j16 -l16
[0.274s] [35m[1mConsolidate compiler generated dependencies of target robotdog_teleop[0m
[0.292s] [100%] Built target robotdog_teleop
[0.317s] Invoked command in '/home/tejasva/robotdog_ws_copy/build/robotdog_teleop' returned '0': CMAKE_PREFIX_PATH=${CMAKE_PREFIX_PATH}:/home/tejasva/robotdog_ws_copy/install/robotdog_control:/opt/ros/humble /usr/bin/cmake --build /home/tejasva/robotdog_ws_copy/build/robotdog_teleop -- -j16 -l16
[0.318s] Invoking command in '/home/tejasva/robotdog_ws_copy/build/robotdog_teleop': CMAKE_PREFIX_PATH=${CMAKE_PREFIX_PATH}:/home/tejasva/robotdog_ws_copy/install/robotdog_control:/opt/ros/humble /usr/bin/cmake --install /home/tejasva/robotdog_ws_copy/build/robotdog_teleop
[0.325s] -- Install configuration: ""
[0.326s] -- Execute custom install script
[0.326s] -- Up-to-date symlink: /home/tejasva/robotdog_ws_copy/install/robotdog_teleop/lib/robotdog_teleop/robotdog_teleop
[0.326s] -- Up-to-date symlink: /home/tejasva/robotdog_ws_copy/install/robotdog_teleop/share/ament_index/resource_index/package_run_dependencies/robotdog_teleop
[0.326s] -- Up-to-date symlink: /home/tejasva/robotdog_ws_copy/install/robotdog_teleop/share/ament_index/resource_index/parent_prefix_path/robotdog_teleop
[0.326s] -- Up-to-date symlink: /home/tejasva/robotdog_ws_copy/install/robotdog_teleop/share/robotdog_teleop/environment/ament_prefix_path.sh
[0.327s] -- Up-to-date symlink: /home/tejasva/robotdog_ws_copy/install/robotdog_teleop/share/robotdog_teleop/environment/ament_prefix_path.dsv
[0.327s] -- Up-to-date symlink: /home/tejasva/robotdog_ws_copy/install/robotdog_teleop/share/robotdog_teleop/environment/path.sh
[0.327s] -- Up-to-date symlink: /home/tejasva/robotdog_ws_copy/install/robotdog_teleop/share/robotdog_teleop/environment/path.dsv
[0.327s] -- Up-to-date symlink: /home/tejasva/robotdog_ws_copy/install/robotdog_teleop/share/robotdog_teleop/local_setup.bash
[0.327s] -- Up-to-date symlink: /home/tejasva/robotdog_ws_copy/install/robotdog_teleop/share/robotdog_teleop/local_setup.sh
[0.327s] -- Up-to-date symlink: /home/tejasva/robotdog_ws_copy/install/robotdog_teleop/share/robotdog_teleop/local_setup.zsh
[0.327s] -- Up-to-date symlink: /home/tejasva/robotdog_ws_copy/install/robotdog_teleop/share/robotdog_teleop/local_setup.dsv
[0.327s] -- Symlinking: /home/tejasva/robotdog_ws_copy/install/robotdog_teleop/share/robotdog_teleop/package.dsv
[0.336s] -- Up-to-date symlink: /home/tejasva/robotdog_ws_copy/install/robotdog_teleop/share/ament_index/resource_index/packages/robotdog_teleop
[0.337s] -- Up-to-date symlink: /home/tejasva/robotdog_ws_copy/install/robotdog_teleop/share/robotdog_teleop/cmake/robotdog_teleopConfig.cmake
[0.337s] -- Up-to-date symlink: /home/tejasva/robotdog_ws_copy/install/robotdog_teleop/share/robotdog_teleop/cmake/robotdog_teleopConfig-version.cmake
[0.337s] -- Up-to-date symlink: /home/tejasva/robotdog_ws_copy/install/robotdog_teleop/share/robotdog_teleop/package.xml
[0.340s] Invoked command in '/home/tejasva/robotdog_ws_copy/build/robotdog_teleop' returned '0': CMAKE_PREFIX_PATH=${CMAKE_PREFIX_PATH}:/home/tejasva/robotdog_ws_copy/install/robotdog_control:/opt/ros/humble /usr/bin/cmake --install /home/tejasva/robotdog_ws_copy/build/robotdog_teleop
