[0.379s] Invoking command in '/home/tejasva/robotdog_ws_copy/build/robotdog_msgs': CMAKE_PREFIX_PATH=${CMAKE_PREFIX_PATH}:/home/tejasva/robotdog_ws_copy/install/robotdog_control:/opt/ros/humble /usr/bin/cmake --build /home/tejasva/robotdog_ws_copy/build/robotdog_msgs -- -j16 -l16
[0.450s] [  2%] Built target robotdog_msgs__cpp
[0.451s] [ 12%] Built target robotdog_msgs__rosidl_generator_c
[0.471s] [ 12%] Built target ament_cmake_python_symlink_robotdog_msgs
[0.492s] [ 25%] Built target robotdog_msgs__rosidl_typesupport_c
[0.495s] [ 35%] Built target robotdog_msgs__rosidl_typesupport_introspection_c
[0.495s] [ 46%] Built target robotdog_msgs__rosidl_typesupport_introspection_cpp
[0.495s] [ 64%] Built target robotdog_msgs__rosidl_typesupport_fastrtps_cpp
[0.495s] [ 71%] Built target robotdog_msgs__rosidl_typesupport_fastrtps_c
[0.495s] [ 74%] Built target robotdog_msgs__rosidl_typesupport_cpp
[0.526s] [ 74%] Built target robotdog_msgs
[0.558s] [ 76%] Built target robotdog_msgs__py
[0.594s] [ 84%] Built target robotdog_msgs__rosidl_generator_py
[0.632s] [ 94%] Built target robotdog_msgs__rosidl_typesupport_fastrtps_c__pyext
[0.632s] [ 94%] Built target robotdog_msgs__rosidl_typesupport_c__pyext
[0.632s] [100%] Built target robotdog_msgs__rosidl_typesupport_introspection_c__pyext
[0.852s] running egg_info
[0.853s] writing robotdog_msgs.egg-info/PKG-INFO
[0.853s] writing dependency_links to robotdog_msgs.egg-info/dependency_links.txt
[0.853s] writing top-level names to robotdog_msgs.egg-info/top_level.txt
[0.856s] reading manifest file 'robotdog_msgs.egg-info/SOURCES.txt'
[0.857s] writing manifest file 'robotdog_msgs.egg-info/SOURCES.txt'
[0.913s] [100%] Built target ament_cmake_python_build_robotdog_msgs_egg
[0.931s] Invoked command in '/home/tejasva/robotdog_ws_copy/build/robotdog_msgs' returned '0': CMAKE_PREFIX_PATH=${CMAKE_PREFIX_PATH}:/home/tejasva/robotdog_ws_copy/install/robotdog_control:/opt/ros/humble /usr/bin/cmake --build /home/tejasva/robotdog_ws_copy/build/robotdog_msgs -- -j16 -l16
[0.933s] Invoking command in '/home/tejasva/robotdog_ws_copy/build/robotdog_msgs': CMAKE_PREFIX_PATH=${CMAKE_PREFIX_PATH}:/home/tejasva/robotdog_ws_copy/install/robotdog_control:/opt/ros/humble /usr/bin/cmake --install /home/tejasva/robotdog_ws_copy/build/robotdog_msgs
[0.943s] -- Install configuration: ""
[0.943s] -- Execute custom install script
[0.944s] -- Up-to-date symlink: /home/tejasva/robotdog_ws_copy/install/robotdog_msgs/share/ament_index/resource_index/rosidl_interfaces/robotdog_msgs
[0.944s] -- Up-to-date symlink: /home/tejasva/robotdog_ws_copy/install/robotdog_msgs/include/robotdog_msgs/robotdog_msgs/msg/detail/geometry__functions.h
[0.944s] -- Up-to-date symlink: /home/tejasva/robotdog_ws_copy/install/robotdog_msgs/include/robotdog_msgs/robotdog_msgs/msg/detail/geometry__struct.h
[0.945s] -- Up-to-date symlink: /home/tejasva/robotdog_ws_copy/install/robotdog_msgs/include/robotdog_msgs/robotdog_msgs/msg/detail/geometry__type_support.h
[0.945s] -- Up-to-date symlink: /home/tejasva/robotdog_ws_copy/install/robotdog_msgs/include/robotdog_msgs/robotdog_msgs/msg/detail/keyboard_ctrl_cmd__functions.h
[0.945s] -- Up-to-date symlink: /home/tejasva/robotdog_ws_copy/install/robotdog_msgs/include/robotdog_msgs/robotdog_msgs/msg/detail/keyboard_ctrl_cmd__struct.h
[0.945s] -- Up-to-date symlink: /home/tejasva/robotdog_ws_copy/install/robotdog_msgs/include/robotdog_msgs/robotdog_msgs/msg/detail/keyboard_ctrl_cmd__type_support.h
[0.945s] -- Up-to-date symlink: /home/tejasva/robotdog_ws_copy/install/robotdog_msgs/include/robotdog_msgs/robotdog_msgs/msg/geometry.h
[0.945s] -- Up-to-date symlink: /home/tejasva/robotdog_ws_copy/install/robotdog_msgs/include/robotdog_msgs/robotdog_msgs/msg/keyboard_ctrl_cmd.h
[0.945s] -- Up-to-date symlink: /home/tejasva/robotdog_ws_copy/install/robotdog_msgs/include/robotdog_msgs/robotdog_msgs/msg/rosidl_generator_c__visibility_control.h
[0.945s] -- Up-to-date symlink: /home/tejasva/robotdog_ws_copy/install/robotdog_msgs/share/robotdog_msgs/environment/library_path.sh
[0.946s] -- Up-to-date symlink: /home/tejasva/robotdog_ws_copy/install/robotdog_msgs/share/robotdog_msgs/environment/library_path.dsv
[0.946s] -- Up-to-date symlink: /home/tejasva/robotdog_ws_copy/install/robotdog_msgs/include/robotdog_msgs/robotdog_msgs/msg/detail/geometry__rosidl_typesupport_fastrtps_c.h
[0.946s] -- Up-to-date symlink: /home/tejasva/robotdog_ws_copy/install/robotdog_msgs/include/robotdog_msgs/robotdog_msgs/msg/detail/keyboard_ctrl_cmd__rosidl_typesupport_fastrtps_c.h
[0.946s] -- Up-to-date symlink: /home/tejasva/robotdog_ws_copy/install/robotdog_msgs/include/robotdog_msgs/robotdog_msgs/msg/rosidl_typesupport_fastrtps_c__visibility_control.h
[0.947s] -- Up-to-date symlink: /home/tejasva/robotdog_ws_copy/install/robotdog_msgs/include/robotdog_msgs/robotdog_msgs/msg/detail/geometry__builder.hpp
[0.947s] -- Up-to-date symlink: /home/tejasva/robotdog_ws_copy/install/robotdog_msgs/include/robotdog_msgs/robotdog_msgs/msg/detail/geometry__struct.hpp
[0.947s] -- Up-to-date symlink: /home/tejasva/robotdog_ws_copy/install/robotdog_msgs/include/robotdog_msgs/robotdog_msgs/msg/detail/geometry__traits.hpp
[0.947s] -- Up-to-date symlink: /home/tejasva/robotdog_ws_copy/install/robotdog_msgs/include/robotdog_msgs/robotdog_msgs/msg/detail/geometry__type_support.hpp
[0.947s] -- Up-to-date symlink: /home/tejasva/robotdog_ws_copy/install/robotdog_msgs/include/robotdog_msgs/robotdog_msgs/msg/detail/keyboard_ctrl_cmd__builder.hpp
[0.947s] -- Up-to-date symlink: /home/tejasva/robotdog_ws_copy/install/robotdog_msgs/include/robotdog_msgs/robotdog_msgs/msg/detail/keyboard_ctrl_cmd__struct.hpp
[0.948s] -- Up-to-date symlink: /home/tejasva/robotdog_ws_copy/install/robotdog_msgs/include/robotdog_msgs/robotdog_msgs/msg/detail/keyboard_ctrl_cmd__traits.hpp
[0.948s] -- Up-to-date symlink: /home/tejasva/robotdog_ws_copy/install/robotdog_msgs/include/robotdog_msgs/robotdog_msgs/msg/detail/keyboard_ctrl_cmd__type_support.hpp
[0.948s] -- Up-to-date symlink: /home/tejasva/robotdog_ws_copy/install/robotdog_msgs/include/robotdog_msgs/robotdog_msgs/msg/geometry.hpp
[0.948s] -- Up-to-date symlink: /home/tejasva/robotdog_ws_copy/install/robotdog_msgs/include/robotdog_msgs/robotdog_msgs/msg/keyboard_ctrl_cmd.hpp
[0.948s] -- Up-to-date symlink: /home/tejasva/robotdog_ws_copy/install/robotdog_msgs/include/robotdog_msgs/robotdog_msgs/msg/rosidl_generator_cpp__visibility_control.hpp
[0.949s] -- Up-to-date symlink: /home/tejasva/robotdog_ws_copy/install/robotdog_msgs/include/robotdog_msgs/robotdog_msgs/msg/detail/geometry__rosidl_typesupport_fastrtps_cpp.hpp
[0.949s] -- Up-to-date symlink: /home/tejasva/robotdog_ws_copy/install/robotdog_msgs/include/robotdog_msgs/robotdog_msgs/msg/detail/keyboard_ctrl_cmd__rosidl_typesupport_fastrtps_cpp.hpp
[0.949s] -- Up-to-date symlink: /home/tejasva/robotdog_ws_copy/install/robotdog_msgs/include/robotdog_msgs/robotdog_msgs/msg/rosidl_typesupport_fastrtps_cpp__visibility_control.h
[0.949s] -- Up-to-date symlink: /home/tejasva/robotdog_ws_copy/install/robotdog_msgs/include/robotdog_msgs/robotdog_msgs/msg/detail/geometry__rosidl_typesupport_introspection_c.h
[0.949s] -- Up-to-date symlink: /home/tejasva/robotdog_ws_copy/install/robotdog_msgs/include/robotdog_msgs/robotdog_msgs/msg/detail/keyboard_ctrl_cmd__rosidl_typesupport_introspection_c.h
[0.950s] -- Up-to-date symlink: /home/tejasva/robotdog_ws_copy/install/robotdog_msgs/include/robotdog_msgs/robotdog_msgs/msg/rosidl_typesupport_introspection_c__visibility_control.h
[0.950s] -- Up-to-date symlink: /home/tejasva/robotdog_ws_copy/install/robotdog_msgs/include/robotdog_msgs/robotdog_msgs/msg/detail/geometry__rosidl_typesupport_introspection_cpp.hpp
[0.950s] -- Up-to-date symlink: /home/tejasva/robotdog_ws_copy/install/robotdog_msgs/include/robotdog_msgs/robotdog_msgs/msg/detail/keyboard_ctrl_cmd__rosidl_typesupport_introspection_cpp.hpp
[0.950s] -- Up-to-date symlink: /home/tejasva/robotdog_ws_copy/install/robotdog_msgs/share/robotdog_msgs/environment/pythonpath.sh
[0.950s] -- Up-to-date symlink: /home/tejasva/robotdog_ws_copy/install/robotdog_msgs/share/robotdog_msgs/environment/pythonpath.dsv
[0.951s] -- Up-to-date symlink: /home/tejasva/robotdog_ws_copy/install/robotdog_msgs/local/lib/python3.10/dist-packages/robotdog_msgs-0.0.0-py3.10.egg-info/PKG-INFO
[0.951s] -- Up-to-date symlink: /home/tejasva/robotdog_ws_copy/install/robotdog_msgs/local/lib/python3.10/dist-packages/robotdog_msgs-0.0.0-py3.10.egg-info/SOURCES.txt
[0.951s] -- Up-to-date symlink: /home/tejasva/robotdog_ws_copy/install/robotdog_msgs/local/lib/python3.10/dist-packages/robotdog_msgs-0.0.0-py3.10.egg-info/dependency_links.txt
[0.951s] -- Up-to-date symlink: /home/tejasva/robotdog_ws_copy/install/robotdog_msgs/local/lib/python3.10/dist-packages/robotdog_msgs-0.0.0-py3.10.egg-info/top_level.txt
[0.952s] -- Up-to-date symlink: /home/tejasva/robotdog_ws_copy/install/robotdog_msgs/local/lib/python3.10/dist-packages/robotdog_msgs/__init__.py
[0.952s] -- Up-to-date symlink: /home/tejasva/robotdog_ws_copy/install/robotdog_msgs/local/lib/python3.10/dist-packages/robotdog_msgs/_robotdog_msgs_s.ep.rosidl_typesupport_c.c
[0.952s] -- Up-to-date symlink: /home/tejasva/robotdog_ws_copy/install/robotdog_msgs/local/lib/python3.10/dist-packages/robotdog_msgs/_robotdog_msgs_s.ep.rosidl_typesupport_fastrtps_c.c
[0.953s] -- Up-to-date symlink: /home/tejasva/robotdog_ws_copy/install/robotdog_msgs/local/lib/python3.10/dist-packages/robotdog_msgs/_robotdog_msgs_s.ep.rosidl_typesupport_introspection_c.c
[0.953s] -- Up-to-date symlink: /home/tejasva/robotdog_ws_copy/install/robotdog_msgs/local/lib/python3.10/dist-packages/robotdog_msgs/librobotdog_msgs__rosidl_generator_py.so
[0.953s] -- Up-to-date symlink: /home/tejasva/robotdog_ws_copy/install/robotdog_msgs/local/lib/python3.10/dist-packages/robotdog_msgs/msg/__init__.py
[0.953s] -- Up-to-date symlink: /home/tejasva/robotdog_ws_copy/install/robotdog_msgs/local/lib/python3.10/dist-packages/robotdog_msgs/msg/_geometry.py
[0.953s] -- Up-to-date symlink: /home/tejasva/robotdog_ws_copy/install/robotdog_msgs/local/lib/python3.10/dist-packages/robotdog_msgs/msg/_geometry_s.c
[0.953s] -- Up-to-date symlink: /home/tejasva/robotdog_ws_copy/install/robotdog_msgs/local/lib/python3.10/dist-packages/robotdog_msgs/msg/_keyboard_ctrl_cmd.py
[0.953s] -- Up-to-date symlink: /home/tejasva/robotdog_ws_copy/install/robotdog_msgs/local/lib/python3.10/dist-packages/robotdog_msgs/msg/_keyboard_ctrl_cmd_s.c
[0.954s] -- Up-to-date symlink: /home/tejasva/robotdog_ws_copy/install/robotdog_msgs/local/lib/python3.10/dist-packages/robotdog_msgs/robotdog_msgs_s__rosidl_typesupport_c.cpython-310-x86_64-linux-gnu.so
[0.954s] -- Up-to-date symlink: /home/tejasva/robotdog_ws_copy/install/robotdog_msgs/local/lib/python3.10/dist-packages/robotdog_msgs/robotdog_msgs_s__rosidl_typesupport_fastrtps_c.cpython-310-x86_64-linux-gnu.so
[0.954s] -- Up-to-date symlink: /home/tejasva/robotdog_ws_copy/install/robotdog_msgs/local/lib/python3.10/dist-packages/robotdog_msgs/robotdog_msgs_s__rosidl_typesupport_introspection_c.cpython-310-x86_64-linux-gnu.so
[0.954s] -- Up-to-date symlink: /home/tejasva/robotdog_ws_copy/install/robotdog_msgs/local/lib/python3.10/dist-packages/robotdog_msgs/robotdog_msgs_s__rosidl_typesupport_fastrtps_c.cpython-310-x86_64-linux-gnu.so
[0.954s] -- Up-to-date symlink: /home/tejasva/robotdog_ws_copy/install/robotdog_msgs/local/lib/python3.10/dist-packages/robotdog_msgs/robotdog_msgs_s__rosidl_typesupport_introspection_c.cpython-310-x86_64-linux-gnu.so
[0.954s] -- Up-to-date symlink: /home/tejasva/robotdog_ws_copy/install/robotdog_msgs/local/lib/python3.10/dist-packages/robotdog_msgs/robotdog_msgs_s__rosidl_typesupport_c.cpython-310-x86_64-linux-gnu.so
[0.955s] -- Up-to-date symlink: /home/tejasva/robotdog_ws_copy/install/robotdog_msgs/share/robotdog_msgs/msg/KeyboardCtrlCmd.idl
[0.955s] -- Up-to-date symlink: /home/tejasva/robotdog_ws_copy/install/robotdog_msgs/share/robotdog_msgs/msg/Geometry.idl
[0.955s] -- Up-to-date symlink: /home/tejasva/robotdog_ws_copy/install/robotdog_msgs/share/robotdog_msgs/msg/KeyboardCtrlCmd.msg
[0.955s] -- Up-to-date symlink: /home/tejasva/robotdog_ws_copy/install/robotdog_msgs/share/robotdog_msgs/msg/Geometry.msg
[0.955s] -- Up-to-date symlink: /home/tejasva/robotdog_ws_copy/install/robotdog_msgs/share/ament_index/resource_index/package_run_dependencies/robotdog_msgs
[0.956s] -- Up-to-date symlink: /home/tejasva/robotdog_ws_copy/install/robotdog_msgs/share/ament_index/resource_index/parent_prefix_path/robotdog_msgs
[0.956s] -- Up-to-date symlink: /home/tejasva/robotdog_ws_copy/install/robotdog_msgs/share/robotdog_msgs/environment/ament_prefix_path.sh
[0.956s] -- Up-to-date symlink: /home/tejasva/robotdog_ws_copy/install/robotdog_msgs/share/robotdog_msgs/environment/ament_prefix_path.dsv
[0.956s] -- Up-to-date symlink: /home/tejasva/robotdog_ws_copy/install/robotdog_msgs/share/robotdog_msgs/environment/path.sh
[0.956s] -- Up-to-date symlink: /home/tejasva/robotdog_ws_copy/install/robotdog_msgs/share/robotdog_msgs/environment/path.dsv
[0.956s] -- Up-to-date symlink: /home/tejasva/robotdog_ws_copy/install/robotdog_msgs/share/robotdog_msgs/local_setup.bash
[0.957s] -- Up-to-date symlink: /home/tejasva/robotdog_ws_copy/install/robotdog_msgs/share/robotdog_msgs/local_setup.sh
[0.957s] -- Up-to-date symlink: /home/tejasva/robotdog_ws_copy/install/robotdog_msgs/share/robotdog_msgs/local_setup.zsh
[0.957s] -- Up-to-date symlink: /home/tejasva/robotdog_ws_copy/install/robotdog_msgs/share/robotdog_msgs/local_setup.dsv
[0.957s] -- Symlinking: /home/tejasva/robotdog_ws_copy/install/robotdog_msgs/share/robotdog_msgs/package.dsv
[0.971s] -- Up-to-date symlink: /home/tejasva/robotdog_ws_copy/install/robotdog_msgs/share/ament_index/resource_index/packages/robotdog_msgs
[0.971s] -- Up-to-date symlink: /home/tejasva/robotdog_ws_copy/install/robotdog_msgs/share/robotdog_msgs/cmake/rosidl_cmake-extras.cmake
[0.971s] -- Up-to-date symlink: /home/tejasva/robotdog_ws_copy/install/robotdog_msgs/share/robotdog_msgs/cmake/ament_cmake_export_dependencies-extras.cmake
[0.971s] -- Up-to-date symlink: /home/tejasva/robotdog_ws_copy/install/robotdog_msgs/share/robotdog_msgs/cmake/ament_cmake_export_include_directories-extras.cmake
[0.971s] -- Up-to-date symlink: /home/tejasva/robotdog_ws_copy/install/robotdog_msgs/share/robotdog_msgs/cmake/ament_cmake_export_libraries-extras.cmake
[0.971s] -- Up-to-date symlink: /home/tejasva/robotdog_ws_copy/install/robotdog_msgs/share/robotdog_msgs/cmake/ament_cmake_export_targets-extras.cmake
[0.972s] -- Up-to-date symlink: /home/tejasva/robotdog_ws_copy/install/robotdog_msgs/share/robotdog_msgs/cmake/rosidl_cmake_export_typesupport_targets-extras.cmake
[0.972s] -- Up-to-date symlink: /home/tejasva/robotdog_ws_copy/install/robotdog_msgs/share/robotdog_msgs/cmake/rosidl_cmake_export_typesupport_libraries-extras.cmake
[0.972s] -- Up-to-date symlink: /home/tejasva/robotdog_ws_copy/install/robotdog_msgs/share/robotdog_msgs/cmake/robotdog_msgsConfig.cmake
[0.972s] -- Up-to-date symlink: /home/tejasva/robotdog_ws_copy/install/robotdog_msgs/share/robotdog_msgs/cmake/robotdog_msgsConfig-version.cmake
[0.972s] -- Up-to-date symlink: /home/tejasva/robotdog_ws_copy/install/robotdog_msgs/share/robotdog_msgs/package.xml
[0.973s] -- Up-to-date: /home/tejasva/robotdog_ws_copy/install/robotdog_msgs/lib/librobotdog_msgs__rosidl_generator_c.so
[0.973s] -- Up-to-date: /home/tejasva/robotdog_ws_copy/install/robotdog_msgs/lib/librobotdog_msgs__rosidl_typesupport_fastrtps_c.so
[0.973s] -- Up-to-date: /home/tejasva/robotdog_ws_copy/install/robotdog_msgs/lib/librobotdog_msgs__rosidl_typesupport_fastrtps_cpp.so
[0.974s] -- Up-to-date: /home/tejasva/robotdog_ws_copy/install/robotdog_msgs/lib/librobotdog_msgs__rosidl_typesupport_introspection_c.so
[0.974s] -- Up-to-date: /home/tejasva/robotdog_ws_copy/install/robotdog_msgs/lib/librobotdog_msgs__rosidl_typesupport_c.so
[0.974s] -- Up-to-date: /home/tejasva/robotdog_ws_copy/install/robotdog_msgs/lib/librobotdog_msgs__rosidl_typesupport_introspection_cpp.so
[0.975s] -- Up-to-date: /home/tejasva/robotdog_ws_copy/install/robotdog_msgs/lib/librobotdog_msgs__rosidl_typesupport_cpp.so
[1.014s] Listing '/home/tejasva/robotdog_ws_copy/install/robotdog_msgs/local/lib/python3.10/dist-packages/robotdog_msgs'...
[1.014s] Listing '/home/tejasva/robotdog_ws_copy/install/robotdog_msgs/local/lib/python3.10/dist-packages/robotdog_msgs/msg'...
[1.020s] -- Up-to-date: /home/tejasva/robotdog_ws_copy/install/robotdog_msgs/lib/librobotdog_msgs__rosidl_generator_py.so
[1.021s] -- Up-to-date: /home/tejasva/robotdog_ws_copy/install/robotdog_msgs/share/robotdog_msgs/cmake/export_robotdog_msgs__rosidl_generator_cExport.cmake
[1.021s] -- Up-to-date: /home/tejasva/robotdog_ws_copy/install/robotdog_msgs/share/robotdog_msgs/cmake/export_robotdog_msgs__rosidl_generator_cExport-noconfig.cmake
[1.021s] -- Up-to-date: /home/tejasva/robotdog_ws_copy/install/robotdog_msgs/share/robotdog_msgs/cmake/export_robotdog_msgs__rosidl_typesupport_fastrtps_cExport.cmake
[1.021s] -- Up-to-date: /home/tejasva/robotdog_ws_copy/install/robotdog_msgs/share/robotdog_msgs/cmake/export_robotdog_msgs__rosidl_typesupport_fastrtps_cExport-noconfig.cmake
[1.021s] -- Up-to-date: /home/tejasva/robotdog_ws_copy/install/robotdog_msgs/share/robotdog_msgs/cmake/export_robotdog_msgs__rosidl_generator_cppExport.cmake
[1.021s] -- Up-to-date: /home/tejasva/robotdog_ws_copy/install/robotdog_msgs/share/robotdog_msgs/cmake/export_robotdog_msgs__rosidl_typesupport_fastrtps_cppExport.cmake
[1.021s] -- Up-to-date: /home/tejasva/robotdog_ws_copy/install/robotdog_msgs/share/robotdog_msgs/cmake/export_robotdog_msgs__rosidl_typesupport_fastrtps_cppExport-noconfig.cmake
[1.021s] -- Up-to-date: /home/tejasva/robotdog_ws_copy/install/robotdog_msgs/share/robotdog_msgs/cmake/robotdog_msgs__rosidl_typesupport_introspection_cExport.cmake
[1.021s] -- Up-to-date: /home/tejasva/robotdog_ws_copy/install/robotdog_msgs/share/robotdog_msgs/cmake/robotdog_msgs__rosidl_typesupport_introspection_cExport-noconfig.cmake
[1.021s] -- Up-to-date: /home/tejasva/robotdog_ws_copy/install/robotdog_msgs/share/robotdog_msgs/cmake/robotdog_msgs__rosidl_typesupport_cExport.cmake
[1.021s] -- Up-to-date: /home/tejasva/robotdog_ws_copy/install/robotdog_msgs/share/robotdog_msgs/cmake/robotdog_msgs__rosidl_typesupport_cExport-noconfig.cmake
[1.021s] -- Up-to-date: /home/tejasva/robotdog_ws_copy/install/robotdog_msgs/share/robotdog_msgs/cmake/robotdog_msgs__rosidl_typesupport_introspection_cppExport.cmake
[1.022s] -- Up-to-date: /home/tejasva/robotdog_ws_copy/install/robotdog_msgs/share/robotdog_msgs/cmake/robotdog_msgs__rosidl_typesupport_introspection_cppExport-noconfig.cmake
[1.022s] -- Up-to-date: /home/tejasva/robotdog_ws_copy/install/robotdog_msgs/share/robotdog_msgs/cmake/robotdog_msgs__rosidl_typesupport_cppExport.cmake
[1.022s] -- Up-to-date: /home/tejasva/robotdog_ws_copy/install/robotdog_msgs/share/robotdog_msgs/cmake/robotdog_msgs__rosidl_typesupport_cppExport-noconfig.cmake
[1.022s] -- Up-to-date: /home/tejasva/robotdog_ws_copy/install/robotdog_msgs/share/robotdog_msgs/cmake/export_robotdog_msgs__rosidl_generator_pyExport.cmake
[1.022s] -- Up-to-date: /home/tejasva/robotdog_ws_copy/install/robotdog_msgs/share/robotdog_msgs/cmake/export_robotdog_msgs__rosidl_generator_pyExport-noconfig.cmake
[1.026s] Invoked command in '/home/tejasva/robotdog_ws_copy/build/robotdog_msgs' returned '0': CMAKE_PREFIX_PATH=${CMAKE_PREFIX_PATH}:/home/tejasva/robotdog_ws_copy/install/robotdog_control:/opt/ros/humble /usr/bin/cmake --install /home/tejasva/robotdog_ws_copy/build/robotdog_msgs
