[ 10%] Built target robotdog_msgs__rosidl_generator_c
[ 12%] Built target robotdog_msgs__cpp
[ 12%] Built target ament_cmake_python_symlink_robotdog_msgs
[ 23%] Built target robotdog_msgs__rosidl_typesupport_c
[ 33%] Built target robotdog_msgs__rosidl_typesupport_introspection_c
[ 43%] Built target robotdog_msgs__rosidl_typesupport_introspection_cpp
[ 53%] Built target robotdog_msgs__rosidl_typesupport_fastrtps_c
[ 64%] Built target robotdog_msgs__rosidl_typesupport_fastrtps_cpp
[ 74%] Built target robotdog_msgs__rosidl_typesupport_cpp
[ 74%] Built target robotdog_msgs
[ 76%] Built target robotdog_msgs__py
[ 84%] Built target robotdog_msgs__rosidl_generator_py
[100%] Built target robotdog_msgs__rosidl_typesupport_c__pyext
[100%] Built target robotdog_msgs__rosidl_typesupport_fastrtps_c__pyext
[100%] Built target robotdog_msgs__rosidl_typesupport_introspection_c__pyext
running egg_info
writing robotdog_msgs.egg-info/PKG-INFO
writing dependency_links to robotdog_msgs.egg-info/dependency_links.txt
writing top-level names to robotdog_msgs.egg-info/top_level.txt
reading manifest file 'robotdog_msgs.egg-info/SOURCES.txt'
writing manifest file 'robotdog_msgs.egg-info/SOURCES.txt'
[100%] Built target ament_cmake_python_build_robotdog_msgs_egg
-- Install configuration: ""
-- Execute custom install script
-- Up-to-date symlink: /home/tejasva/robotdog_ws_copy/install/robotdog_msgs/share/ament_index/resource_index/rosidl_interfaces/robotdog_msgs
-- Up-to-date symlink: /home/tejasva/robotdog_ws_copy/install/robotdog_msgs/include/robotdog_msgs/robotdog_msgs/msg/detail/geometry__functions.h
-- Up-to-date symlink: /home/tejasva/robotdog_ws_copy/install/robotdog_msgs/include/robotdog_msgs/robotdog_msgs/msg/detail/geometry__struct.h
-- Up-to-date symlink: /home/tejasva/robotdog_ws_copy/install/robotdog_msgs/include/robotdog_msgs/robotdog_msgs/msg/detail/geometry__type_support.h
-- Up-to-date symlink: /home/tejasva/robotdog_ws_copy/install/robotdog_msgs/include/robotdog_msgs/robotdog_msgs/msg/detail/keyboard_ctrl_cmd__functions.h
-- Up-to-date symlink: /home/tejasva/robotdog_ws_copy/install/robotdog_msgs/include/robotdog_msgs/robotdog_msgs/msg/detail/keyboard_ctrl_cmd__struct.h
-- Up-to-date symlink: /home/tejasva/robotdog_ws_copy/install/robotdog_msgs/include/robotdog_msgs/robotdog_msgs/msg/detail/keyboard_ctrl_cmd__type_support.h
-- Up-to-date symlink: /home/tejasva/robotdog_ws_copy/install/robotdog_msgs/include/robotdog_msgs/robotdog_msgs/msg/geometry.h
-- Up-to-date symlink: /home/tejasva/robotdog_ws_copy/install/robotdog_msgs/include/robotdog_msgs/robotdog_msgs/msg/keyboard_ctrl_cmd.h
-- Up-to-date symlink: /home/tejasva/robotdog_ws_copy/install/robotdog_msgs/include/robotdog_msgs/robotdog_msgs/msg/rosidl_generator_c__visibility_control.h
-- Up-to-date symlink: /home/tejasva/robotdog_ws_copy/install/robotdog_msgs/share/robotdog_msgs/environment/library_path.sh
-- Up-to-date symlink: /home/tejasva/robotdog_ws_copy/install/robotdog_msgs/share/robotdog_msgs/environment/library_path.dsv
-- Up-to-date symlink: /home/tejasva/robotdog_ws_copy/install/robotdog_msgs/include/robotdog_msgs/robotdog_msgs/msg/detail/geometry__rosidl_typesupport_fastrtps_c.h
-- Up-to-date symlink: /home/tejasva/robotdog_ws_copy/install/robotdog_msgs/include/robotdog_msgs/robotdog_msgs/msg/detail/keyboard_ctrl_cmd__rosidl_typesupport_fastrtps_c.h
-- Up-to-date symlink: /home/tejasva/robotdog_ws_copy/install/robotdog_msgs/include/robotdog_msgs/robotdog_msgs/msg/rosidl_typesupport_fastrtps_c__visibility_control.h
-- Up-to-date symlink: /home/tejasva/robotdog_ws_copy/install/robotdog_msgs/include/robotdog_msgs/robotdog_msgs/msg/detail/geometry__builder.hpp
-- Up-to-date symlink: /home/tejasva/robotdog_ws_copy/install/robotdog_msgs/include/robotdog_msgs/robotdog_msgs/msg/detail/geometry__struct.hpp
-- Up-to-date symlink: /home/tejasva/robotdog_ws_copy/install/robotdog_msgs/include/robotdog_msgs/robotdog_msgs/msg/detail/geometry__traits.hpp
-- Up-to-date symlink: /home/tejasva/robotdog_ws_copy/install/robotdog_msgs/include/robotdog_msgs/robotdog_msgs/msg/detail/geometry__type_support.hpp
-- Up-to-date symlink: /home/tejasva/robotdog_ws_copy/install/robotdog_msgs/include/robotdog_msgs/robotdog_msgs/msg/detail/keyboard_ctrl_cmd__builder.hpp
-- Up-to-date symlink: /home/tejasva/robotdog_ws_copy/install/robotdog_msgs/include/robotdog_msgs/robotdog_msgs/msg/detail/keyboard_ctrl_cmd__struct.hpp
-- Up-to-date symlink: /home/tejasva/robotdog_ws_copy/install/robotdog_msgs/include/robotdog_msgs/robotdog_msgs/msg/detail/keyboard_ctrl_cmd__traits.hpp
-- Up-to-date symlink: /home/tejasva/robotdog_ws_copy/install/robotdog_msgs/include/robotdog_msgs/robotdog_msgs/msg/detail/keyboard_ctrl_cmd__type_support.hpp
-- Up-to-date symlink: /home/tejasva/robotdog_ws_copy/install/robotdog_msgs/include/robotdog_msgs/robotdog_msgs/msg/geometry.hpp
-- Up-to-date symlink: /home/tejasva/robotdog_ws_copy/install/robotdog_msgs/include/robotdog_msgs/robotdog_msgs/msg/keyboard_ctrl_cmd.hpp
-- Up-to-date symlink: /home/tejasva/robotdog_ws_copy/install/robotdog_msgs/include/robotdog_msgs/robotdog_msgs/msg/rosidl_generator_cpp__visibility_control.hpp
-- Up-to-date symlink: /home/tejasva/robotdog_ws_copy/install/robotdog_msgs/include/robotdog_msgs/robotdog_msgs/msg/detail/geometry__rosidl_typesupport_fastrtps_cpp.hpp
-- Up-to-date symlink: /home/tejasva/robotdog_ws_copy/install/robotdog_msgs/include/robotdog_msgs/robotdog_msgs/msg/detail/keyboard_ctrl_cmd__rosidl_typesupport_fastrtps_cpp.hpp
-- Up-to-date symlink: /home/tejasva/robotdog_ws_copy/install/robotdog_msgs/include/robotdog_msgs/robotdog_msgs/msg/rosidl_typesupport_fastrtps_cpp__visibility_control.h
-- Up-to-date symlink: /home/tejasva/robotdog_ws_copy/install/robotdog_msgs/include/robotdog_msgs/robotdog_msgs/msg/detail/geometry__rosidl_typesupport_introspection_c.h
-- Up-to-date symlink: /home/tejasva/robotdog_ws_copy/install/robotdog_msgs/include/robotdog_msgs/robotdog_msgs/msg/detail/keyboard_ctrl_cmd__rosidl_typesupport_introspection_c.h
-- Up-to-date symlink: /home/tejasva/robotdog_ws_copy/install/robotdog_msgs/include/robotdog_msgs/robotdog_msgs/msg/rosidl_typesupport_introspection_c__visibility_control.h
-- Up-to-date symlink: /home/tejasva/robotdog_ws_copy/install/robotdog_msgs/include/robotdog_msgs/robotdog_msgs/msg/detail/geometry__rosidl_typesupport_introspection_cpp.hpp
-- Up-to-date symlink: /home/tejasva/robotdog_ws_copy/install/robotdog_msgs/include/robotdog_msgs/robotdog_msgs/msg/detail/keyboard_ctrl_cmd__rosidl_typesupport_introspection_cpp.hpp
-- Up-to-date symlink: /home/tejasva/robotdog_ws_copy/install/robotdog_msgs/share/robotdog_msgs/environment/pythonpath.sh
-- Up-to-date symlink: /home/tejasva/robotdog_ws_copy/install/robotdog_msgs/share/robotdog_msgs/environment/pythonpath.dsv
-- Up-to-date symlink: /home/tejasva/robotdog_ws_copy/install/robotdog_msgs/local/lib/python3.10/dist-packages/robotdog_msgs-0.0.0-py3.10.egg-info/PKG-INFO
-- Up-to-date symlink: /home/tejasva/robotdog_ws_copy/install/robotdog_msgs/local/lib/python3.10/dist-packages/robotdog_msgs-0.0.0-py3.10.egg-info/SOURCES.txt
-- Up-to-date symlink: /home/tejasva/robotdog_ws_copy/install/robotdog_msgs/local/lib/python3.10/dist-packages/robotdog_msgs-0.0.0-py3.10.egg-info/dependency_links.txt
-- Up-to-date symlink: /home/tejasva/robotdog_ws_copy/install/robotdog_msgs/local/lib/python3.10/dist-packages/robotdog_msgs-0.0.0-py3.10.egg-info/top_level.txt
-- Up-to-date symlink: /home/tejasva/robotdog_ws_copy/install/robotdog_msgs/local/lib/python3.10/dist-packages/robotdog_msgs/__init__.py
-- Up-to-date symlink: /home/tejasva/robotdog_ws_copy/install/robotdog_msgs/local/lib/python3.10/dist-packages/robotdog_msgs/_robotdog_msgs_s.ep.rosidl_typesupport_c.c
-- Up-to-date symlink: /home/tejasva/robotdog_ws_copy/install/robotdog_msgs/local/lib/python3.10/dist-packages/robotdog_msgs/_robotdog_msgs_s.ep.rosidl_typesupport_fastrtps_c.c
-- Up-to-date symlink: /home/tejasva/robotdog_ws_copy/install/robotdog_msgs/local/lib/python3.10/dist-packages/robotdog_msgs/_robotdog_msgs_s.ep.rosidl_typesupport_introspection_c.c
-- Up-to-date symlink: /home/tejasva/robotdog_ws_copy/install/robotdog_msgs/local/lib/python3.10/dist-packages/robotdog_msgs/librobotdog_msgs__rosidl_generator_py.so
-- Up-to-date symlink: /home/tejasva/robotdog_ws_copy/install/robotdog_msgs/local/lib/python3.10/dist-packages/robotdog_msgs/msg/__init__.py
-- Up-to-date symlink: /home/tejasva/robotdog_ws_copy/install/robotdog_msgs/local/lib/python3.10/dist-packages/robotdog_msgs/msg/_geometry.py
-- Up-to-date symlink: /home/tejasva/robotdog_ws_copy/install/robotdog_msgs/local/lib/python3.10/dist-packages/robotdog_msgs/msg/_geometry_s.c
-- Up-to-date symlink: /home/tejasva/robotdog_ws_copy/install/robotdog_msgs/local/lib/python3.10/dist-packages/robotdog_msgs/msg/_keyboard_ctrl_cmd.py
-- Up-to-date symlink: /home/tejasva/robotdog_ws_copy/install/robotdog_msgs/local/lib/python3.10/dist-packages/robotdog_msgs/msg/_keyboard_ctrl_cmd_s.c
-- Up-to-date symlink: /home/tejasva/robotdog_ws_copy/install/robotdog_msgs/local/lib/python3.10/dist-packages/robotdog_msgs/robotdog_msgs_s__rosidl_typesupport_c.cpython-310-x86_64-linux-gnu.so
-- Up-to-date symlink: /home/tejasva/robotdog_ws_copy/install/robotdog_msgs/local/lib/python3.10/dist-packages/robotdog_msgs/robotdog_msgs_s__rosidl_typesupport_fastrtps_c.cpython-310-x86_64-linux-gnu.so
-- Up-to-date symlink: /home/tejasva/robotdog_ws_copy/install/robotdog_msgs/local/lib/python3.10/dist-packages/robotdog_msgs/robotdog_msgs_s__rosidl_typesupport_introspection_c.cpython-310-x86_64-linux-gnu.so
-- Up-to-date symlink: /home/tejasva/robotdog_ws_copy/install/robotdog_msgs/local/lib/python3.10/dist-packages/robotdog_msgs/robotdog_msgs_s__rosidl_typesupport_fastrtps_c.cpython-310-x86_64-linux-gnu.so
-- Up-to-date symlink: /home/tejasva/robotdog_ws_copy/install/robotdog_msgs/local/lib/python3.10/dist-packages/robotdog_msgs/robotdog_msgs_s__rosidl_typesupport_introspection_c.cpython-310-x86_64-linux-gnu.so
-- Up-to-date symlink: /home/tejasva/robotdog_ws_copy/install/robotdog_msgs/local/lib/python3.10/dist-packages/robotdog_msgs/robotdog_msgs_s__rosidl_typesupport_c.cpython-310-x86_64-linux-gnu.so
-- Up-to-date symlink: /home/tejasva/robotdog_ws_copy/install/robotdog_msgs/share/robotdog_msgs/msg/KeyboardCtrlCmd.idl
-- Up-to-date symlink: /home/tejasva/robotdog_ws_copy/install/robotdog_msgs/share/robotdog_msgs/msg/Geometry.idl
-- Up-to-date symlink: /home/tejasva/robotdog_ws_copy/install/robotdog_msgs/share/robotdog_msgs/msg/KeyboardCtrlCmd.msg
-- Up-to-date symlink: /home/tejasva/robotdog_ws_copy/install/robotdog_msgs/share/robotdog_msgs/msg/Geometry.msg
-- Up-to-date symlink: /home/tejasva/robotdog_ws_copy/install/robotdog_msgs/share/ament_index/resource_index/package_run_dependencies/robotdog_msgs
-- Up-to-date symlink: /home/tejasva/robotdog_ws_copy/install/robotdog_msgs/share/ament_index/resource_index/parent_prefix_path/robotdog_msgs
-- Up-to-date symlink: /home/tejasva/robotdog_ws_copy/install/robotdog_msgs/share/robotdog_msgs/environment/ament_prefix_path.sh
-- Up-to-date symlink: /home/tejasva/robotdog_ws_copy/install/robotdog_msgs/share/robotdog_msgs/environment/ament_prefix_path.dsv
-- Up-to-date symlink: /home/tejasva/robotdog_ws_copy/install/robotdog_msgs/share/robotdog_msgs/environment/path.sh
-- Up-to-date symlink: /home/tejasva/robotdog_ws_copy/install/robotdog_msgs/share/robotdog_msgs/environment/path.dsv
-- Up-to-date symlink: /home/tejasva/robotdog_ws_copy/install/robotdog_msgs/share/robotdog_msgs/local_setup.bash
-- Up-to-date symlink: /home/tejasva/robotdog_ws_copy/install/robotdog_msgs/share/robotdog_msgs/local_setup.sh
-- Up-to-date symlink: /home/tejasva/robotdog_ws_copy/install/robotdog_msgs/share/robotdog_msgs/local_setup.zsh
-- Up-to-date symlink: /home/tejasva/robotdog_ws_copy/install/robotdog_msgs/share/robotdog_msgs/local_setup.dsv
-- Symlinking: /home/tejasva/robotdog_ws_copy/install/robotdog_msgs/share/robotdog_msgs/package.dsv
-- Up-to-date symlink: /home/tejasva/robotdog_ws_copy/install/robotdog_msgs/share/ament_index/resource_index/packages/robotdog_msgs
-- Up-to-date symlink: /home/tejasva/robotdog_ws_copy/install/robotdog_msgs/share/robotdog_msgs/cmake/rosidl_cmake-extras.cmake
-- Up-to-date symlink: /home/tejasva/robotdog_ws_copy/install/robotdog_msgs/share/robotdog_msgs/cmake/ament_cmake_export_dependencies-extras.cmake
-- Up-to-date symlink: /home/tejasva/robotdog_ws_copy/install/robotdog_msgs/share/robotdog_msgs/cmake/ament_cmake_export_include_directories-extras.cmake
-- Up-to-date symlink: /home/tejasva/robotdog_ws_copy/install/robotdog_msgs/share/robotdog_msgs/cmake/ament_cmake_export_libraries-extras.cmake
-- Up-to-date symlink: /home/tejasva/robotdog_ws_copy/install/robotdog_msgs/share/robotdog_msgs/cmake/ament_cmake_export_targets-extras.cmake
-- Up-to-date symlink: /home/tejasva/robotdog_ws_copy/install/robotdog_msgs/share/robotdog_msgs/cmake/rosidl_cmake_export_typesupport_targets-extras.cmake
-- Up-to-date symlink: /home/tejasva/robotdog_ws_copy/install/robotdog_msgs/share/robotdog_msgs/cmake/rosidl_cmake_export_typesupport_libraries-extras.cmake
-- Up-to-date symlink: /home/tejasva/robotdog_ws_copy/install/robotdog_msgs/share/robotdog_msgs/cmake/robotdog_msgsConfig.cmake
-- Up-to-date symlink: /home/tejasva/robotdog_ws_copy/install/robotdog_msgs/share/robotdog_msgs/cmake/robotdog_msgsConfig-version.cmake
-- Up-to-date symlink: /home/tejasva/robotdog_ws_copy/install/robotdog_msgs/share/robotdog_msgs/package.xml
-- Up-to-date: /home/tejasva/robotdog_ws_copy/install/robotdog_msgs/lib/librobotdog_msgs__rosidl_generator_c.so
-- Up-to-date: /home/tejasva/robotdog_ws_copy/install/robotdog_msgs/lib/librobotdog_msgs__rosidl_typesupport_fastrtps_c.so
-- Up-to-date: /home/tejasva/robotdog_ws_copy/install/robotdog_msgs/lib/librobotdog_msgs__rosidl_typesupport_fastrtps_cpp.so
-- Up-to-date: /home/tejasva/robotdog_ws_copy/install/robotdog_msgs/lib/librobotdog_msgs__rosidl_typesupport_introspection_c.so
-- Up-to-date: /home/tejasva/robotdog_ws_copy/install/robotdog_msgs/lib/librobotdog_msgs__rosidl_typesupport_c.so
-- Up-to-date: /home/tejasva/robotdog_ws_copy/install/robotdog_msgs/lib/librobotdog_msgs__rosidl_typesupport_introspection_cpp.so
-- Up-to-date: /home/tejasva/robotdog_ws_copy/install/robotdog_msgs/lib/librobotdog_msgs__rosidl_typesupport_cpp.so
Listing '/home/tejasva/robotdog_ws_copy/install/robotdog_msgs/local/lib/python3.10/dist-packages/robotdog_msgs'...
Listing '/home/tejasva/robotdog_ws_copy/install/robotdog_msgs/local/lib/python3.10/dist-packages/robotdog_msgs/msg'...
-- Up-to-date: /home/tejasva/robotdog_ws_copy/install/robotdog_msgs/lib/librobotdog_msgs__rosidl_generator_py.so
-- Up-to-date: /home/tejasva/robotdog_ws_copy/install/robotdog_msgs/share/robotdog_msgs/cmake/export_robotdog_msgs__rosidl_generator_cExport.cmake
-- Up-to-date: /home/tejasva/robotdog_ws_copy/install/robotdog_msgs/share/robotdog_msgs/cmake/export_robotdog_msgs__rosidl_generator_cExport-noconfig.cmake
-- Up-to-date: /home/tejasva/robotdog_ws_copy/install/robotdog_msgs/share/robotdog_msgs/cmake/export_robotdog_msgs__rosidl_typesupport_fastrtps_cExport.cmake
-- Up-to-date: /home/tejasva/robotdog_ws_copy/install/robotdog_msgs/share/robotdog_msgs/cmake/export_robotdog_msgs__rosidl_typesupport_fastrtps_cExport-noconfig.cmake
-- Up-to-date: /home/tejasva/robotdog_ws_copy/install/robotdog_msgs/share/robotdog_msgs/cmake/export_robotdog_msgs__rosidl_generator_cppExport.cmake
-- Up-to-date: /home/tejasva/robotdog_ws_copy/install/robotdog_msgs/share/robotdog_msgs/cmake/export_robotdog_msgs__rosidl_typesupport_fastrtps_cppExport.cmake
-- Up-to-date: /home/tejasva/robotdog_ws_copy/install/robotdog_msgs/share/robotdog_msgs/cmake/export_robotdog_msgs__rosidl_typesupport_fastrtps_cppExport-noconfig.cmake
-- Up-to-date: /home/tejasva/robotdog_ws_copy/install/robotdog_msgs/share/robotdog_msgs/cmake/robotdog_msgs__rosidl_typesupport_introspection_cExport.cmake
-- Up-to-date: /home/tejasva/robotdog_ws_copy/install/robotdog_msgs/share/robotdog_msgs/cmake/robotdog_msgs__rosidl_typesupport_introspection_cExport-noconfig.cmake
-- Up-to-date: /home/tejasva/robotdog_ws_copy/install/robotdog_msgs/share/robotdog_msgs/cmake/robotdog_msgs__rosidl_typesupport_cExport.cmake
-- Up-to-date: /home/tejasva/robotdog_ws_copy/install/robotdog_msgs/share/robotdog_msgs/cmake/robotdog_msgs__rosidl_typesupport_cExport-noconfig.cmake
-- Up-to-date: /home/tejasva/robotdog_ws_copy/install/robotdog_msgs/share/robotdog_msgs/cmake/robotdog_msgs__rosidl_typesupport_introspection_cppExport.cmake
-- Up-to-date: /home/tejasva/robotdog_ws_copy/install/robotdog_msgs/share/robotdog_msgs/cmake/robotdog_msgs__rosidl_typesupport_introspection_cppExport-noconfig.cmake
-- Up-to-date: /home/tejasva/robotdog_ws_copy/install/robotdog_msgs/share/robotdog_msgs/cmake/robotdog_msgs__rosidl_typesupport_cppExport.cmake
-- Up-to-date: /home/tejasva/robotdog_ws_copy/install/robotdog_msgs/share/robotdog_msgs/cmake/robotdog_msgs__rosidl_typesupport_cppExport-noconfig.cmake
-- Up-to-date: /home/tejasva/robotdog_ws_copy/install/robotdog_msgs/share/robotdog_msgs/cmake/export_robotdog_msgs__rosidl_generator_pyExport.cmake
-- Up-to-date: /home/tejasva/robotdog_ws_copy/install/robotdog_msgs/share/robotdog_msgs/cmake/export_robotdog_msgs__rosidl_generator_pyExport-noconfig.cmake
