[0.384s] Invoking command in '/home/tejasva/robotdog_ws_copy/build/robotdog_teleop': CMAKE_PREFIX_PATH=${CMAKE_PREFIX_PATH}:/home/tejasva/robotdog_ws_copy/install/robotdog_control:/opt/ros/humble /usr/bin/cmake --build /home/tejasva/robotdog_ws_copy/build/robotdog_teleop -- -j16 -l16
[0.445s] [35m[1mConsolidate compiler generated dependencies of target robotdog_teleop[0m
[0.485s] [100%] Built target robotdog_teleop
[0.523s] Invoked command in '/home/tejasva/robotdog_ws_copy/build/robotdog_teleop' returned '0': CMAKE_PREFIX_PATH=${CMAKE_PREFIX_PATH}:/home/tejasva/robotdog_ws_copy/install/robotdog_control:/opt/ros/humble /usr/bin/cmake --build /home/tejasva/robotdog_ws_copy/build/robotdog_teleop -- -j16 -l16
[0.525s] Invoking command in '/home/tejasva/robotdog_ws_copy/build/robotdog_teleop': CMAKE_PREFIX_PATH=${CMAKE_PREFIX_PATH}:/home/tejasva/robotdog_ws_copy/install/robotdog_control:/opt/ros/humble /usr/bin/cmake --install /home/tejasva/robotdog_ws_copy/build/robotdog_teleop
[0.536s] -- Install configuration: ""
[0.537s] -- Execute custom install script
[0.537s] -- Up-to-date symlink: /home/tejasva/robotdog_ws_copy/install/robotdog_teleop/lib/robotdog_teleop/robotdog_teleop
[0.538s] -- Up-to-date symlink: /home/tejasva/robotdog_ws_copy/install/robotdog_teleop/share/ament_index/resource_index/package_run_dependencies/robotdog_teleop
[0.538s] -- Up-to-date symlink: /home/tejasva/robotdog_ws_copy/install/robotdog_teleop/share/ament_index/resource_index/parent_prefix_path/robotdog_teleop
[0.538s] -- Up-to-date symlink: /home/tejasva/robotdog_ws_copy/install/robotdog_teleop/share/robotdog_teleop/environment/ament_prefix_path.sh
[0.538s] -- Up-to-date symlink: /home/tejasva/robotdog_ws_copy/install/robotdog_teleop/share/robotdog_teleop/environment/ament_prefix_path.dsv
[0.539s] -- Up-to-date symlink: /home/tejasva/robotdog_ws_copy/install/robotdog_teleop/share/robotdog_teleop/environment/path.sh
[0.539s] -- Up-to-date symlink: /home/tejasva/robotdog_ws_copy/install/robotdog_teleop/share/robotdog_teleop/environment/path.dsv
[0.539s] -- Up-to-date symlink: /home/tejasva/robotdog_ws_copy/install/robotdog_teleop/share/robotdog_teleop/local_setup.bash
[0.539s] -- Up-to-date symlink: /home/tejasva/robotdog_ws_copy/install/robotdog_teleop/share/robotdog_teleop/local_setup.sh
[0.540s] -- Up-to-date symlink: /home/tejasva/robotdog_ws_copy/install/robotdog_teleop/share/robotdog_teleop/local_setup.zsh
[0.540s] -- Up-to-date symlink: /home/tejasva/robotdog_ws_copy/install/robotdog_teleop/share/robotdog_teleop/local_setup.dsv
[0.540s] -- Symlinking: /home/tejasva/robotdog_ws_copy/install/robotdog_teleop/share/robotdog_teleop/package.dsv
[0.556s] -- Up-to-date symlink: /home/tejasva/robotdog_ws_copy/install/robotdog_teleop/share/ament_index/resource_index/packages/robotdog_teleop
[0.556s] -- Up-to-date symlink: /home/tejasva/robotdog_ws_copy/install/robotdog_teleop/share/robotdog_teleop/cmake/robotdog_teleopConfig.cmake
[0.556s] -- Up-to-date symlink: /home/tejasva/robotdog_ws_copy/install/robotdog_teleop/share/robotdog_teleop/cmake/robotdog_teleopConfig-version.cmake
[0.556s] -- Up-to-date symlink: /home/tejasva/robotdog_ws_copy/install/robotdog_teleop/share/robotdog_teleop/package.xml
[0.562s] Invoked command in '/home/tejasva/robotdog_ws_copy/build/robotdog_teleop' returned '0': CMAKE_PREFIX_PATH=${CMAKE_PREFIX_PATH}:/home/tejasva/robotdog_ws_copy/install/robotdog_control:/opt/ros/humble /usr/bin/cmake --install /home/tejasva/robotdog_ws_copy/build/robotdog_teleop
