[0.101s] DEBUG:colcon:Command line arguments: ['/usr/bin/colcon', 'build', '--symlink-install']
[0.102s] DEBUG:colcon:Parsed command line arguments: Namespace(log_base=None, log_level=None, verb_name='build', build_base='build', install_base='install', merge_install=False, symlink_install=True, test_result_base=None, continue_on_error=False, executor='parallel', parallel_workers=16, event_handlers=None, ignore_user_meta=False, metas=['./colcon.meta'], base_paths=['.'], packages_ignore=None, packages_ignore_regex=None, paths=None, packages_up_to=None, packages_up_to_regex=None, packages_above=None, packages_above_and_dependencies=None, packages_above_depth=None, packages_select_by_dep=None, packages_skip_by_dep=None, packages_skip_up_to=None, packages_select_build_failed=False, packages_skip_build_finished=False, packages_select_test_failures=False, packages_skip_test_passed=False, packages_select=None, packages_skip=None, packages_select_regex=None, packages_skip_regex=None, packages_start=None, packages_end=None, allow_overriding=[], cmake_args=None, cmake_target=None, cmake_target_skip_unavailable=False, cmake_clean_cache=False, cmake_clean_first=False, cmake_force_configure=False, ament_cmake_args=None, catkin_cmake_args=None, catkin_skip_building_tests=False, verb_parser=<colcon_defaults.argument_parser.defaults.DefaultArgumentsDecorator object at 0x76a044381840>, verb_extension=<colcon_core.verb.build.BuildVerb object at 0x76a044302e60>, main=<bound method BuildVerb.main of <colcon_core.verb.build.BuildVerb object at 0x76a044302e60>>)
[0.310s] Level 1:colcon.colcon_core.package_discovery:discover_packages(colcon_meta) check parameters
[0.310s] Level 1:colcon.colcon_core.package_discovery:discover_packages(recursive) check parameters
[0.310s] Level 1:colcon.colcon_core.package_discovery:discover_packages(ignore) check parameters
[0.310s] Level 1:colcon.colcon_core.package_discovery:discover_packages(path) check parameters
[0.311s] Level 1:colcon.colcon_core.package_discovery:discover_packages(colcon_meta) discover
[0.311s] Level 1:colcon.colcon_core.package_discovery:discover_packages(recursive) discover
[0.311s] INFO:colcon.colcon_core.package_discovery:Crawling recursively for packages in '/home/tejasva/robotdog_ws_copy'
[0.311s] Level 1:colcon.colcon_core.package_identification:_identify(.) by extensions ['ignore', 'ignore_ament_install']
[0.311s] Level 1:colcon.colcon_core.package_identification:_identify(.) by extension 'ignore'
[0.311s] Level 1:colcon.colcon_core.package_identification:_identify(.) by extension 'ignore_ament_install'
[0.311s] Level 1:colcon.colcon_core.package_identification:_identify(.) by extensions ['colcon_pkg']
[0.311s] Level 1:colcon.colcon_core.package_identification:_identify(.) by extension 'colcon_pkg'
[0.311s] Level 1:colcon.colcon_core.package_identification:_identify(.) by extensions ['colcon_meta']
[0.311s] Level 1:colcon.colcon_core.package_identification:_identify(.) by extension 'colcon_meta'
[0.312s] Level 1:colcon.colcon_core.package_identification:_identify(.) by extensions ['ros']
[0.312s] Level 1:colcon.colcon_core.package_identification:_identify(.) by extension 'ros'
[0.363s] Level 1:colcon.colcon_core.package_identification:_identify(.) by extensions ['cmake', 'python']
[0.364s] Level 1:colcon.colcon_core.package_identification:_identify(.) by extension 'cmake'
[0.364s] Level 1:colcon.colcon_core.package_identification:_identify(.) by extension 'python'
[0.364s] Level 1:colcon.colcon_core.package_identification:_identify(.) by extensions ['python_setup_py']
[0.364s] Level 1:colcon.colcon_core.package_identification:_identify(.) by extension 'python_setup_py'
[0.365s] Level 1:colcon.colcon_core.package_identification:_identify(Relevant_Material) by extensions ['ignore', 'ignore_ament_install']
[0.365s] Level 1:colcon.colcon_core.package_identification:_identify(Relevant_Material) by extension 'ignore'
[0.365s] Level 1:colcon.colcon_core.package_identification:_identify(Relevant_Material) by extension 'ignore_ament_install'
[0.365s] Level 1:colcon.colcon_core.package_identification:_identify(Relevant_Material) by extensions ['colcon_pkg']
[0.365s] Level 1:colcon.colcon_core.package_identification:_identify(Relevant_Material) by extension 'colcon_pkg'
[0.365s] Level 1:colcon.colcon_core.package_identification:_identify(Relevant_Material) by extensions ['colcon_meta']
[0.365s] Level 1:colcon.colcon_core.package_identification:_identify(Relevant_Material) by extension 'colcon_meta'
[0.365s] Level 1:colcon.colcon_core.package_identification:_identify(Relevant_Material) by extensions ['ros']
[0.366s] Level 1:colcon.colcon_core.package_identification:_identify(Relevant_Material) by extension 'ros'
[0.366s] Level 1:colcon.colcon_core.package_identification:_identify(Relevant_Material) by extensions ['cmake', 'python']
[0.366s] Level 1:colcon.colcon_core.package_identification:_identify(Relevant_Material) by extension 'cmake'
[0.366s] Level 1:colcon.colcon_core.package_identification:_identify(Relevant_Material) by extension 'python'
[0.366s] Level 1:colcon.colcon_core.package_identification:_identify(Relevant_Material) by extensions ['python_setup_py']
[0.366s] Level 1:colcon.colcon_core.package_identification:_identify(Relevant_Material) by extension 'python_setup_py'
[0.366s] Level 1:colcon.colcon_core.package_identification:_identify(build) by extensions ['ignore', 'ignore_ament_install']
[0.366s] Level 1:colcon.colcon_core.package_identification:_identify(build) by extension 'ignore'
[0.366s] Level 1:colcon.colcon_core.package_identification:_identify(build) ignored
[0.367s] Level 1:colcon.colcon_core.package_identification:_identify(install) by extensions ['ignore', 'ignore_ament_install']
[0.367s] Level 1:colcon.colcon_core.package_identification:_identify(install) by extension 'ignore'
[0.367s] Level 1:colcon.colcon_core.package_identification:_identify(install) ignored
[0.367s] Level 1:colcon.colcon_core.package_identification:_identify(log) by extensions ['ignore', 'ignore_ament_install']
[0.367s] Level 1:colcon.colcon_core.package_identification:_identify(log) by extension 'ignore'
[0.367s] Level 1:colcon.colcon_core.package_identification:_identify(log) ignored
[0.368s] Level 1:colcon.colcon_core.package_identification:_identify(src) by extensions ['ignore', 'ignore_ament_install']
[0.368s] Level 1:colcon.colcon_core.package_identification:_identify(src) by extension 'ignore'
[0.368s] Level 1:colcon.colcon_core.package_identification:_identify(src) by extension 'ignore_ament_install'
[0.368s] Level 1:colcon.colcon_core.package_identification:_identify(src) by extensions ['colcon_pkg']
[0.368s] Level 1:colcon.colcon_core.package_identification:_identify(src) by extension 'colcon_pkg'
[0.368s] Level 1:colcon.colcon_core.package_identification:_identify(src) by extensions ['colcon_meta']
[0.368s] Level 1:colcon.colcon_core.package_identification:_identify(src) by extension 'colcon_meta'
[0.368s] Level 1:colcon.colcon_core.package_identification:_identify(src) by extensions ['ros']
[0.368s] Level 1:colcon.colcon_core.package_identification:_identify(src) by extension 'ros'
[0.368s] Level 1:colcon.colcon_core.package_identification:_identify(src) by extensions ['cmake', 'python']
[0.368s] Level 1:colcon.colcon_core.package_identification:_identify(src) by extension 'cmake'
[0.368s] Level 1:colcon.colcon_core.package_identification:_identify(src) by extension 'python'
[0.368s] Level 1:colcon.colcon_core.package_identification:_identify(src) by extensions ['python_setup_py']
[0.368s] Level 1:colcon.colcon_core.package_identification:_identify(src) by extension 'python_setup_py'
[0.368s] Level 1:colcon.colcon_core.package_identification:_identify(src/robotdog_control) by extensions ['ignore', 'ignore_ament_install']
[0.368s] Level 1:colcon.colcon_core.package_identification:_identify(src/robotdog_control) by extension 'ignore'
[0.369s] Level 1:colcon.colcon_core.package_identification:_identify(src/robotdog_control) by extension 'ignore_ament_install'
[0.369s] Level 1:colcon.colcon_core.package_identification:_identify(src/robotdog_control) by extensions ['colcon_pkg']
[0.369s] Level 1:colcon.colcon_core.package_identification:_identify(src/robotdog_control) by extension 'colcon_pkg'
[0.369s] Level 1:colcon.colcon_core.package_identification:_identify(src/robotdog_control) by extensions ['colcon_meta']
[0.369s] Level 1:colcon.colcon_core.package_identification:_identify(src/robotdog_control) by extension 'colcon_meta'
[0.369s] Level 1:colcon.colcon_core.package_identification:_identify(src/robotdog_control) by extensions ['ros']
[0.369s] Level 1:colcon.colcon_core.package_identification:_identify(src/robotdog_control) by extension 'ros'
[0.374s] DEBUG:colcon.colcon_core.package_identification:Package 'src/robotdog_control' with type 'ros.ament_python' and name 'robotdog_control'
[0.374s] Level 1:colcon.colcon_core.package_identification:_identify(src/robotdog_description) by extensions ['ignore', 'ignore_ament_install']
[0.374s] Level 1:colcon.colcon_core.package_identification:_identify(src/robotdog_description) by extension 'ignore'
[0.374s] Level 1:colcon.colcon_core.package_identification:_identify(src/robotdog_description) by extension 'ignore_ament_install'
[0.374s] Level 1:colcon.colcon_core.package_identification:_identify(src/robotdog_description) by extensions ['colcon_pkg']
[0.375s] Level 1:colcon.colcon_core.package_identification:_identify(src/robotdog_description) by extension 'colcon_pkg'
[0.375s] Level 1:colcon.colcon_core.package_identification:_identify(src/robotdog_description) by extensions ['colcon_meta']
[0.375s] Level 1:colcon.colcon_core.package_identification:_identify(src/robotdog_description) by extension 'colcon_meta'
[0.375s] Level 1:colcon.colcon_core.package_identification:_identify(src/robotdog_description) by extensions ['ros']
[0.375s] Level 1:colcon.colcon_core.package_identification:_identify(src/robotdog_description) by extension 'ros'
[0.375s] DEBUG:colcon.colcon_core.package_identification:Package 'src/robotdog_description' with type 'ros.ament_cmake' and name 'robotdog_description'
[0.376s] Level 1:colcon.colcon_core.package_identification:_identify(src/robotdog_msgs) by extensions ['ignore', 'ignore_ament_install']
[0.376s] Level 1:colcon.colcon_core.package_identification:_identify(src/robotdog_msgs) by extension 'ignore'
[0.376s] Level 1:colcon.colcon_core.package_identification:_identify(src/robotdog_msgs) by extension 'ignore_ament_install'
[0.376s] Level 1:colcon.colcon_core.package_identification:_identify(src/robotdog_msgs) by extensions ['colcon_pkg']
[0.376s] Level 1:colcon.colcon_core.package_identification:_identify(src/robotdog_msgs) by extension 'colcon_pkg'
[0.376s] Level 1:colcon.colcon_core.package_identification:_identify(src/robotdog_msgs) by extensions ['colcon_meta']
[0.376s] Level 1:colcon.colcon_core.package_identification:_identify(src/robotdog_msgs) by extension 'colcon_meta'
[0.376s] Level 1:colcon.colcon_core.package_identification:_identify(src/robotdog_msgs) by extensions ['ros']
[0.376s] Level 1:colcon.colcon_core.package_identification:_identify(src/robotdog_msgs) by extension 'ros'
[0.377s] DEBUG:colcon.colcon_core.package_identification:Package 'src/robotdog_msgs' with type 'ros.ament_cmake' and name 'robotdog_msgs'
[0.377s] Level 1:colcon.colcon_core.package_identification:_identify(src/robotdog_teleop) by extensions ['ignore', 'ignore_ament_install']
[0.377s] Level 1:colcon.colcon_core.package_identification:_identify(src/robotdog_teleop) by extension 'ignore'
[0.377s] Level 1:colcon.colcon_core.package_identification:_identify(src/robotdog_teleop) by extension 'ignore_ament_install'
[0.377s] Level 1:colcon.colcon_core.package_identification:_identify(src/robotdog_teleop) by extensions ['colcon_pkg']
[0.377s] Level 1:colcon.colcon_core.package_identification:_identify(src/robotdog_teleop) by extension 'colcon_pkg'
[0.378s] Level 1:colcon.colcon_core.package_identification:_identify(src/robotdog_teleop) by extensions ['colcon_meta']
[0.378s] Level 1:colcon.colcon_core.package_identification:_identify(src/robotdog_teleop) by extension 'colcon_meta'
[0.378s] Level 1:colcon.colcon_core.package_identification:_identify(src/robotdog_teleop) by extensions ['ros']
[0.378s] Level 1:colcon.colcon_core.package_identification:_identify(src/robotdog_teleop) by extension 'ros'
[0.378s] DEBUG:colcon.colcon_core.package_identification:Package 'src/robotdog_teleop' with type 'ros.ament_cmake' and name 'robotdog_teleop'
[0.378s] Level 1:colcon.colcon_core.package_discovery:discover_packages(recursive) using defaults
[0.379s] Level 1:colcon.colcon_core.package_discovery:discover_packages(ignore) discover
[0.379s] Level 1:colcon.colcon_core.package_discovery:discover_packages(ignore) using defaults
[0.379s] Level 1:colcon.colcon_core.package_discovery:discover_packages(path) discover
[0.379s] Level 1:colcon.colcon_core.package_discovery:discover_packages(path) using defaults
[0.410s] Level 1:colcon.colcon_core.package_discovery:discover_packages(prefix_path) check parameters
[0.410s] Level 1:colcon.colcon_core.package_discovery:discover_packages(prefix_path) discover
[0.413s] DEBUG:colcon.colcon_installed_package_information.package_discovery:Found 4 installed packages in /home/tejasva/robotdog_ws_copy/install
[0.416s] DEBUG:colcon.colcon_installed_package_information.package_discovery:Found 444 installed packages in /opt/ros/humble
[0.424s] Level 1:colcon.colcon_core.package_discovery:discover_packages(prefix_path) using defaults
[0.507s] Level 5:colcon.colcon_core.verb:set package 'robotdog_control' build argument 'cmake_args' from command line to 'None'
[0.507s] Level 5:colcon.colcon_core.verb:set package 'robotdog_control' build argument 'cmake_target' from command line to 'None'
[0.507s] Level 5:colcon.colcon_core.verb:set package 'robotdog_control' build argument 'cmake_target_skip_unavailable' from command line to 'False'
[0.507s] Level 5:colcon.colcon_core.verb:set package 'robotdog_control' build argument 'cmake_clean_cache' from command line to 'False'
[0.507s] Level 5:colcon.colcon_core.verb:set package 'robotdog_control' build argument 'cmake_clean_first' from command line to 'False'
[0.507s] Level 5:colcon.colcon_core.verb:set package 'robotdog_control' build argument 'cmake_force_configure' from command line to 'False'
[0.507s] Level 5:colcon.colcon_core.verb:set package 'robotdog_control' build argument 'ament_cmake_args' from command line to 'None'
[0.507s] Level 5:colcon.colcon_core.verb:set package 'robotdog_control' build argument 'catkin_cmake_args' from command line to 'None'
[0.507s] Level 5:colcon.colcon_core.verb:set package 'robotdog_control' build argument 'catkin_skip_building_tests' from command line to 'False'
[0.507s] DEBUG:colcon.colcon_core.verb:Building package 'robotdog_control' with the following arguments: {'ament_cmake_args': None, 'build_base': '/home/tejasva/robotdog_ws_copy/build/robotdog_control', 'catkin_cmake_args': None, 'catkin_skip_building_tests': False, 'cmake_args': None, 'cmake_clean_cache': False, 'cmake_clean_first': False, 'cmake_force_configure': False, 'cmake_target': None, 'cmake_target_skip_unavailable': False, 'install_base': '/home/tejasva/robotdog_ws_copy/install/robotdog_control', 'merge_install': False, 'path': '/home/tejasva/robotdog_ws_copy/src/robotdog_control', 'symlink_install': True, 'test_result_base': None}
[0.508s] Level 5:colcon.colcon_core.verb:set package 'robotdog_description' build argument 'cmake_args' from command line to 'None'
[0.508s] Level 5:colcon.colcon_core.verb:set package 'robotdog_description' build argument 'cmake_target' from command line to 'None'
[0.508s] Level 5:colcon.colcon_core.verb:set package 'robotdog_description' build argument 'cmake_target_skip_unavailable' from command line to 'False'
[0.508s] Level 5:colcon.colcon_core.verb:set package 'robotdog_description' build argument 'cmake_clean_cache' from command line to 'False'
[0.508s] Level 5:colcon.colcon_core.verb:set package 'robotdog_description' build argument 'cmake_clean_first' from command line to 'False'
[0.508s] Level 5:colcon.colcon_core.verb:set package 'robotdog_description' build argument 'cmake_force_configure' from command line to 'False'
[0.508s] Level 5:colcon.colcon_core.verb:set package 'robotdog_description' build argument 'ament_cmake_args' from command line to 'None'
[0.508s] Level 5:colcon.colcon_core.verb:set package 'robotdog_description' build argument 'catkin_cmake_args' from command line to 'None'
[0.508s] Level 5:colcon.colcon_core.verb:set package 'robotdog_description' build argument 'catkin_skip_building_tests' from command line to 'False'
[0.508s] DEBUG:colcon.colcon_core.verb:Building package 'robotdog_description' with the following arguments: {'ament_cmake_args': None, 'build_base': '/home/tejasva/robotdog_ws_copy/build/robotdog_description', 'catkin_cmake_args': None, 'catkin_skip_building_tests': False, 'cmake_args': None, 'cmake_clean_cache': False, 'cmake_clean_first': False, 'cmake_force_configure': False, 'cmake_target': None, 'cmake_target_skip_unavailable': False, 'install_base': '/home/tejasva/robotdog_ws_copy/install/robotdog_description', 'merge_install': False, 'path': '/home/tejasva/robotdog_ws_copy/src/robotdog_description', 'symlink_install': True, 'test_result_base': None}
[0.508s] Level 5:colcon.colcon_core.verb:set package 'robotdog_msgs' build argument 'cmake_args' from command line to 'None'
[0.508s] Level 5:colcon.colcon_core.verb:set package 'robotdog_msgs' build argument 'cmake_target' from command line to 'None'
[0.508s] Level 5:colcon.colcon_core.verb:set package 'robotdog_msgs' build argument 'cmake_target_skip_unavailable' from command line to 'False'
[0.508s] Level 5:colcon.colcon_core.verb:set package 'robotdog_msgs' build argument 'cmake_clean_cache' from command line to 'False'
[0.508s] Level 5:colcon.colcon_core.verb:set package 'robotdog_msgs' build argument 'cmake_clean_first' from command line to 'False'
[0.508s] Level 5:colcon.colcon_core.verb:set package 'robotdog_msgs' build argument 'cmake_force_configure' from command line to 'False'
[0.508s] Level 5:colcon.colcon_core.verb:set package 'robotdog_msgs' build argument 'ament_cmake_args' from command line to 'None'
[0.508s] Level 5:colcon.colcon_core.verb:set package 'robotdog_msgs' build argument 'catkin_cmake_args' from command line to 'None'
[0.508s] Level 5:colcon.colcon_core.verb:set package 'robotdog_msgs' build argument 'catkin_skip_building_tests' from command line to 'False'
[0.508s] DEBUG:colcon.colcon_core.verb:Building package 'robotdog_msgs' with the following arguments: {'ament_cmake_args': None, 'build_base': '/home/tejasva/robotdog_ws_copy/build/robotdog_msgs', 'catkin_cmake_args': None, 'catkin_skip_building_tests': False, 'cmake_args': None, 'cmake_clean_cache': False, 'cmake_clean_first': False, 'cmake_force_configure': False, 'cmake_target': None, 'cmake_target_skip_unavailable': False, 'install_base': '/home/tejasva/robotdog_ws_copy/install/robotdog_msgs', 'merge_install': False, 'path': '/home/tejasva/robotdog_ws_copy/src/robotdog_msgs', 'symlink_install': True, 'test_result_base': None}
[0.509s] Level 5:colcon.colcon_core.verb:set package 'robotdog_teleop' build argument 'cmake_args' from command line to 'None'
[0.509s] Level 5:colcon.colcon_core.verb:set package 'robotdog_teleop' build argument 'cmake_target' from command line to 'None'
[0.509s] Level 5:colcon.colcon_core.verb:set package 'robotdog_teleop' build argument 'cmake_target_skip_unavailable' from command line to 'False'
[0.509s] Level 5:colcon.colcon_core.verb:set package 'robotdog_teleop' build argument 'cmake_clean_cache' from command line to 'False'
[0.509s] Level 5:colcon.colcon_core.verb:set package 'robotdog_teleop' build argument 'cmake_clean_first' from command line to 'False'
[0.509s] Level 5:colcon.colcon_core.verb:set package 'robotdog_teleop' build argument 'cmake_force_configure' from command line to 'False'
[0.509s] Level 5:colcon.colcon_core.verb:set package 'robotdog_teleop' build argument 'ament_cmake_args' from command line to 'None'
[0.509s] Level 5:colcon.colcon_core.verb:set package 'robotdog_teleop' build argument 'catkin_cmake_args' from command line to 'None'
[0.509s] Level 5:colcon.colcon_core.verb:set package 'robotdog_teleop' build argument 'catkin_skip_building_tests' from command line to 'False'
[0.509s] DEBUG:colcon.colcon_core.verb:Building package 'robotdog_teleop' with the following arguments: {'ament_cmake_args': None, 'build_base': '/home/tejasva/robotdog_ws_copy/build/robotdog_teleop', 'catkin_cmake_args': None, 'catkin_skip_building_tests': False, 'cmake_args': None, 'cmake_clean_cache': False, 'cmake_clean_first': False, 'cmake_force_configure': False, 'cmake_target': None, 'cmake_target_skip_unavailable': False, 'install_base': '/home/tejasva/robotdog_ws_copy/install/robotdog_teleop', 'merge_install': False, 'path': '/home/tejasva/robotdog_ws_copy/src/robotdog_teleop', 'symlink_install': True, 'test_result_base': None}
[0.509s] INFO:colcon.colcon_core.executor:Executing jobs using 'parallel' executor
[0.511s] DEBUG:colcon.colcon_parallel_executor.executor.parallel:run_until_complete
[0.512s] INFO:colcon.colcon_ros.task.ament_python.build:Building ROS package in '/home/tejasva/robotdog_ws_copy/src/robotdog_control' with build type 'ament_python'
[0.512s] Level 1:colcon.colcon_core.shell:create_environment_hook('robotdog_control', 'ament_prefix_path')
[0.514s] INFO:colcon.colcon_core.plugin_system:Skipping extension 'colcon_core.shell.bat': Not used on non-Windows systems
[0.514s] INFO:colcon.colcon_core.shell:Creating environment hook '/home/tejasva/robotdog_ws_copy/install/robotdog_control/share/robotdog_control/hook/ament_prefix_path.ps1'
[0.515s] INFO:colcon.colcon_core.shell:Creating environment descriptor '/home/tejasva/robotdog_ws_copy/install/robotdog_control/share/robotdog_control/hook/ament_prefix_path.dsv'
[0.516s] INFO:colcon.colcon_core.shell:Creating environment hook '/home/tejasva/robotdog_ws_copy/install/robotdog_control/share/robotdog_control/hook/ament_prefix_path.sh'
[0.516s] INFO:colcon.colcon_core.shell:Skip shell extension 'powershell' for command environment: Not usable outside of PowerShell
[0.516s] DEBUG:colcon.colcon_core.shell:Skip shell extension 'dsv' for command environment
[0.521s] INFO:colcon.colcon_ros.task.ament_cmake.build:Building ROS package in '/home/tejasva/robotdog_ws_copy/src/robotdog_description' with build type 'ament_cmake'
[0.522s] INFO:colcon.colcon_cmake.task.cmake.build:Building CMake package in '/home/tejasva/robotdog_ws_copy/src/robotdog_description'
[0.522s] INFO:colcon.colcon_core.shell:Skip shell extension 'powershell' for command environment: Not usable outside of PowerShell
[0.522s] DEBUG:colcon.colcon_core.shell:Skip shell extension 'dsv' for command environment
[0.527s] INFO:colcon.colcon_ros.task.ament_cmake.build:Building ROS package in '/home/tejasva/robotdog_ws_copy/src/robotdog_msgs' with build type 'ament_cmake'
[0.527s] INFO:colcon.colcon_cmake.task.cmake.build:Building CMake package in '/home/tejasva/robotdog_ws_copy/src/robotdog_msgs'
[0.527s] INFO:colcon.colcon_core.shell:Skip shell extension 'powershell' for command environment: Not usable outside of PowerShell
[0.528s] DEBUG:colcon.colcon_core.shell:Skip shell extension 'dsv' for command environment
[0.532s] INFO:colcon.colcon_ros.task.ament_cmake.build:Building ROS package in '/home/tejasva/robotdog_ws_copy/src/robotdog_teleop' with build type 'ament_cmake'
[0.532s] INFO:colcon.colcon_cmake.task.cmake.build:Building CMake package in '/home/tejasva/robotdog_ws_copy/src/robotdog_teleop'
[0.533s] INFO:colcon.colcon_core.shell:Skip shell extension 'powershell' for command environment: Not usable outside of PowerShell
[0.533s] DEBUG:colcon.colcon_core.shell:Skip shell extension 'dsv' for command environment
[0.878s] INFO:colcon.colcon_core.task.python.build:Building Python package in '/home/tejasva/robotdog_ws_copy/src/robotdog_control'
[0.879s] INFO:colcon.colcon_core.shell:Skip shell extension 'powershell' for command environment: Not usable outside of PowerShell
[0.879s] DEBUG:colcon.colcon_core.shell:Skip shell extension 'dsv' for command environment
[0.888s] DEBUG:colcon.colcon_core.event_handler.log_command:Invoking command in '/home/tejasva/robotdog_ws_copy/build/robotdog_description': CMAKE_PREFIX_PATH=${CMAKE_PREFIX_PATH}:/home/tejasva/robotdog_ws_copy/install/robotdog_control:/opt/ros/humble /usr/bin/cmake --build /home/tejasva/robotdog_ws_copy/build/robotdog_description -- -j16 -l16
[0.893s] DEBUG:colcon.colcon_core.event_handler.log_command:Invoking command in '/home/tejasva/robotdog_ws_copy/build/robotdog_msgs': CMAKE_PREFIX_PATH=${CMAKE_PREFIX_PATH}:/home/tejasva/robotdog_ws_copy/install/robotdog_control:/opt/ros/humble /usr/bin/cmake --build /home/tejasva/robotdog_ws_copy/build/robotdog_msgs -- -j16 -l16
[0.898s] DEBUG:colcon.colcon_core.event_handler.log_command:Invoking command in '/home/tejasva/robotdog_ws_copy/build/robotdog_teleop': CMAKE_PREFIX_PATH=${CMAKE_PREFIX_PATH}:/home/tejasva/robotdog_ws_copy/install/robotdog_control:/opt/ros/humble /usr/bin/cmake --build /home/tejasva/robotdog_ws_copy/build/robotdog_teleop -- -j16 -l16
[0.959s] DEBUG:colcon.colcon_core.event_handler.log_command:Invoked command in '/home/tejasva/robotdog_ws_copy/build/robotdog_description' returned '0': CMAKE_PREFIX_PATH=${CMAKE_PREFIX_PATH}:/home/tejasva/robotdog_ws_copy/install/robotdog_control:/opt/ros/humble /usr/bin/cmake --build /home/tejasva/robotdog_ws_copy/build/robotdog_description -- -j16 -l16
[0.982s] DEBUG:colcon.colcon_core.event_handler.log_command:Invoking command in '/home/tejasva/robotdog_ws_copy/build/robotdog_description': CMAKE_PREFIX_PATH=${CMAKE_PREFIX_PATH}:/home/tejasva/robotdog_ws_copy/install/robotdog_control:/opt/ros/humble /usr/bin/cmake --install /home/tejasva/robotdog_ws_copy/build/robotdog_description
[1.031s] Level 1:colcon.colcon_core.environment:create_environment_scripts_only(robotdog_description)
[1.033s] DEBUG:colcon.colcon_core.event_handler.log_command:Invoked command in '/home/tejasva/robotdog_ws_copy/build/robotdog_description' returned '0': CMAKE_PREFIX_PATH=${CMAKE_PREFIX_PATH}:/home/tejasva/robotdog_ws_copy/install/robotdog_control:/opt/ros/humble /usr/bin/cmake --install /home/tejasva/robotdog_ws_copy/build/robotdog_description
[1.035s] Level 1:colcon.colcon_core.environment:checking '/home/tejasva/robotdog_ws_copy/install/robotdog_description' for CMake module files
[1.036s] Level 1:colcon.colcon_core.environment:checking '/home/tejasva/robotdog_ws_copy/install/robotdog_description' for CMake config files
[1.036s] Level 1:colcon.colcon_core.shell:create_environment_hook('robotdog_description', 'cmake_prefix_path')
[1.037s] INFO:colcon.colcon_core.shell:Creating environment hook '/home/tejasva/robotdog_ws_copy/install/robotdog_description/share/robotdog_description/hook/cmake_prefix_path.ps1'
[1.038s] INFO:colcon.colcon_core.shell:Creating environment descriptor '/home/tejasva/robotdog_ws_copy/install/robotdog_description/share/robotdog_description/hook/cmake_prefix_path.dsv'
[1.038s] INFO:colcon.colcon_core.shell:Creating environment hook '/home/tejasva/robotdog_ws_copy/install/robotdog_description/share/robotdog_description/hook/cmake_prefix_path.sh'
[1.039s] Level 1:colcon.colcon_core.environment:checking '/home/tejasva/robotdog_ws_copy/install/robotdog_description/bin'
[1.039s] Level 1:colcon.colcon_core.environment:checking '/home/tejasva/robotdog_ws_copy/install/robotdog_description/lib/pkgconfig/robotdog_description.pc'
[1.040s] Level 1:colcon.colcon_core.environment:checking '/home/tejasva/robotdog_ws_copy/install/robotdog_description/lib/python3.10/site-packages'
[1.040s] Level 1:colcon.colcon_core.environment:checking '/home/tejasva/robotdog_ws_copy/install/robotdog_description/bin'
[1.041s] INFO:colcon.colcon_core.shell:Creating package script '/home/tejasva/robotdog_ws_copy/install/robotdog_description/share/robotdog_description/package.ps1'
[1.043s] INFO:colcon.colcon_core.shell:Creating package descriptor '/home/tejasva/robotdog_ws_copy/install/robotdog_description/share/robotdog_description/package.dsv'
[1.043s] INFO:colcon.colcon_core.shell:Creating package script '/home/tejasva/robotdog_ws_copy/install/robotdog_description/share/robotdog_description/package.sh'
[1.044s] INFO:colcon.colcon_core.shell:Creating package script '/home/tejasva/robotdog_ws_copy/install/robotdog_description/share/robotdog_description/package.bash'
[1.045s] INFO:colcon.colcon_core.shell:Creating package script '/home/tejasva/robotdog_ws_copy/install/robotdog_description/share/robotdog_description/package.zsh'
[1.046s] Level 1:colcon.colcon_core.environment:create_file_with_runtime_dependencies(/home/tejasva/robotdog_ws_copy/install/robotdog_description/share/colcon-core/packages/robotdog_description)
[1.047s] Level 1:colcon.colcon_core.environment:create_environment_scripts_only(robotdog_description)
[1.047s] Level 1:colcon.colcon_core.environment:checking '/home/tejasva/robotdog_ws_copy/install/robotdog_description' for CMake module files
[1.048s] Level 1:colcon.colcon_core.environment:checking '/home/tejasva/robotdog_ws_copy/install/robotdog_description' for CMake config files
[1.048s] Level 1:colcon.colcon_core.shell:create_environment_hook('robotdog_description', 'cmake_prefix_path')
[1.048s] INFO:colcon.colcon_core.shell:Creating environment hook '/home/tejasva/robotdog_ws_copy/install/robotdog_description/share/robotdog_description/hook/cmake_prefix_path.ps1'
[1.049s] INFO:colcon.colcon_core.shell:Creating environment descriptor '/home/tejasva/robotdog_ws_copy/install/robotdog_description/share/robotdog_description/hook/cmake_prefix_path.dsv'
[1.049s] INFO:colcon.colcon_core.shell:Creating environment hook '/home/tejasva/robotdog_ws_copy/install/robotdog_description/share/robotdog_description/hook/cmake_prefix_path.sh'
[1.050s] Level 1:colcon.colcon_core.environment:checking '/home/tejasva/robotdog_ws_copy/install/robotdog_description/bin'
[1.050s] Level 1:colcon.colcon_core.environment:checking '/home/tejasva/robotdog_ws_copy/install/robotdog_description/lib/pkgconfig/robotdog_description.pc'
[1.051s] Level 1:colcon.colcon_core.environment:checking '/home/tejasva/robotdog_ws_copy/install/robotdog_description/lib/python3.10/site-packages'
[1.051s] Level 1:colcon.colcon_core.environment:checking '/home/tejasva/robotdog_ws_copy/install/robotdog_description/bin'
[1.051s] INFO:colcon.colcon_core.shell:Creating package script '/home/tejasva/robotdog_ws_copy/install/robotdog_description/share/robotdog_description/package.ps1'
[1.052s] INFO:colcon.colcon_core.shell:Creating package descriptor '/home/tejasva/robotdog_ws_copy/install/robotdog_description/share/robotdog_description/package.dsv'
[1.053s] INFO:colcon.colcon_core.shell:Creating package script '/home/tejasva/robotdog_ws_copy/install/robotdog_description/share/robotdog_description/package.sh'
[1.053s] INFO:colcon.colcon_core.shell:Creating package script '/home/tejasva/robotdog_ws_copy/install/robotdog_description/share/robotdog_description/package.bash'
[1.054s] INFO:colcon.colcon_core.shell:Creating package script '/home/tejasva/robotdog_ws_copy/install/robotdog_description/share/robotdog_description/package.zsh'
[1.054s] Level 1:colcon.colcon_core.environment:create_file_with_runtime_dependencies(/home/tejasva/robotdog_ws_copy/install/robotdog_description/share/colcon-core/packages/robotdog_description)
[1.464s] DEBUG:colcon.colcon_core.event_handler.log_command:Invoked command in '/home/tejasva/robotdog_ws_copy/build/robotdog_msgs' returned '0': CMAKE_PREFIX_PATH=${CMAKE_PREFIX_PATH}:/home/tejasva/robotdog_ws_copy/install/robotdog_control:/opt/ros/humble /usr/bin/cmake --build /home/tejasva/robotdog_ws_copy/build/robotdog_msgs -- -j16 -l16
[1.466s] DEBUG:colcon.colcon_core.event_handler.log_command:Invoking command in '/home/tejasva/robotdog_ws_copy/build/robotdog_msgs': CMAKE_PREFIX_PATH=${CMAKE_PREFIX_PATH}:/home/tejasva/robotdog_ws_copy/install/robotdog_control:/opt/ros/humble /usr/bin/cmake --install /home/tejasva/robotdog_ws_copy/build/robotdog_msgs
[1.521s] DEBUG:colcon.colcon_core.event_handler.log_command:Invoking command in '/home/tejasva/robotdog_ws_copy/build/robotdog_control': PYTHONPATH=/home/tejasva/robotdog_ws_copy/build/robotdog_control/prefix_override:/usr/lib/python3/dist-packages/colcon_core/task/python/colcon_distutils_commands:/home/tejasva/robotdog_ws_copy/install/robotdog_control/lib/python3.10/site-packages:${PYTHONPATH} /usr/bin/python3 -W ignore:setup.py install is deprecated -W ignore:easy_install command is deprecated setup.py develop --editable --build-directory /home/tejasva/robotdog_ws_copy/build/robotdog_control/build --no-deps symlink_data
[1.556s] Level 1:colcon.colcon_core.environment:create_environment_scripts_only(robotdog_msgs)
[1.557s] Level 1:colcon.colcon_core.environment:checking '/home/tejasva/robotdog_ws_copy/install/robotdog_msgs' for CMake module files
[1.558s] DEBUG:colcon.colcon_core.event_handler.log_command:Invoked command in '/home/tejasva/robotdog_ws_copy/build/robotdog_msgs' returned '0': CMAKE_PREFIX_PATH=${CMAKE_PREFIX_PATH}:/home/tejasva/robotdog_ws_copy/install/robotdog_control:/opt/ros/humble /usr/bin/cmake --install /home/tejasva/robotdog_ws_copy/build/robotdog_msgs
[1.558s] Level 1:colcon.colcon_core.environment:checking '/home/tejasva/robotdog_ws_copy/install/robotdog_msgs' for CMake config files
[1.559s] Level 1:colcon.colcon_core.shell:create_environment_hook('robotdog_msgs', 'cmake_prefix_path')
[1.560s] INFO:colcon.colcon_core.shell:Creating environment hook '/home/tejasva/robotdog_ws_copy/install/robotdog_msgs/share/robotdog_msgs/hook/cmake_prefix_path.ps1'
[1.560s] INFO:colcon.colcon_core.shell:Creating environment descriptor '/home/tejasva/robotdog_ws_copy/install/robotdog_msgs/share/robotdog_msgs/hook/cmake_prefix_path.dsv'
[1.561s] INFO:colcon.colcon_core.shell:Creating environment hook '/home/tejasva/robotdog_ws_copy/install/robotdog_msgs/share/robotdog_msgs/hook/cmake_prefix_path.sh'
[1.562s] Level 1:colcon.colcon_core.environment:checking '/home/tejasva/robotdog_ws_copy/install/robotdog_msgs/lib'
[1.562s] Level 1:colcon.colcon_core.shell:create_environment_hook('robotdog_msgs', 'ld_library_path_lib')
[1.563s] INFO:colcon.colcon_core.shell:Creating environment hook '/home/tejasva/robotdog_ws_copy/install/robotdog_msgs/share/robotdog_msgs/hook/ld_library_path_lib.ps1'
[1.563s] INFO:colcon.colcon_core.shell:Creating environment descriptor '/home/tejasva/robotdog_ws_copy/install/robotdog_msgs/share/robotdog_msgs/hook/ld_library_path_lib.dsv'
[1.564s] INFO:colcon.colcon_core.shell:Creating environment hook '/home/tejasva/robotdog_ws_copy/install/robotdog_msgs/share/robotdog_msgs/hook/ld_library_path_lib.sh'
[1.564s] Level 1:colcon.colcon_core.environment:checking '/home/tejasva/robotdog_ws_copy/install/robotdog_msgs/bin'
[1.564s] Level 1:colcon.colcon_core.environment:checking '/home/tejasva/robotdog_ws_copy/install/robotdog_msgs/lib/pkgconfig/robotdog_msgs.pc'
[1.565s] Level 1:colcon.colcon_core.environment:checking '/home/tejasva/robotdog_ws_copy/install/robotdog_msgs/lib/python3.10/site-packages'
[1.565s] Level 1:colcon.colcon_core.environment:checking '/home/tejasva/robotdog_ws_copy/install/robotdog_msgs/bin'
[1.565s] INFO:colcon.colcon_core.shell:Creating package script '/home/tejasva/robotdog_ws_copy/install/robotdog_msgs/share/robotdog_msgs/package.ps1'
[1.566s] INFO:colcon.colcon_core.shell:Creating package descriptor '/home/tejasva/robotdog_ws_copy/install/robotdog_msgs/share/robotdog_msgs/package.dsv'
[1.567s] INFO:colcon.colcon_core.shell:Creating package script '/home/tejasva/robotdog_ws_copy/install/robotdog_msgs/share/robotdog_msgs/package.sh'
[1.567s] INFO:colcon.colcon_core.shell:Creating package script '/home/tejasva/robotdog_ws_copy/install/robotdog_msgs/share/robotdog_msgs/package.bash'
[1.567s] INFO:colcon.colcon_core.shell:Creating package script '/home/tejasva/robotdog_ws_copy/install/robotdog_msgs/share/robotdog_msgs/package.zsh'
[1.568s] Level 1:colcon.colcon_core.environment:create_file_with_runtime_dependencies(/home/tejasva/robotdog_ws_copy/install/robotdog_msgs/share/colcon-core/packages/robotdog_msgs)
[1.568s] Level 1:colcon.colcon_core.environment:create_environment_scripts_only(robotdog_msgs)
[1.569s] Level 1:colcon.colcon_core.environment:checking '/home/tejasva/robotdog_ws_copy/install/robotdog_msgs' for CMake module files
[1.569s] Level 1:colcon.colcon_core.environment:checking '/home/tejasva/robotdog_ws_copy/install/robotdog_msgs' for CMake config files
[1.570s] Level 1:colcon.colcon_core.shell:create_environment_hook('robotdog_msgs', 'cmake_prefix_path')
[1.571s] INFO:colcon.colcon_core.shell:Creating environment hook '/home/tejasva/robotdog_ws_copy/install/robotdog_msgs/share/robotdog_msgs/hook/cmake_prefix_path.ps1'
[1.571s] INFO:colcon.colcon_core.shell:Creating environment descriptor '/home/tejasva/robotdog_ws_copy/install/robotdog_msgs/share/robotdog_msgs/hook/cmake_prefix_path.dsv'
[1.571s] INFO:colcon.colcon_core.shell:Creating environment hook '/home/tejasva/robotdog_ws_copy/install/robotdog_msgs/share/robotdog_msgs/hook/cmake_prefix_path.sh'
[1.572s] Level 1:colcon.colcon_core.environment:checking '/home/tejasva/robotdog_ws_copy/install/robotdog_msgs/lib'
[1.572s] Level 1:colcon.colcon_core.shell:create_environment_hook('robotdog_msgs', 'ld_library_path_lib')
[1.572s] INFO:colcon.colcon_core.shell:Creating environment hook '/home/tejasva/robotdog_ws_copy/install/robotdog_msgs/share/robotdog_msgs/hook/ld_library_path_lib.ps1'
[1.573s] INFO:colcon.colcon_core.shell:Creating environment descriptor '/home/tejasva/robotdog_ws_copy/install/robotdog_msgs/share/robotdog_msgs/hook/ld_library_path_lib.dsv'
[1.573s] INFO:colcon.colcon_core.shell:Creating environment hook '/home/tejasva/robotdog_ws_copy/install/robotdog_msgs/share/robotdog_msgs/hook/ld_library_path_lib.sh'
[1.573s] Level 1:colcon.colcon_core.environment:checking '/home/tejasva/robotdog_ws_copy/install/robotdog_msgs/bin'
[1.573s] Level 1:colcon.colcon_core.environment:checking '/home/tejasva/robotdog_ws_copy/install/robotdog_msgs/lib/pkgconfig/robotdog_msgs.pc'
[1.574s] Level 1:colcon.colcon_core.environment:checking '/home/tejasva/robotdog_ws_copy/install/robotdog_msgs/lib/python3.10/site-packages'
[1.574s] Level 1:colcon.colcon_core.environment:checking '/home/tejasva/robotdog_ws_copy/install/robotdog_msgs/bin'
[1.574s] INFO:colcon.colcon_core.shell:Creating package script '/home/tejasva/robotdog_ws_copy/install/robotdog_msgs/share/robotdog_msgs/package.ps1'
[1.576s] INFO:colcon.colcon_core.shell:Creating package descriptor '/home/tejasva/robotdog_ws_copy/install/robotdog_msgs/share/robotdog_msgs/package.dsv'
[1.576s] INFO:colcon.colcon_core.shell:Creating package script '/home/tejasva/robotdog_ws_copy/install/robotdog_msgs/share/robotdog_msgs/package.sh'
[1.577s] INFO:colcon.colcon_core.shell:Creating package script '/home/tejasva/robotdog_ws_copy/install/robotdog_msgs/share/robotdog_msgs/package.bash'
[1.577s] INFO:colcon.colcon_core.shell:Creating package script '/home/tejasva/robotdog_ws_copy/install/robotdog_msgs/share/robotdog_msgs/package.zsh'
[1.578s] Level 1:colcon.colcon_core.environment:create_file_with_runtime_dependencies(/home/tejasva/robotdog_ws_copy/install/robotdog_msgs/share/colcon-core/packages/robotdog_msgs)
[2.134s] Level 1:colcon.colcon_core.shell:create_environment_hook('robotdog_control', 'pythonpath_develop')
[2.134s] INFO:colcon.colcon_core.shell:Creating environment hook '/home/tejasva/robotdog_ws_copy/build/robotdog_control/share/robotdog_control/hook/pythonpath_develop.ps1'
[2.135s] DEBUG:colcon.colcon_core.event_handler.log_command:Invoked command in '/home/tejasva/robotdog_ws_copy/build/robotdog_control' returned '0': PYTHONPATH=/home/tejasva/robotdog_ws_copy/build/robotdog_control/prefix_override:/usr/lib/python3/dist-packages/colcon_core/task/python/colcon_distutils_commands:/home/tejasva/robotdog_ws_copy/install/robotdog_control/lib/python3.10/site-packages:${PYTHONPATH} /usr/bin/python3 -W ignore:setup.py install is deprecated -W ignore:easy_install command is deprecated setup.py develop --editable --build-directory /home/tejasva/robotdog_ws_copy/build/robotdog_control/build --no-deps symlink_data
[2.136s] INFO:colcon.colcon_core.shell:Creating environment descriptor '/home/tejasva/robotdog_ws_copy/build/robotdog_control/share/robotdog_control/hook/pythonpath_develop.dsv'
[2.136s] INFO:colcon.colcon_core.shell:Creating environment hook '/home/tejasva/robotdog_ws_copy/build/robotdog_control/share/robotdog_control/hook/pythonpath_develop.sh'
[2.137s] Level 1:colcon.colcon_core.environment:checking '/home/tejasva/robotdog_ws_copy/install/robotdog_control' for CMake module files
[2.137s] Level 1:colcon.colcon_core.environment:checking '/home/tejasva/robotdog_ws_copy/install/robotdog_control' for CMake config files
[2.138s] Level 1:colcon.colcon_core.environment:checking '/home/tejasva/robotdog_ws_copy/install/robotdog_control/lib'
[2.138s] Level 1:colcon.colcon_core.environment:checking '/home/tejasva/robotdog_ws_copy/install/robotdog_control/bin'
[2.138s] Level 1:colcon.colcon_core.environment:checking '/home/tejasva/robotdog_ws_copy/install/robotdog_control/lib/pkgconfig/robotdog_control.pc'
[2.138s] Level 1:colcon.colcon_core.environment:checking '/home/tejasva/robotdog_ws_copy/install/robotdog_control/lib/python3.10/site-packages'
[2.138s] Level 1:colcon.colcon_core.shell:create_environment_hook('robotdog_control', 'pythonpath')
[2.138s] INFO:colcon.colcon_core.shell:Creating environment hook '/home/tejasva/robotdog_ws_copy/install/robotdog_control/share/robotdog_control/hook/pythonpath.ps1'
[2.139s] INFO:colcon.colcon_core.shell:Creating environment descriptor '/home/tejasva/robotdog_ws_copy/install/robotdog_control/share/robotdog_control/hook/pythonpath.dsv'
[2.139s] INFO:colcon.colcon_core.shell:Creating environment hook '/home/tejasva/robotdog_ws_copy/install/robotdog_control/share/robotdog_control/hook/pythonpath.sh'
[2.140s] Level 1:colcon.colcon_core.environment:checking '/home/tejasva/robotdog_ws_copy/install/robotdog_control/bin'
[2.140s] Level 1:colcon.colcon_core.environment:create_environment_scripts_only(robotdog_control)
[2.140s] INFO:colcon.colcon_core.shell:Creating package script '/home/tejasva/robotdog_ws_copy/install/robotdog_control/share/robotdog_control/package.ps1'
[2.141s] INFO:colcon.colcon_core.shell:Creating package descriptor '/home/tejasva/robotdog_ws_copy/install/robotdog_control/share/robotdog_control/package.dsv'
[2.141s] INFO:colcon.colcon_core.shell:Creating package script '/home/tejasva/robotdog_ws_copy/install/robotdog_control/share/robotdog_control/package.sh'
[2.141s] INFO:colcon.colcon_core.shell:Creating package script '/home/tejasva/robotdog_ws_copy/install/robotdog_control/share/robotdog_control/package.bash'
[2.142s] INFO:colcon.colcon_core.shell:Creating package script '/home/tejasva/robotdog_ws_copy/install/robotdog_control/share/robotdog_control/package.zsh'
[2.142s] Level 1:colcon.colcon_core.environment:create_file_with_runtime_dependencies(/home/tejasva/robotdog_ws_copy/install/robotdog_control/share/colcon-core/packages/robotdog_control)
[4.192s] DEBUG:colcon.colcon_core.event_handler.log_command:Invoked command in '/home/tejasva/robotdog_ws_copy/build/robotdog_teleop' returned '2': CMAKE_PREFIX_PATH=${CMAKE_PREFIX_PATH}:/home/tejasva/robotdog_ws_copy/install/robotdog_control:/opt/ros/humble /usr/bin/cmake --build /home/tejasva/robotdog_ws_copy/build/robotdog_teleop -- -j16 -l16
[4.193s] Level 1:colcon.colcon_core.environment:create_environment_scripts_only(robotdog_teleop)
[4.193s] Level 1:colcon.colcon_core.environment:checking '/home/tejasva/robotdog_ws_copy/install/robotdog_teleop' for CMake module files
[4.193s] Level 1:colcon.colcon_core.environment:checking '/home/tejasva/robotdog_ws_copy/install/robotdog_teleop' for CMake config files
[4.194s] Level 1:colcon.colcon_core.shell:create_environment_hook('robotdog_teleop', 'cmake_prefix_path')
[4.194s] INFO:colcon.colcon_core.shell:Creating environment hook '/home/tejasva/robotdog_ws_copy/install/robotdog_teleop/share/robotdog_teleop/hook/cmake_prefix_path.ps1'
[4.194s] INFO:colcon.colcon_core.shell:Creating environment descriptor '/home/tejasva/robotdog_ws_copy/install/robotdog_teleop/share/robotdog_teleop/hook/cmake_prefix_path.dsv'
[4.195s] INFO:colcon.colcon_core.shell:Creating environment hook '/home/tejasva/robotdog_ws_copy/install/robotdog_teleop/share/robotdog_teleop/hook/cmake_prefix_path.sh'
[4.195s] Level 1:colcon.colcon_core.environment:checking '/home/tejasva/robotdog_ws_copy/install/robotdog_teleop/lib'
[4.195s] Level 1:colcon.colcon_core.environment:checking '/home/tejasva/robotdog_ws_copy/install/robotdog_teleop/bin'
[4.195s] Level 1:colcon.colcon_core.environment:checking '/home/tejasva/robotdog_ws_copy/install/robotdog_teleop/lib/pkgconfig/robotdog_teleop.pc'
[4.195s] Level 1:colcon.colcon_core.environment:checking '/home/tejasva/robotdog_ws_copy/install/robotdog_teleop/lib/python3.10/site-packages'
[4.196s] Level 1:colcon.colcon_core.environment:checking '/home/tejasva/robotdog_ws_copy/install/robotdog_teleop/bin'
[4.196s] INFO:colcon.colcon_core.shell:Creating package script '/home/tejasva/robotdog_ws_copy/install/robotdog_teleop/share/robotdog_teleop/package.ps1'
[4.196s] INFO:colcon.colcon_core.shell:Creating package descriptor '/home/tejasva/robotdog_ws_copy/install/robotdog_teleop/share/robotdog_teleop/package.dsv'
[4.197s] INFO:colcon.colcon_core.shell:Creating package script '/home/tejasva/robotdog_ws_copy/install/robotdog_teleop/share/robotdog_teleop/package.sh'
[4.197s] INFO:colcon.colcon_core.shell:Creating package script '/home/tejasva/robotdog_ws_copy/install/robotdog_teleop/share/robotdog_teleop/package.bash'
[4.197s] INFO:colcon.colcon_core.shell:Creating package script '/home/tejasva/robotdog_ws_copy/install/robotdog_teleop/share/robotdog_teleop/package.zsh'
[4.198s] Level 1:colcon.colcon_core.environment:create_file_with_runtime_dependencies(/home/tejasva/robotdog_ws_copy/install/robotdog_teleop/share/colcon-core/packages/robotdog_teleop)
[4.208s] DEBUG:colcon.colcon_parallel_executor.executor.parallel:closing loop
[4.208s] DEBUG:colcon.colcon_parallel_executor.executor.parallel:loop closed
[4.208s] DEBUG:colcon.colcon_parallel_executor.executor.parallel:run_until_complete finished with '2'
[4.208s] DEBUG:colcon.colcon_core.event_reactor:joining thread
[4.213s] INFO:colcon.colcon_core.plugin_system:Skipping extension 'colcon_notification.desktop_notification.terminal_notifier': Not used on non-Darwin systems
[4.213s] INFO:colcon.colcon_core.plugin_system:Skipping extension 'colcon_notification.desktop_notification.win32': Not used on non-Windows systems
[4.213s] INFO:colcon.colcon_notification.desktop_notification:Sending desktop notification using 'notify2'
[4.224s] DEBUG:colcon.colcon_core.event_reactor:joined thread
[4.224s] INFO:colcon.colcon_core.shell:Creating prefix script '/home/tejasva/robotdog_ws_copy/install/local_setup.ps1'
[4.225s] INFO:colcon.colcon_core.shell:Creating prefix util module '/home/tejasva/robotdog_ws_copy/install/_local_setup_util_ps1.py'
[4.226s] INFO:colcon.colcon_core.shell:Creating prefix chain script '/home/tejasva/robotdog_ws_copy/install/setup.ps1'
[4.227s] INFO:colcon.colcon_core.shell:Creating prefix script '/home/tejasva/robotdog_ws_copy/install/local_setup.sh'
[4.228s] INFO:colcon.colcon_core.shell:Creating prefix util module '/home/tejasva/robotdog_ws_copy/install/_local_setup_util_sh.py'
[4.228s] INFO:colcon.colcon_core.shell:Creating prefix chain script '/home/tejasva/robotdog_ws_copy/install/setup.sh'
[4.229s] INFO:colcon.colcon_core.shell:Creating prefix script '/home/tejasva/robotdog_ws_copy/install/local_setup.bash'
[4.230s] INFO:colcon.colcon_core.shell:Creating prefix chain script '/home/tejasva/robotdog_ws_copy/install/setup.bash'
[4.231s] INFO:colcon.colcon_core.shell:Creating prefix script '/home/tejasva/robotdog_ws_copy/install/local_setup.zsh'
[4.231s] INFO:colcon.colcon_core.shell:Creating prefix chain script '/home/tejasva/robotdog_ws_copy/install/setup.zsh'
