-- Install configuration: ""
-- Execute custom install script
-- Up-to-date symlink: /home/tejasva/robotdog_ws_copy/install/robotdog_description/share/robotdog_description/meshes/BL_Hip.STL
-- Up-to-date symlink: /home/tejasva/robotdog_ws_copy/install/robotdog_description/share/robotdog_description/meshes/BL_Lower.STL
-- Up-to-date symlink: /home/tejasva/robotdog_ws_copy/install/robotdog_description/share/robotdog_description/meshes/BL_Upper.STL
-- Up-to-date symlink: /home/tejasva/robotdog_ws_copy/install/robotdog_description/share/robotdog_description/meshes/BR_Hip.STL
-- Up-to-date symlink: /home/tejasva/robotdog_ws_copy/install/robotdog_description/share/robotdog_description/meshes/BR_Lower.STL
-- Up-to-date symlink: /home/tejasva/robotdog_ws_copy/install/robotdog_description/share/robotdog_description/meshes/BR_Upper.STL
-- Up-to-date symlink: /home/tejasva/robotdog_ws_copy/install/robotdog_description/share/robotdog_description/meshes/Base_link.STL
-- Up-to-date symlink: /home/tejasva/robotdog_ws_copy/install/robotdog_description/share/robotdog_description/meshes/FL_Hip.STL
-- Up-to-date symlink: /home/tejasva/robotdog_ws_copy/install/robotdog_description/share/robotdog_description/meshes/FL_Lower.STL
-- Up-to-date symlink: /home/tejasva/robotdog_ws_copy/install/robotdog_description/share/robotdog_description/meshes/FL_Upper.STL
-- Up-to-date symlink: /home/tejasva/robotdog_ws_copy/install/robotdog_description/share/robotdog_description/meshes/FR_Hip.STL
-- Up-to-date symlink: /home/tejasva/robotdog_ws_copy/install/robotdog_description/share/robotdog_description/meshes/FR_Lower.STL
-- Up-to-date symlink: /home/tejasva/robotdog_ws_copy/install/robotdog_description/share/robotdog_description/meshes/FR_Upper.STL
-- Up-to-date symlink: /home/tejasva/robotdog_ws_copy/install/robotdog_description/share/robotdog_description/urdf/gazebo_control_plugin.xacro
-- Up-to-date symlink: /home/tejasva/robotdog_ws_copy/install/robotdog_description/share/robotdog_description/urdf/robotdog.xacro
-- Up-to-date symlink: /home/tejasva/robotdog_ws_copy/install/robotdog_description/share/robotdog_description/urdf/robotdog_gazebo.xacro
-- Up-to-date symlink: /home/tejasva/robotdog_ws_copy/install/robotdog_description/share/robotdog_description/urdf/robotdog_rviz.xacro
-- Up-to-date symlink: /home/tejasva/robotdog_ws_copy/install/robotdog_description/share/robotdog_description/launch/gazebo.launch.py
-- Up-to-date symlink: /home/tejasva/robotdog_ws_copy/install/robotdog_description/share/robotdog_description/launch/rviz.launch.py
-- Up-to-date symlink: /home/tejasva/robotdog_ws_copy/install/robotdog_description/share/robotdog_description/launch/rviz_test.launch.py
-- Up-to-date symlink: /home/tejasva/robotdog_ws_copy/install/robotdog_description/share/robotdog_description/config/robotdog_controller.yaml
-- Up-to-date symlink: /home/tejasva/robotdog_ws_copy/install/robotdog_description/share/robotdog_description/config/robotdog_controller_rviz. yaml
-- Up-to-date symlink: /home/tejasva/robotdog_ws_copy/install/robotdog_description/share/ament_index/resource_index/package_run_dependencies/robotdog_description
-- Up-to-date symlink: /home/tejasva/robotdog_ws_copy/install/robotdog_description/share/ament_index/resource_index/parent_prefix_path/robotdog_description
-- Up-to-date symlink: /home/tejasva/robotdog_ws_copy/install/robotdog_description/share/robotdog_description/environment/ament_prefix_path.sh
-- Up-to-date symlink: /home/tejasva/robotdog_ws_copy/install/robotdog_description/share/robotdog_description/environment/ament_prefix_path.dsv
-- Up-to-date symlink: /home/tejasva/robotdog_ws_copy/install/robotdog_description/share/robotdog_description/environment/path.sh
-- Up-to-date symlink: /home/tejasva/robotdog_ws_copy/install/robotdog_description/share/robotdog_description/environment/path.dsv
-- Up-to-date symlink: /home/tejasva/robotdog_ws_copy/install/robotdog_description/share/robotdog_description/local_setup.bash
-- Up-to-date symlink: /home/tejasva/robotdog_ws_copy/install/robotdog_description/share/robotdog_description/local_setup.sh
-- Up-to-date symlink: /home/tejasva/robotdog_ws_copy/install/robotdog_description/share/robotdog_description/local_setup.zsh
-- Up-to-date symlink: /home/tejasva/robotdog_ws_copy/install/robotdog_description/share/robotdog_description/local_setup.dsv
-- Symlinking: /home/tejasva/robotdog_ws_copy/install/robotdog_description/share/robotdog_description/package.dsv
-- Up-to-date symlink: /home/tejasva/robotdog_ws_copy/install/robotdog_description/share/ament_index/resource_index/packages/robotdog_description
-- Up-to-date symlink: /home/tejasva/robotdog_ws_copy/install/robotdog_description/share/robotdog_description/cmake/robotdog_descriptionConfig.cmake
-- Up-to-date symlink: /home/tejasva/robotdog_ws_copy/install/robotdog_description/share/robotdog_description/cmake/robotdog_descriptionConfig-version.cmake
-- Up-to-date symlink: /home/tejasva/robotdog_ws_copy/install/robotdog_description/share/robotdog_description/package.xml
