[0.380s] Invoking command in '/home/tejasva/robotdog_ws_copy/build/robotdog_description': CMAKE_PREFIX_PATH=${CMAKE_PREFIX_PATH}:/home/tejasva/robotdog_ws_copy/install/robotdog_control:/opt/ros/humble /usr/bin/cmake --build /home/tejasva/robotdog_ws_copy/build/robotdog_description -- -j16 -l16
[0.435s] Invoked command in '/home/tejasva/robotdog_ws_copy/build/robotdog_description' returned '0': CMAKE_PREFIX_PATH=${CMAKE_PREFIX_PATH}:/home/tejasva/robotdog_ws_copy/install/robotdog_control:/opt/ros/humble /usr/bin/cmake --build /home/tejasva/robotdog_ws_copy/build/robotdog_description -- -j16 -l16
[0.451s] Invoking command in '/home/tejasva/robotdog_ws_copy/build/robotdog_description': CMAKE_PREFIX_PATH=${CMAKE_PREFIX_PATH}:/home/tejasva/robotdog_ws_copy/install/robotdog_control:/opt/ros/humble /usr/bin/cmake --install /home/tejasva/robotdog_ws_copy/build/robotdog_description
[0.465s] -- Install configuration: ""
[0.466s] -- Execute custom install script
[0.468s] -- Up-to-date symlink: /home/tejasva/robotdog_ws_copy/install/robotdog_description/share/robotdog_description/meshes/BL_Hip.STL
[0.469s] -- Up-to-date symlink: /home/tejasva/robotdog_ws_copy/install/robotdog_description/share/robotdog_description/meshes/BL_Lower.STL
[0.469s] -- Up-to-date symlink: /home/tejasva/robotdog_ws_copy/install/robotdog_description/share/robotdog_description/meshes/BL_Upper.STL
[0.469s] -- Up-to-date symlink: /home/tejasva/robotdog_ws_copy/install/robotdog_description/share/robotdog_description/meshes/BR_Hip.STL
[0.469s] -- Up-to-date symlink: /home/tejasva/robotdog_ws_copy/install/robotdog_description/share/robotdog_description/meshes/BR_Lower.STL
[0.469s] -- Up-to-date symlink: /home/tejasva/robotdog_ws_copy/install/robotdog_description/share/robotdog_description/meshes/BR_Upper.STL
[0.469s] -- Up-to-date symlink: /home/tejasva/robotdog_ws_copy/install/robotdog_description/share/robotdog_description/meshes/Base_link.STL
[0.470s] -- Up-to-date symlink: /home/tejasva/robotdog_ws_copy/install/robotdog_description/share/robotdog_description/meshes/FL_Hip.STL
[0.470s] -- Up-to-date symlink: /home/tejasva/robotdog_ws_copy/install/robotdog_description/share/robotdog_description/meshes/FL_Lower.STL
[0.470s] -- Up-to-date symlink: /home/tejasva/robotdog_ws_copy/install/robotdog_description/share/robotdog_description/meshes/FL_Upper.STL
[0.470s] -- Up-to-date symlink: /home/tejasva/robotdog_ws_copy/install/robotdog_description/share/robotdog_description/meshes/FR_Hip.STL
[0.470s] -- Up-to-date symlink: /home/tejasva/robotdog_ws_copy/install/robotdog_description/share/robotdog_description/meshes/FR_Lower.STL
[0.470s] -- Up-to-date symlink: /home/tejasva/robotdog_ws_copy/install/robotdog_description/share/robotdog_description/meshes/FR_Upper.STL
[0.471s] -- Up-to-date symlink: /home/tejasva/robotdog_ws_copy/install/robotdog_description/share/robotdog_description/urdf/gazebo_control_plugin.xacro
[0.471s] -- Up-to-date symlink: /home/tejasva/robotdog_ws_copy/install/robotdog_description/share/robotdog_description/urdf/robotdog.xacro
[0.471s] -- Up-to-date symlink: /home/tejasva/robotdog_ws_copy/install/robotdog_description/share/robotdog_description/urdf/robotdog_gazebo.xacro
[0.471s] -- Up-to-date symlink: /home/tejasva/robotdog_ws_copy/install/robotdog_description/share/robotdog_description/urdf/robotdog_rviz.xacro
[0.472s] -- Up-to-date symlink: /home/tejasva/robotdog_ws_copy/install/robotdog_description/share/robotdog_description/launch/gazebo.launch.py
[0.472s] -- Up-to-date symlink: /home/tejasva/robotdog_ws_copy/install/robotdog_description/share/robotdog_description/launch/rviz.launch.py
[0.472s] -- Up-to-date symlink: /home/tejasva/robotdog_ws_copy/install/robotdog_description/share/robotdog_description/launch/rviz_test.launch.py
[0.473s] -- Up-to-date symlink: /home/tejasva/robotdog_ws_copy/install/robotdog_description/share/robotdog_description/config/robotdog_controller.yaml
[0.473s] -- Up-to-date symlink: /home/tejasva/robotdog_ws_copy/install/robotdog_description/share/robotdog_description/config/robotdog_controller_rviz. yaml
[0.473s] -- Up-to-date symlink: /home/tejasva/robotdog_ws_copy/install/robotdog_description/share/ament_index/resource_index/package_run_dependencies/robotdog_description
[0.474s] -- Up-to-date symlink: /home/tejasva/robotdog_ws_copy/install/robotdog_description/share/ament_index/resource_index/parent_prefix_path/robotdog_description
[0.474s] -- Up-to-date symlink: /home/tejasva/robotdog_ws_copy/install/robotdog_description/share/robotdog_description/environment/ament_prefix_path.sh
[0.474s] -- Up-to-date symlink: /home/tejasva/robotdog_ws_copy/install/robotdog_description/share/robotdog_description/environment/ament_prefix_path.dsv
[0.475s] -- Up-to-date symlink: /home/tejasva/robotdog_ws_copy/install/robotdog_description/share/robotdog_description/environment/path.sh
[0.475s] -- Up-to-date symlink: /home/tejasva/robotdog_ws_copy/install/robotdog_description/share/robotdog_description/environment/path.dsv
[0.476s] -- Up-to-date symlink: /home/tejasva/robotdog_ws_copy/install/robotdog_description/share/robotdog_description/local_setup.bash
[0.476s] -- Up-to-date symlink: /home/tejasva/robotdog_ws_copy/install/robotdog_description/share/robotdog_description/local_setup.sh
[0.476s] -- Up-to-date symlink: /home/tejasva/robotdog_ws_copy/install/robotdog_description/share/robotdog_description/local_setup.zsh
[0.477s] -- Up-to-date symlink: /home/tejasva/robotdog_ws_copy/install/robotdog_description/share/robotdog_description/local_setup.dsv
[0.477s] -- Symlinking: /home/tejasva/robotdog_ws_copy/install/robotdog_description/share/robotdog_description/package.dsv
[0.496s] -- Up-to-date symlink: /home/tejasva/robotdog_ws_copy/install/robotdog_description/share/ament_index/resource_index/packages/robotdog_description
[0.497s] -- Up-to-date symlink: /home/tejasva/robotdog_ws_copy/install/robotdog_description/share/robotdog_description/cmake/robotdog_descriptionConfig.cmake
[0.499s] -- Up-to-date symlink: /home/tejasva/robotdog_ws_copy/install/robotdog_description/share/robotdog_description/cmake/robotdog_descriptionConfig-version.cmake
[0.500s] -- Up-to-date symlink: /home/tejasva/robotdog_ws_copy/install/robotdog_description/share/robotdog_description/package.xml
[0.502s] Invoked command in '/home/tejasva/robotdog_ws_copy/build/robotdog_description' returned '0': CMAKE_PREFIX_PATH=${CMAKE_PREFIX_PATH}:/home/tejasva/robotdog_ws_copy/install/robotdog_control:/opt/ros/humble /usr/bin/cmake --install /home/tejasva/robotdog_ws_copy/build/robotdog_description
