[0.238s] Invoking command in '/home/tejasva/robotdog_ws_copy/build/robotdog_description': CMAKE_PREFIX_PATH=${CMAKE_PREFIX_PATH}:/opt/ros/humble /usr/bin/cmake /home/tejasva/robotdog_ws_copy/src/robotdog_description -DAMENT_CMAKE_SYMLINK_INSTALL=1 -DCMAKE_INSTALL_PREFIX=/home/tejasva/robotdog_ws_copy/install/robotdog_description
[0.286s] -- The C compiler identification is GNU 11.4.0
[0.340s] -- The CXX compiler identification is GNU 11.4.0
[0.347s] -- Detecting C compiler ABI info
[0.418s] -- Detecting C compiler ABI info - done
[0.425s] -- Check for working C compiler: /usr/bin/cc - skipped
[0.426s] -- Detecting C compile features
[0.426s] -- Detecting C compile features - done
[0.429s] -- Detecting CXX compiler ABI info
[0.509s] -- Detecting CXX compiler ABI info - done
[0.515s] -- Check for working CXX compiler: /usr/bin/c++ - skipped
[0.516s] -- Detecting CXX compile features
[0.516s] -- Detecting CXX compile features - done
[0.519s] -- Found ament_cmake: 1.3.12 (/opt/ros/humble/share/ament_cmake/cmake)
[0.668s] -- Found Python3: /usr/bin/python3 (found version "3.10.12") found components: Interpreter 
[0.732s] -- Override CMake install command with custom implementation using symlinks instead of copying resources
[0.769s] -- Found ament_lint_auto: 0.12.14 (/opt/ros/humble/share/ament_lint_auto/cmake)
[0.852s] -- Added test 'copyright' to check source files copyright and LICENSE
[0.855s] -- Added test 'flake8' to check Python code syntax and style conventions
[0.856s] -- Added test 'lint_cmake' to check CMake code style
[0.856s] -- Added test 'pep257' to check Python code against some of the docstring style conventions in PEP 257
[0.858s] -- Added test 'xmllint' to check XML markup files
[0.859s] -- Configuring done
[0.862s] -- Generating done
[0.864s] -- Build files have been written to: /home/tejasva/robotdog_ws_copy/build/robotdog_description
[0.869s] Invoked command in '/home/tejasva/robotdog_ws_copy/build/robotdog_description' returned '0': CMAKE_PREFIX_PATH=${CMAKE_PREFIX_PATH}:/opt/ros/humble /usr/bin/cmake /home/tejasva/robotdog_ws_copy/src/robotdog_description -DAMENT_CMAKE_SYMLINK_INSTALL=1 -DCMAKE_INSTALL_PREFIX=/home/tejasva/robotdog_ws_copy/install/robotdog_description
[0.870s] Invoking command in '/home/tejasva/robotdog_ws_copy/build/robotdog_description': CMAKE_PREFIX_PATH=${CMAKE_PREFIX_PATH}:/opt/ros/humble /usr/bin/cmake --build /home/tejasva/robotdog_ws_copy/build/robotdog_description -- -j16 -l16
[0.909s] Invoked command in '/home/tejasva/robotdog_ws_copy/build/robotdog_description' returned '0': CMAKE_PREFIX_PATH=${CMAKE_PREFIX_PATH}:/opt/ros/humble /usr/bin/cmake --build /home/tejasva/robotdog_ws_copy/build/robotdog_description -- -j16 -l16
[0.910s] Invoking command in '/home/tejasva/robotdog_ws_copy/build/robotdog_description': CMAKE_PREFIX_PATH=${CMAKE_PREFIX_PATH}:/opt/ros/humble /usr/bin/cmake --install /home/tejasva/robotdog_ws_copy/build/robotdog_description
[0.917s] -- Install configuration: ""
[0.918s] -- Execute custom install script
[0.919s] -- Symlinking: /home/tejasva/robotdog_ws_copy/install/robotdog_description/share/robotdog_description/meshes/BL_Hip.STL
[0.928s] -- Symlinking: /home/tejasva/robotdog_ws_copy/install/robotdog_description/share/robotdog_description/meshes/BL_Lower.STL
[0.938s] -- Symlinking: /home/tejasva/robotdog_ws_copy/install/robotdog_description/share/robotdog_description/meshes/BL_Upper.STL
[0.948s] -- Symlinking: /home/tejasva/robotdog_ws_copy/install/robotdog_description/share/robotdog_description/meshes/BR_Hip.STL
[0.957s] -- Symlinking: /home/tejasva/robotdog_ws_copy/install/robotdog_description/share/robotdog_description/meshes/BR_Lower.STL
[0.966s] -- Symlinking: /home/tejasva/robotdog_ws_copy/install/robotdog_description/share/robotdog_description/meshes/BR_Upper.STL
[0.975s] -- Symlinking: /home/tejasva/robotdog_ws_copy/install/robotdog_description/share/robotdog_description/meshes/Base_link.STL
[0.984s] -- Symlinking: /home/tejasva/robotdog_ws_copy/install/robotdog_description/share/robotdog_description/meshes/FL_Hip.STL
[0.992s] -- Symlinking: /home/tejasva/robotdog_ws_copy/install/robotdog_description/share/robotdog_description/meshes/FL_Lower.STL
[1.001s] -- Symlinking: /home/tejasva/robotdog_ws_copy/install/robotdog_description/share/robotdog_description/meshes/FL_Upper.STL
[1.011s] -- Symlinking: /home/tejasva/robotdog_ws_copy/install/robotdog_description/share/robotdog_description/meshes/FR_Hip.STL
[1.020s] -- Symlinking: /home/tejasva/robotdog_ws_copy/install/robotdog_description/share/robotdog_description/meshes/FR_Lower.STL
[1.029s] -- Symlinking: /home/tejasva/robotdog_ws_copy/install/robotdog_description/share/robotdog_description/meshes/FR_Upper.STL
[1.038s] -- Symlinking: /home/tejasva/robotdog_ws_copy/install/robotdog_description/share/robotdog_description/urdf/gazebo_control_plugin.xacro
[1.048s] -- Symlinking: /home/tejasva/robotdog_ws_copy/install/robotdog_description/share/robotdog_description/urdf/robotdog.xacro
[1.058s] -- Symlinking: /home/tejasva/robotdog_ws_copy/install/robotdog_description/share/robotdog_description/urdf/robotdog_gazebo.xacro
[1.067s] -- Symlinking: /home/tejasva/robotdog_ws_copy/install/robotdog_description/share/robotdog_description/urdf/robotdog_rviz.xacro
[1.081s] -- Symlinking: /home/tejasva/robotdog_ws_copy/install/robotdog_description/share/robotdog_description/launch/gazebo.launch.py
[1.090s] -- Symlinking: /home/tejasva/robotdog_ws_copy/install/robotdog_description/share/robotdog_description/launch/rviz.launch.py
[1.102s] -- Symlinking: /home/tejasva/robotdog_ws_copy/install/robotdog_description/share/robotdog_description/launch/rviz_test.launch.py
[1.112s] -- Symlinking: /home/tejasva/robotdog_ws_copy/install/robotdog_description/share/robotdog_description/config/robotdog_controller.yaml
[1.123s] -- Symlinking: /home/tejasva/robotdog_ws_copy/install/robotdog_description/share/robotdog_description/config/robotdog_controller_rviz. yaml
[1.134s] -- Symlinking: /home/tejasva/robotdog_ws_copy/install/robotdog_description/share/ament_index/resource_index/package_run_dependencies/robotdog_description
[1.144s] -- Symlinking: /home/tejasva/robotdog_ws_copy/install/robotdog_description/share/ament_index/resource_index/parent_prefix_path/robotdog_description
[1.153s] -- Symlinking: /home/tejasva/robotdog_ws_copy/install/robotdog_description/share/robotdog_description/environment/ament_prefix_path.sh
[1.163s] -- Symlinking: /home/tejasva/robotdog_ws_copy/install/robotdog_description/share/robotdog_description/environment/ament_prefix_path.dsv
[1.172s] -- Symlinking: /home/tejasva/robotdog_ws_copy/install/robotdog_description/share/robotdog_description/environment/path.sh
[1.182s] -- Symlinking: /home/tejasva/robotdog_ws_copy/install/robotdog_description/share/robotdog_description/environment/path.dsv
[1.192s] -- Symlinking: /home/tejasva/robotdog_ws_copy/install/robotdog_description/share/robotdog_description/local_setup.bash
[1.202s] -- Symlinking: /home/tejasva/robotdog_ws_copy/install/robotdog_description/share/robotdog_description/local_setup.sh
[1.213s] -- Symlinking: /home/tejasva/robotdog_ws_copy/install/robotdog_description/share/robotdog_description/local_setup.zsh
[1.227s] -- Symlinking: /home/tejasva/robotdog_ws_copy/install/robotdog_description/share/robotdog_description/local_setup.dsv
[1.237s] -- Symlinking: /home/tejasva/robotdog_ws_copy/install/robotdog_description/share/robotdog_description/package.dsv
[1.247s] -- Symlinking: /home/tejasva/robotdog_ws_copy/install/robotdog_description/share/ament_index/resource_index/packages/robotdog_description
[1.259s] -- Symlinking: /home/tejasva/robotdog_ws_copy/install/robotdog_description/share/robotdog_description/cmake/robotdog_descriptionConfig.cmake
[1.269s] -- Symlinking: /home/tejasva/robotdog_ws_copy/install/robotdog_description/share/robotdog_description/cmake/robotdog_descriptionConfig-version.cmake
[1.279s] -- Symlinking: /home/tejasva/robotdog_ws_copy/install/robotdog_description/share/robotdog_description/package.xml
[1.291s] Invoked command in '/home/tejasva/robotdog_ws_copy/build/robotdog_description' returned '0': CMAKE_PREFIX_PATH=${CMAKE_PREFIX_PATH}:/opt/ros/humble /usr/bin/cmake --install /home/tejasva/robotdog_ws_copy/build/robotdog_description
