[0.236s] Invoking command in '/home/tejasva/robotdog_ws_copy/build/robotdog_teleop': CMAKE_PREFIX_PATH=${CMAKE_PREFIX_PATH}:/opt/ros/humble /usr/bin/cmake /home/tejasva/robotdog_ws_copy/src/robotdog_teleop -DAMENT_CMAKE_SYMLINK_INSTALL=1 -DCMAKE_INSTALL_PREFIX=/home/tejasva/robotdog_ws_copy/install/robotdog_teleop
[0.282s] -- The C compiler identification is GNU 11.4.0
[0.339s] -- The CXX compiler identification is GNU 11.4.0
[0.345s] -- Detecting C compiler ABI info
[0.416s] -- Detecting C compiler ABI info - done
[0.422s] -- Check for working C compiler: /usr/bin/cc - skipped
[0.422s] -- Detecting C compile features
[0.422s] -- Detecting C compile features - done
[0.425s] -- Detecting CXX compiler ABI info
[0.503s] -- Detecting CXX compiler ABI info - done
[0.509s] -- Check for working CXX compiler: /usr/bin/c++ - skipped
[0.509s] -- Detecting CXX compile features
[0.510s] -- Detecting CXX compile features - done
[0.512s] -- Found ament_cmake: 1.3.12 (/opt/ros/humble/share/ament_cmake/cmake)
[0.661s] -- Found Python3: /usr/bin/python3 (found version "3.10.12") found components: Interpreter 
[0.733s] -- Override CMake install command with custom implementation using symlinks instead of copying resources
[0.771s] -- Found rclcpp: 16.0.15 (/opt/ros/humble/share/rclcpp/cmake)
[0.819s] -- Found rosidl_generator_c: 3.1.7 (/opt/ros/humble/share/rosidl_generator_c/cmake)
[0.824s] -- Found rosidl_adapter: 3.1.7 (/opt/ros/humble/share/rosidl_adapter/cmake)
[0.833s] -- Found rosidl_generator_cpp: 3.1.7 (/opt/ros/humble/share/rosidl_generator_cpp/cmake)
[0.845s] -- Using all available rosidl_typesupport_c: rosidl_typesupport_fastrtps_c;rosidl_typesupport_introspection_c
[0.861s] -- Using all available rosidl_typesupport_cpp: rosidl_typesupport_fastrtps_cpp;rosidl_typesupport_introspection_cpp
[0.904s] -- Found rmw_implementation_cmake: 6.1.2 (/opt/ros/humble/share/rmw_implementation_cmake/cmake)
[0.907s] -- Found rmw_cyclonedds_cpp: 1.3.4 (/opt/ros/humble/share/rmw_cyclonedds_cpp/cmake)
[0.927s] -- Using RMW implementation 'rmw_cyclonedds_cpp' as default
[0.937s] -- Looking for pthread.h
[1.005s] -- Looking for pthread.h - found
[1.005s] -- Performing Test CMAKE_HAVE_LIBC_PTHREAD
[1.083s] -- Performing Test CMAKE_HAVE_LIBC_PTHREAD - Success
[1.084s] -- Found Threads: TRUE  
[1.132s] -- Found robotdog_msgs: 0.0.0 (/home/tejasva/robotdog_ws_copy/install/robotdog_msgs/share/robotdog_msgs/cmake)
[1.160s] -- Found ament_lint_auto: 0.12.14 (/opt/ros/humble/share/ament_lint_auto/cmake)
[1.245s] -- Added test 'cppcheck' to perform static code analysis on C / C++ code
[1.245s] -- Configured cppcheck include dirs: 
[1.246s] -- Configured cppcheck exclude dirs and/or files: 
[1.246s] -- Added test 'lint_cmake' to check CMake code style
[1.247s] -- Added test 'uncrustify' to check C / C++ code style
[1.247s] -- Configured uncrustify additional arguments: 
[1.247s] -- Added test 'xmllint' to check XML markup files
[1.249s] -- Configuring done
[1.259s] -- Generating done
[1.263s] -- Build files have been written to: /home/tejasva/robotdog_ws_copy/build/robotdog_teleop
[1.274s] Invoked command in '/home/tejasva/robotdog_ws_copy/build/robotdog_teleop' returned '0': CMAKE_PREFIX_PATH=${CMAKE_PREFIX_PATH}:/opt/ros/humble /usr/bin/cmake /home/tejasva/robotdog_ws_copy/src/robotdog_teleop -DAMENT_CMAKE_SYMLINK_INSTALL=1 -DCMAKE_INSTALL_PREFIX=/home/tejasva/robotdog_ws_copy/install/robotdog_teleop
[1.275s] Invoking command in '/home/tejasva/robotdog_ws_copy/build/robotdog_teleop': CMAKE_PREFIX_PATH=${CMAKE_PREFIX_PATH}:/opt/ros/humble /usr/bin/cmake --build /home/tejasva/robotdog_ws_copy/build/robotdog_teleop -- -j16 -l16
[1.326s] [ 50%] [32mBuilding CXX object CMakeFiles/robotdog_teleop.dir/src/robotdog_teleop.cpp.o[0m
[4.447s] [100%] [32m[1mLinking CXX executable robotdog_teleop[0m
[4.584s] [100%] Built target robotdog_teleop
[4.594s] Invoked command in '/home/tejasva/robotdog_ws_copy/build/robotdog_teleop' returned '0': CMAKE_PREFIX_PATH=${CMAKE_PREFIX_PATH}:/opt/ros/humble /usr/bin/cmake --build /home/tejasva/robotdog_ws_copy/build/robotdog_teleop -- -j16 -l16
[4.596s] Invoking command in '/home/tejasva/robotdog_ws_copy/build/robotdog_teleop': CMAKE_PREFIX_PATH=${CMAKE_PREFIX_PATH}:/opt/ros/humble /usr/bin/cmake --install /home/tejasva/robotdog_ws_copy/build/robotdog_teleop
[4.602s] -- Install configuration: ""
[4.602s] -- Execute custom install script
[4.603s] -- Symlinking: /home/tejasva/robotdog_ws_copy/install/robotdog_teleop/lib/robotdog_teleop/robotdog_teleop
[4.610s] -- Symlinking: /home/tejasva/robotdog_ws_copy/install/robotdog_teleop/share/ament_index/resource_index/package_run_dependencies/robotdog_teleop
[4.617s] -- Symlinking: /home/tejasva/robotdog_ws_copy/install/robotdog_teleop/share/ament_index/resource_index/parent_prefix_path/robotdog_teleop
[4.625s] -- Symlinking: /home/tejasva/robotdog_ws_copy/install/robotdog_teleop/share/robotdog_teleop/environment/ament_prefix_path.sh
[4.633s] -- Symlinking: /home/tejasva/robotdog_ws_copy/install/robotdog_teleop/share/robotdog_teleop/environment/ament_prefix_path.dsv
[4.641s] -- Symlinking: /home/tejasva/robotdog_ws_copy/install/robotdog_teleop/share/robotdog_teleop/environment/path.sh
[4.649s] -- Symlinking: /home/tejasva/robotdog_ws_copy/install/robotdog_teleop/share/robotdog_teleop/environment/path.dsv
[4.656s] -- Symlinking: /home/tejasva/robotdog_ws_copy/install/robotdog_teleop/share/robotdog_teleop/local_setup.bash
[4.663s] -- Symlinking: /home/tejasva/robotdog_ws_copy/install/robotdog_teleop/share/robotdog_teleop/local_setup.sh
[4.671s] -- Symlinking: /home/tejasva/robotdog_ws_copy/install/robotdog_teleop/share/robotdog_teleop/local_setup.zsh
[4.678s] -- Symlinking: /home/tejasva/robotdog_ws_copy/install/robotdog_teleop/share/robotdog_teleop/local_setup.dsv
[4.686s] -- Symlinking: /home/tejasva/robotdog_ws_copy/install/robotdog_teleop/share/robotdog_teleop/package.dsv
[4.694s] -- Symlinking: /home/tejasva/robotdog_ws_copy/install/robotdog_teleop/share/ament_index/resource_index/packages/robotdog_teleop
[4.702s] -- Symlinking: /home/tejasva/robotdog_ws_copy/install/robotdog_teleop/share/robotdog_teleop/cmake/robotdog_teleopConfig.cmake
[4.710s] -- Symlinking: /home/tejasva/robotdog_ws_copy/install/robotdog_teleop/share/robotdog_teleop/cmake/robotdog_teleopConfig-version.cmake
[4.717s] -- Symlinking: /home/tejasva/robotdog_ws_copy/install/robotdog_teleop/share/robotdog_teleop/package.xml
[4.727s] Invoked command in '/home/tejasva/robotdog_ws_copy/build/robotdog_teleop' returned '0': CMAKE_PREFIX_PATH=${CMAKE_PREFIX_PATH}:/opt/ros/humble /usr/bin/cmake --install /home/tejasva/robotdog_ws_copy/build/robotdog_teleop
