[0.114s] DEBUG:colcon:Command line arguments: ['/usr/bin/colcon', 'build', '--symlink-install']
[0.114s] DEBUG:colcon:Parsed command line arguments: Namespace(log_base=None, log_level=None, verb_name='build', build_base='build', install_base='install', merge_install=False, symlink_install=True, test_result_base=None, continue_on_error=False, executor='parallel', parallel_workers=16, event_handlers=None, ignore_user_meta=False, metas=['./colcon.meta'], base_paths=['.'], packages_ignore=None, packages_ignore_regex=None, paths=None, packages_up_to=None, packages_up_to_regex=None, packages_above=None, packages_above_and_dependencies=None, packages_above_depth=None, packages_select_by_dep=None, packages_skip_by_dep=None, packages_skip_up_to=None, packages_select_build_failed=False, packages_skip_build_finished=False, packages_select_test_failures=False, packages_skip_test_passed=False, packages_select=None, packages_skip=None, packages_select_regex=None, packages_skip_regex=None, packages_start=None, packages_end=None, allow_overriding=[], cmake_args=None, cmake_target=None, cmake_target_skip_unavailable=False, cmake_clean_cache=False, cmake_clean_first=False, cmake_force_configure=False, ament_cmake_args=None, catkin_cmake_args=None, catkin_skip_building_tests=False, verb_parser=<colcon_defaults.argument_parser.defaults.DefaultArgumentsDecorator object at 0x76dd7b98d840>, verb_extension=<colcon_core.verb.build.BuildVerb object at 0x76dd7b90ee60>, main=<bound method BuildVerb.main of <colcon_core.verb.build.BuildVerb object at 0x76dd7b90ee60>>)
[0.312s] Level 1:colcon.colcon_core.package_discovery:discover_packages(colcon_meta) check parameters
[0.312s] Level 1:colcon.colcon_core.package_discovery:discover_packages(recursive) check parameters
[0.312s] Level 1:colcon.colcon_core.package_discovery:discover_packages(ignore) check parameters
[0.312s] Level 1:colcon.colcon_core.package_discovery:discover_packages(path) check parameters
[0.312s] Level 1:colcon.colcon_core.package_discovery:discover_packages(colcon_meta) discover
[0.312s] Level 1:colcon.colcon_core.package_discovery:discover_packages(recursive) discover
[0.312s] INFO:colcon.colcon_core.package_discovery:Crawling recursively for packages in '/home/tejasva/robotdog_ws_copy'
[0.312s] Level 1:colcon.colcon_core.package_identification:_identify(.) by extensions ['ignore', 'ignore_ament_install']
[0.313s] Level 1:colcon.colcon_core.package_identification:_identify(.) by extension 'ignore'
[0.313s] Level 1:colcon.colcon_core.package_identification:_identify(.) by extension 'ignore_ament_install'
[0.313s] Level 1:colcon.colcon_core.package_identification:_identify(.) by extensions ['colcon_pkg']
[0.313s] Level 1:colcon.colcon_core.package_identification:_identify(.) by extension 'colcon_pkg'
[0.313s] Level 1:colcon.colcon_core.package_identification:_identify(.) by extensions ['colcon_meta']
[0.313s] Level 1:colcon.colcon_core.package_identification:_identify(.) by extension 'colcon_meta'
[0.313s] Level 1:colcon.colcon_core.package_identification:_identify(.) by extensions ['ros']
[0.313s] Level 1:colcon.colcon_core.package_identification:_identify(.) by extension 'ros'
[0.337s] Level 1:colcon.colcon_core.package_identification:_identify(.) by extensions ['cmake', 'python']
[0.337s] Level 1:colcon.colcon_core.package_identification:_identify(.) by extension 'cmake'
[0.337s] Level 1:colcon.colcon_core.package_identification:_identify(.) by extension 'python'
[0.337s] Level 1:colcon.colcon_core.package_identification:_identify(.) by extensions ['python_setup_py']
[0.337s] Level 1:colcon.colcon_core.package_identification:_identify(.) by extension 'python_setup_py'
[0.337s] Level 1:colcon.colcon_core.package_identification:_identify(Relevant_Material) by extensions ['ignore', 'ignore_ament_install']
[0.338s] Level 1:colcon.colcon_core.package_identification:_identify(Relevant_Material) by extension 'ignore'
[0.338s] Level 1:colcon.colcon_core.package_identification:_identify(Relevant_Material) by extension 'ignore_ament_install'
[0.338s] Level 1:colcon.colcon_core.package_identification:_identify(Relevant_Material) by extensions ['colcon_pkg']
[0.338s] Level 1:colcon.colcon_core.package_identification:_identify(Relevant_Material) by extension 'colcon_pkg'
[0.338s] Level 1:colcon.colcon_core.package_identification:_identify(Relevant_Material) by extensions ['colcon_meta']
[0.338s] Level 1:colcon.colcon_core.package_identification:_identify(Relevant_Material) by extension 'colcon_meta'
[0.338s] Level 1:colcon.colcon_core.package_identification:_identify(Relevant_Material) by extensions ['ros']
[0.338s] Level 1:colcon.colcon_core.package_identification:_identify(Relevant_Material) by extension 'ros'
[0.338s] Level 1:colcon.colcon_core.package_identification:_identify(Relevant_Material) by extensions ['cmake', 'python']
[0.338s] Level 1:colcon.colcon_core.package_identification:_identify(Relevant_Material) by extension 'cmake'
[0.338s] Level 1:colcon.colcon_core.package_identification:_identify(Relevant_Material) by extension 'python'
[0.338s] Level 1:colcon.colcon_core.package_identification:_identify(Relevant_Material) by extensions ['python_setup_py']
[0.338s] Level 1:colcon.colcon_core.package_identification:_identify(Relevant_Material) by extension 'python_setup_py'
[0.338s] Level 1:colcon.colcon_core.package_identification:_identify(build) by extensions ['ignore', 'ignore_ament_install']
[0.338s] Level 1:colcon.colcon_core.package_identification:_identify(build) by extension 'ignore'
[0.338s] Level 1:colcon.colcon_core.package_identification:_identify(build) ignored
[0.339s] Level 1:colcon.colcon_core.package_identification:_identify(install) by extensions ['ignore', 'ignore_ament_install']
[0.339s] Level 1:colcon.colcon_core.package_identification:_identify(install) by extension 'ignore'
[0.339s] Level 1:colcon.colcon_core.package_identification:_identify(install) ignored
[0.339s] Level 1:colcon.colcon_core.package_identification:_identify(log) by extensions ['ignore', 'ignore_ament_install']
[0.339s] Level 1:colcon.colcon_core.package_identification:_identify(log) by extension 'ignore'
[0.339s] Level 1:colcon.colcon_core.package_identification:_identify(log) ignored
[0.339s] Level 1:colcon.colcon_core.package_identification:_identify(src) by extensions ['ignore', 'ignore_ament_install']
[0.339s] Level 1:colcon.colcon_core.package_identification:_identify(src) by extension 'ignore'
[0.339s] Level 1:colcon.colcon_core.package_identification:_identify(src) by extension 'ignore_ament_install'
[0.339s] Level 1:colcon.colcon_core.package_identification:_identify(src) by extensions ['colcon_pkg']
[0.339s] Level 1:colcon.colcon_core.package_identification:_identify(src) by extension 'colcon_pkg'
[0.339s] Level 1:colcon.colcon_core.package_identification:_identify(src) by extensions ['colcon_meta']
[0.339s] Level 1:colcon.colcon_core.package_identification:_identify(src) by extension 'colcon_meta'
[0.340s] Level 1:colcon.colcon_core.package_identification:_identify(src) by extensions ['ros']
[0.340s] Level 1:colcon.colcon_core.package_identification:_identify(src) by extension 'ros'
[0.340s] Level 1:colcon.colcon_core.package_identification:_identify(src) by extensions ['cmake', 'python']
[0.340s] Level 1:colcon.colcon_core.package_identification:_identify(src) by extension 'cmake'
[0.340s] Level 1:colcon.colcon_core.package_identification:_identify(src) by extension 'python'
[0.340s] Level 1:colcon.colcon_core.package_identification:_identify(src) by extensions ['python_setup_py']
[0.340s] Level 1:colcon.colcon_core.package_identification:_identify(src) by extension 'python_setup_py'
[0.340s] Level 1:colcon.colcon_core.package_identification:_identify(src/robotdog_control) by extensions ['ignore', 'ignore_ament_install']
[0.340s] Level 1:colcon.colcon_core.package_identification:_identify(src/robotdog_control) by extension 'ignore'
[0.340s] Level 1:colcon.colcon_core.package_identification:_identify(src/robotdog_control) by extension 'ignore_ament_install'
[0.340s] Level 1:colcon.colcon_core.package_identification:_identify(src/robotdog_control) by extensions ['colcon_pkg']
[0.340s] Level 1:colcon.colcon_core.package_identification:_identify(src/robotdog_control) by extension 'colcon_pkg'
[0.340s] Level 1:colcon.colcon_core.package_identification:_identify(src/robotdog_control) by extensions ['colcon_meta']
[0.340s] Level 1:colcon.colcon_core.package_identification:_identify(src/robotdog_control) by extension 'colcon_meta'
[0.340s] Level 1:colcon.colcon_core.package_identification:_identify(src/robotdog_control) by extensions ['ros']
[0.340s] Level 1:colcon.colcon_core.package_identification:_identify(src/robotdog_control) by extension 'ros'
[0.343s] DEBUG:colcon.colcon_core.package_identification:Package 'src/robotdog_control' with type 'ros.ament_python' and name 'robotdog_control'
[0.343s] Level 1:colcon.colcon_core.package_identification:_identify(src/robotdog_description) by extensions ['ignore', 'ignore_ament_install']
[0.343s] Level 1:colcon.colcon_core.package_identification:_identify(src/robotdog_description) by extension 'ignore'
[0.343s] Level 1:colcon.colcon_core.package_identification:_identify(src/robotdog_description) by extension 'ignore_ament_install'
[0.343s] Level 1:colcon.colcon_core.package_identification:_identify(src/robotdog_description) by extensions ['colcon_pkg']
[0.343s] Level 1:colcon.colcon_core.package_identification:_identify(src/robotdog_description) by extension 'colcon_pkg'
[0.343s] Level 1:colcon.colcon_core.package_identification:_identify(src/robotdog_description) by extensions ['colcon_meta']
[0.343s] Level 1:colcon.colcon_core.package_identification:_identify(src/robotdog_description) by extension 'colcon_meta'
[0.343s] Level 1:colcon.colcon_core.package_identification:_identify(src/robotdog_description) by extensions ['ros']
[0.343s] Level 1:colcon.colcon_core.package_identification:_identify(src/robotdog_description) by extension 'ros'
[0.344s] DEBUG:colcon.colcon_core.package_identification:Package 'src/robotdog_description' with type 'ros.ament_cmake' and name 'robotdog_description'
[0.344s] Level 1:colcon.colcon_core.package_identification:_identify(src/robotdog_msgs) by extensions ['ignore', 'ignore_ament_install']
[0.344s] Level 1:colcon.colcon_core.package_identification:_identify(src/robotdog_msgs) by extension 'ignore'
[0.344s] Level 1:colcon.colcon_core.package_identification:_identify(src/robotdog_msgs) by extension 'ignore_ament_install'
[0.344s] Level 1:colcon.colcon_core.package_identification:_identify(src/robotdog_msgs) by extensions ['colcon_pkg']
[0.344s] Level 1:colcon.colcon_core.package_identification:_identify(src/robotdog_msgs) by extension 'colcon_pkg'
[0.344s] Level 1:colcon.colcon_core.package_identification:_identify(src/robotdog_msgs) by extensions ['colcon_meta']
[0.344s] Level 1:colcon.colcon_core.package_identification:_identify(src/robotdog_msgs) by extension 'colcon_meta'
[0.345s] Level 1:colcon.colcon_core.package_identification:_identify(src/robotdog_msgs) by extensions ['ros']
[0.345s] Level 1:colcon.colcon_core.package_identification:_identify(src/robotdog_msgs) by extension 'ros'
[0.345s] DEBUG:colcon.colcon_core.package_identification:Package 'src/robotdog_msgs' with type 'ros.ament_cmake' and name 'robotdog_msgs'
[0.345s] Level 1:colcon.colcon_core.package_identification:_identify(src/robotdog_teleop) by extensions ['ignore', 'ignore_ament_install']
[0.345s] Level 1:colcon.colcon_core.package_identification:_identify(src/robotdog_teleop) by extension 'ignore'
[0.345s] Level 1:colcon.colcon_core.package_identification:_identify(src/robotdog_teleop) by extension 'ignore_ament_install'
[0.345s] Level 1:colcon.colcon_core.package_identification:_identify(src/robotdog_teleop) by extensions ['colcon_pkg']
[0.346s] Level 1:colcon.colcon_core.package_identification:_identify(src/robotdog_teleop) by extension 'colcon_pkg'
[0.346s] Level 1:colcon.colcon_core.package_identification:_identify(src/robotdog_teleop) by extensions ['colcon_meta']
[0.346s] Level 1:colcon.colcon_core.package_identification:_identify(src/robotdog_teleop) by extension 'colcon_meta'
[0.346s] Level 1:colcon.colcon_core.package_identification:_identify(src/robotdog_teleop) by extensions ['ros']
[0.346s] Level 1:colcon.colcon_core.package_identification:_identify(src/robotdog_teleop) by extension 'ros'
[0.346s] DEBUG:colcon.colcon_core.package_identification:Package 'src/robotdog_teleop' with type 'ros.ament_cmake' and name 'robotdog_teleop'
[0.346s] Level 1:colcon.colcon_core.package_discovery:discover_packages(recursive) using defaults
[0.346s] Level 1:colcon.colcon_core.package_discovery:discover_packages(ignore) discover
[0.346s] Level 1:colcon.colcon_core.package_discovery:discover_packages(ignore) using defaults
[0.346s] Level 1:colcon.colcon_core.package_discovery:discover_packages(path) discover
[0.346s] Level 1:colcon.colcon_core.package_discovery:discover_packages(path) using defaults
[0.367s] Level 1:colcon.colcon_core.package_discovery:discover_packages(prefix_path) check parameters
[0.367s] Level 1:colcon.colcon_core.package_discovery:discover_packages(prefix_path) discover
[0.369s] DEBUG:colcon.colcon_installed_package_information.package_discovery:Found 4 installed packages in /home/tejasva/robotdog_ws_copy/install
[0.371s] DEBUG:colcon.colcon_installed_package_information.package_discovery:Found 444 installed packages in /opt/ros/humble
[0.375s] Level 1:colcon.colcon_core.package_discovery:discover_packages(prefix_path) using defaults
[0.430s] Level 5:colcon.colcon_core.verb:set package 'robotdog_control' build argument 'cmake_args' from command line to 'None'
[0.430s] Level 5:colcon.colcon_core.verb:set package 'robotdog_control' build argument 'cmake_target' from command line to 'None'
[0.430s] Level 5:colcon.colcon_core.verb:set package 'robotdog_control' build argument 'cmake_target_skip_unavailable' from command line to 'False'
[0.430s] Level 5:colcon.colcon_core.verb:set package 'robotdog_control' build argument 'cmake_clean_cache' from command line to 'False'
[0.430s] Level 5:colcon.colcon_core.verb:set package 'robotdog_control' build argument 'cmake_clean_first' from command line to 'False'
[0.430s] Level 5:colcon.colcon_core.verb:set package 'robotdog_control' build argument 'cmake_force_configure' from command line to 'False'
[0.430s] Level 5:colcon.colcon_core.verb:set package 'robotdog_control' build argument 'ament_cmake_args' from command line to 'None'
[0.430s] Level 5:colcon.colcon_core.verb:set package 'robotdog_control' build argument 'catkin_cmake_args' from command line to 'None'
[0.430s] Level 5:colcon.colcon_core.verb:set package 'robotdog_control' build argument 'catkin_skip_building_tests' from command line to 'False'
[0.430s] DEBUG:colcon.colcon_core.verb:Building package 'robotdog_control' with the following arguments: {'ament_cmake_args': None, 'build_base': '/home/tejasva/robotdog_ws_copy/build/robotdog_control', 'catkin_cmake_args': None, 'catkin_skip_building_tests': False, 'cmake_args': None, 'cmake_clean_cache': False, 'cmake_clean_first': False, 'cmake_force_configure': False, 'cmake_target': None, 'cmake_target_skip_unavailable': False, 'install_base': '/home/tejasva/robotdog_ws_copy/install/robotdog_control', 'merge_install': False, 'path': '/home/tejasva/robotdog_ws_copy/src/robotdog_control', 'symlink_install': True, 'test_result_base': None}
[0.431s] Level 5:colcon.colcon_core.verb:set package 'robotdog_description' build argument 'cmake_args' from command line to 'None'
[0.431s] Level 5:colcon.colcon_core.verb:set package 'robotdog_description' build argument 'cmake_target' from command line to 'None'
[0.431s] Level 5:colcon.colcon_core.verb:set package 'robotdog_description' build argument 'cmake_target_skip_unavailable' from command line to 'False'
[0.431s] Level 5:colcon.colcon_core.verb:set package 'robotdog_description' build argument 'cmake_clean_cache' from command line to 'False'
[0.431s] Level 5:colcon.colcon_core.verb:set package 'robotdog_description' build argument 'cmake_clean_first' from command line to 'False'
[0.431s] Level 5:colcon.colcon_core.verb:set package 'robotdog_description' build argument 'cmake_force_configure' from command line to 'False'
[0.431s] Level 5:colcon.colcon_core.verb:set package 'robotdog_description' build argument 'ament_cmake_args' from command line to 'None'
[0.431s] Level 5:colcon.colcon_core.verb:set package 'robotdog_description' build argument 'catkin_cmake_args' from command line to 'None'
[0.431s] Level 5:colcon.colcon_core.verb:set package 'robotdog_description' build argument 'catkin_skip_building_tests' from command line to 'False'
[0.431s] DEBUG:colcon.colcon_core.verb:Building package 'robotdog_description' with the following arguments: {'ament_cmake_args': None, 'build_base': '/home/tejasva/robotdog_ws_copy/build/robotdog_description', 'catkin_cmake_args': None, 'catkin_skip_building_tests': False, 'cmake_args': None, 'cmake_clean_cache': False, 'cmake_clean_first': False, 'cmake_force_configure': False, 'cmake_target': None, 'cmake_target_skip_unavailable': False, 'install_base': '/home/tejasva/robotdog_ws_copy/install/robotdog_description', 'merge_install': False, 'path': '/home/tejasva/robotdog_ws_copy/src/robotdog_description', 'symlink_install': True, 'test_result_base': None}
[0.431s] Level 5:colcon.colcon_core.verb:set package 'robotdog_msgs' build argument 'cmake_args' from command line to 'None'
[0.431s] Level 5:colcon.colcon_core.verb:set package 'robotdog_msgs' build argument 'cmake_target' from command line to 'None'
[0.431s] Level 5:colcon.colcon_core.verb:set package 'robotdog_msgs' build argument 'cmake_target_skip_unavailable' from command line to 'False'
[0.431s] Level 5:colcon.colcon_core.verb:set package 'robotdog_msgs' build argument 'cmake_clean_cache' from command line to 'False'
[0.431s] Level 5:colcon.colcon_core.verb:set package 'robotdog_msgs' build argument 'cmake_clean_first' from command line to 'False'
[0.431s] Level 5:colcon.colcon_core.verb:set package 'robotdog_msgs' build argument 'cmake_force_configure' from command line to 'False'
[0.431s] Level 5:colcon.colcon_core.verb:set package 'robotdog_msgs' build argument 'ament_cmake_args' from command line to 'None'
[0.431s] Level 5:colcon.colcon_core.verb:set package 'robotdog_msgs' build argument 'catkin_cmake_args' from command line to 'None'
[0.431s] Level 5:colcon.colcon_core.verb:set package 'robotdog_msgs' build argument 'catkin_skip_building_tests' from command line to 'False'
[0.431s] DEBUG:colcon.colcon_core.verb:Building package 'robotdog_msgs' with the following arguments: {'ament_cmake_args': None, 'build_base': '/home/tejasva/robotdog_ws_copy/build/robotdog_msgs', 'catkin_cmake_args': None, 'catkin_skip_building_tests': False, 'cmake_args': None, 'cmake_clean_cache': False, 'cmake_clean_first': False, 'cmake_force_configure': False, 'cmake_target': None, 'cmake_target_skip_unavailable': False, 'install_base': '/home/tejasva/robotdog_ws_copy/install/robotdog_msgs', 'merge_install': False, 'path': '/home/tejasva/robotdog_ws_copy/src/robotdog_msgs', 'symlink_install': True, 'test_result_base': None}
[0.432s] Level 5:colcon.colcon_core.verb:set package 'robotdog_teleop' build argument 'cmake_args' from command line to 'None'
[0.432s] Level 5:colcon.colcon_core.verb:set package 'robotdog_teleop' build argument 'cmake_target' from command line to 'None'
[0.432s] Level 5:colcon.colcon_core.verb:set package 'robotdog_teleop' build argument 'cmake_target_skip_unavailable' from command line to 'False'
[0.432s] Level 5:colcon.colcon_core.verb:set package 'robotdog_teleop' build argument 'cmake_clean_cache' from command line to 'False'
[0.432s] Level 5:colcon.colcon_core.verb:set package 'robotdog_teleop' build argument 'cmake_clean_first' from command line to 'False'
[0.432s] Level 5:colcon.colcon_core.verb:set package 'robotdog_teleop' build argument 'cmake_force_configure' from command line to 'False'
[0.432s] Level 5:colcon.colcon_core.verb:set package 'robotdog_teleop' build argument 'ament_cmake_args' from command line to 'None'
[0.432s] Level 5:colcon.colcon_core.verb:set package 'robotdog_teleop' build argument 'catkin_cmake_args' from command line to 'None'
[0.432s] Level 5:colcon.colcon_core.verb:set package 'robotdog_teleop' build argument 'catkin_skip_building_tests' from command line to 'False'
[0.432s] DEBUG:colcon.colcon_core.verb:Building package 'robotdog_teleop' with the following arguments: {'ament_cmake_args': None, 'build_base': '/home/tejasva/robotdog_ws_copy/build/robotdog_teleop', 'catkin_cmake_args': None, 'catkin_skip_building_tests': False, 'cmake_args': None, 'cmake_clean_cache': False, 'cmake_clean_first': False, 'cmake_force_configure': False, 'cmake_target': None, 'cmake_target_skip_unavailable': False, 'install_base': '/home/tejasva/robotdog_ws_copy/install/robotdog_teleop', 'merge_install': False, 'path': '/home/tejasva/robotdog_ws_copy/src/robotdog_teleop', 'symlink_install': True, 'test_result_base': None}
[0.432s] INFO:colcon.colcon_core.executor:Executing jobs using 'parallel' executor
[0.433s] DEBUG:colcon.colcon_parallel_executor.executor.parallel:run_until_complete
[0.433s] INFO:colcon.colcon_ros.task.ament_python.build:Building ROS package in '/home/tejasva/robotdog_ws_copy/src/robotdog_control' with build type 'ament_python'
[0.433s] Level 1:colcon.colcon_core.shell:create_environment_hook('robotdog_control', 'ament_prefix_path')
[0.436s] INFO:colcon.colcon_core.plugin_system:Skipping extension 'colcon_core.shell.bat': Not used on non-Windows systems
[0.436s] INFO:colcon.colcon_core.shell:Creating environment hook '/home/tejasva/robotdog_ws_copy/install/robotdog_control/share/robotdog_control/hook/ament_prefix_path.ps1'
[0.436s] INFO:colcon.colcon_core.shell:Creating environment descriptor '/home/tejasva/robotdog_ws_copy/install/robotdog_control/share/robotdog_control/hook/ament_prefix_path.dsv'
[0.437s] INFO:colcon.colcon_core.shell:Creating environment hook '/home/tejasva/robotdog_ws_copy/install/robotdog_control/share/robotdog_control/hook/ament_prefix_path.sh'
[0.438s] INFO:colcon.colcon_core.shell:Skip shell extension 'powershell' for command environment: Not usable outside of PowerShell
[0.438s] DEBUG:colcon.colcon_core.shell:Skip shell extension 'dsv' for command environment
[0.442s] INFO:colcon.colcon_ros.task.ament_cmake.build:Building ROS package in '/home/tejasva/robotdog_ws_copy/src/robotdog_description' with build type 'ament_cmake'
[0.442s] INFO:colcon.colcon_cmake.task.cmake.build:Building CMake package in '/home/tejasva/robotdog_ws_copy/src/robotdog_description'
[0.443s] INFO:colcon.colcon_core.shell:Skip shell extension 'powershell' for command environment: Not usable outside of PowerShell
[0.443s] DEBUG:colcon.colcon_core.shell:Skip shell extension 'dsv' for command environment
[0.447s] INFO:colcon.colcon_ros.task.ament_cmake.build:Building ROS package in '/home/tejasva/robotdog_ws_copy/src/robotdog_msgs' with build type 'ament_cmake'
[0.447s] INFO:colcon.colcon_cmake.task.cmake.build:Building CMake package in '/home/tejasva/robotdog_ws_copy/src/robotdog_msgs'
[0.448s] INFO:colcon.colcon_core.shell:Skip shell extension 'powershell' for command environment: Not usable outside of PowerShell
[0.448s] DEBUG:colcon.colcon_core.shell:Skip shell extension 'dsv' for command environment
[0.452s] INFO:colcon.colcon_ros.task.ament_cmake.build:Building ROS package in '/home/tejasva/robotdog_ws_copy/src/robotdog_teleop' with build type 'ament_cmake'
[0.452s] INFO:colcon.colcon_cmake.task.cmake.build:Building CMake package in '/home/tejasva/robotdog_ws_copy/src/robotdog_teleop'
[0.452s] INFO:colcon.colcon_core.shell:Skip shell extension 'powershell' for command environment: Not usable outside of PowerShell
[0.452s] DEBUG:colcon.colcon_core.shell:Skip shell extension 'dsv' for command environment
[0.755s] INFO:colcon.colcon_core.task.python.build:Building Python package in '/home/tejasva/robotdog_ws_copy/src/robotdog_control'
[0.755s] INFO:colcon.colcon_core.shell:Skip shell extension 'powershell' for command environment: Not usable outside of PowerShell
[0.756s] DEBUG:colcon.colcon_core.shell:Skip shell extension 'dsv' for command environment
[0.764s] DEBUG:colcon.colcon_core.event_handler.log_command:Invoking command in '/home/tejasva/robotdog_ws_copy/build/robotdog_description': CMAKE_PREFIX_PATH=${CMAKE_PREFIX_PATH}:/home/tejasva/robotdog_ws_copy/install/robotdog_control:/opt/ros/humble /usr/bin/cmake --build /home/tejasva/robotdog_ws_copy/build/robotdog_description -- -j16 -l16
[0.769s] DEBUG:colcon.colcon_core.event_handler.log_command:Invoking command in '/home/tejasva/robotdog_ws_copy/build/robotdog_msgs': CMAKE_PREFIX_PATH=${CMAKE_PREFIX_PATH}:/home/tejasva/robotdog_ws_copy/install/robotdog_control:/opt/ros/humble /usr/bin/cmake --build /home/tejasva/robotdog_ws_copy/build/robotdog_msgs -- -j16 -l16
[0.772s] DEBUG:colcon.colcon_core.event_handler.log_command:Invoking command in '/home/tejasva/robotdog_ws_copy/build/robotdog_teleop': CMAKE_PREFIX_PATH=${CMAKE_PREFIX_PATH}:/home/tejasva/robotdog_ws_copy/install/robotdog_control:/opt/ros/humble /usr/bin/cmake --build /home/tejasva/robotdog_ws_copy/build/robotdog_teleop -- -j16 -l16
[0.809s] DEBUG:colcon.colcon_core.event_handler.log_command:Invoked command in '/home/tejasva/robotdog_ws_copy/build/robotdog_description' returned '0': CMAKE_PREFIX_PATH=${CMAKE_PREFIX_PATH}:/home/tejasva/robotdog_ws_copy/install/robotdog_control:/opt/ros/humble /usr/bin/cmake --build /home/tejasva/robotdog_ws_copy/build/robotdog_description -- -j16 -l16
[0.822s] DEBUG:colcon.colcon_core.event_handler.log_command:Invoking command in '/home/tejasva/robotdog_ws_copy/build/robotdog_description': CMAKE_PREFIX_PATH=${CMAKE_PREFIX_PATH}:/home/tejasva/robotdog_ws_copy/install/robotdog_control:/opt/ros/humble /usr/bin/cmake --install /home/tejasva/robotdog_ws_copy/build/robotdog_description
[0.855s] Level 1:colcon.colcon_core.environment:create_environment_scripts_only(robotdog_description)
[0.856s] DEBUG:colcon.colcon_core.event_handler.log_command:Invoked command in '/home/tejasva/robotdog_ws_copy/build/robotdog_description' returned '0': CMAKE_PREFIX_PATH=${CMAKE_PREFIX_PATH}:/home/tejasva/robotdog_ws_copy/install/robotdog_control:/opt/ros/humble /usr/bin/cmake --install /home/tejasva/robotdog_ws_copy/build/robotdog_description
[0.859s] Level 1:colcon.colcon_core.environment:checking '/home/tejasva/robotdog_ws_copy/install/robotdog_description' for CMake module files
[0.860s] Level 1:colcon.colcon_core.environment:checking '/home/tejasva/robotdog_ws_copy/install/robotdog_description' for CMake config files
[0.861s] Level 1:colcon.colcon_core.shell:create_environment_hook('robotdog_description', 'cmake_prefix_path')
[0.861s] INFO:colcon.colcon_core.shell:Creating environment hook '/home/tejasva/robotdog_ws_copy/install/robotdog_description/share/robotdog_description/hook/cmake_prefix_path.ps1'
[0.863s] INFO:colcon.colcon_core.shell:Creating environment descriptor '/home/tejasva/robotdog_ws_copy/install/robotdog_description/share/robotdog_description/hook/cmake_prefix_path.dsv'
[0.863s] INFO:colcon.colcon_core.shell:Creating environment hook '/home/tejasva/robotdog_ws_copy/install/robotdog_description/share/robotdog_description/hook/cmake_prefix_path.sh'
[0.865s] Level 1:colcon.colcon_core.environment:checking '/home/tejasva/robotdog_ws_copy/install/robotdog_description/bin'
[0.865s] Level 1:colcon.colcon_core.environment:checking '/home/tejasva/robotdog_ws_copy/install/robotdog_description/lib/pkgconfig/robotdog_description.pc'
[0.865s] Level 1:colcon.colcon_core.environment:checking '/home/tejasva/robotdog_ws_copy/install/robotdog_description/lib/python3.10/site-packages'
[0.866s] Level 1:colcon.colcon_core.environment:checking '/home/tejasva/robotdog_ws_copy/install/robotdog_description/bin'
[0.867s] INFO:colcon.colcon_core.shell:Creating package script '/home/tejasva/robotdog_ws_copy/install/robotdog_description/share/robotdog_description/package.ps1'
[0.869s] INFO:colcon.colcon_core.shell:Creating package descriptor '/home/tejasva/robotdog_ws_copy/install/robotdog_description/share/robotdog_description/package.dsv'
[0.870s] INFO:colcon.colcon_core.shell:Creating package script '/home/tejasva/robotdog_ws_copy/install/robotdog_description/share/robotdog_description/package.sh'
[0.872s] INFO:colcon.colcon_core.shell:Creating package script '/home/tejasva/robotdog_ws_copy/install/robotdog_description/share/robotdog_description/package.bash'
[0.873s] INFO:colcon.colcon_core.shell:Creating package script '/home/tejasva/robotdog_ws_copy/install/robotdog_description/share/robotdog_description/package.zsh'
[0.874s] Level 1:colcon.colcon_core.environment:create_file_with_runtime_dependencies(/home/tejasva/robotdog_ws_copy/install/robotdog_description/share/colcon-core/packages/robotdog_description)
[0.875s] Level 1:colcon.colcon_core.environment:create_environment_scripts_only(robotdog_description)
[0.876s] Level 1:colcon.colcon_core.environment:checking '/home/tejasva/robotdog_ws_copy/install/robotdog_description' for CMake module files
[0.877s] Level 1:colcon.colcon_core.environment:checking '/home/tejasva/robotdog_ws_copy/install/robotdog_description' for CMake config files
[0.877s] Level 1:colcon.colcon_core.shell:create_environment_hook('robotdog_description', 'cmake_prefix_path')
[0.877s] INFO:colcon.colcon_core.shell:Creating environment hook '/home/tejasva/robotdog_ws_copy/install/robotdog_description/share/robotdog_description/hook/cmake_prefix_path.ps1'
[0.878s] INFO:colcon.colcon_core.shell:Creating environment descriptor '/home/tejasva/robotdog_ws_copy/install/robotdog_description/share/robotdog_description/hook/cmake_prefix_path.dsv'
[0.879s] INFO:colcon.colcon_core.shell:Creating environment hook '/home/tejasva/robotdog_ws_copy/install/robotdog_description/share/robotdog_description/hook/cmake_prefix_path.sh'
[0.880s] Level 1:colcon.colcon_core.environment:checking '/home/tejasva/robotdog_ws_copy/install/robotdog_description/bin'
[0.880s] Level 1:colcon.colcon_core.environment:checking '/home/tejasva/robotdog_ws_copy/install/robotdog_description/lib/pkgconfig/robotdog_description.pc'
[0.881s] Level 1:colcon.colcon_core.environment:checking '/home/tejasva/robotdog_ws_copy/install/robotdog_description/lib/python3.10/site-packages'
[0.881s] Level 1:colcon.colcon_core.environment:checking '/home/tejasva/robotdog_ws_copy/install/robotdog_description/bin'
[0.882s] INFO:colcon.colcon_core.shell:Creating package script '/home/tejasva/robotdog_ws_copy/install/robotdog_description/share/robotdog_description/package.ps1'
[0.883s] INFO:colcon.colcon_core.shell:Creating package descriptor '/home/tejasva/robotdog_ws_copy/install/robotdog_description/share/robotdog_description/package.dsv'
[0.883s] INFO:colcon.colcon_core.shell:Creating package script '/home/tejasva/robotdog_ws_copy/install/robotdog_description/share/robotdog_description/package.sh'
[0.884s] INFO:colcon.colcon_core.shell:Creating package script '/home/tejasva/robotdog_ws_copy/install/robotdog_description/share/robotdog_description/package.bash'
[0.884s] INFO:colcon.colcon_core.shell:Creating package script '/home/tejasva/robotdog_ws_copy/install/robotdog_description/share/robotdog_description/package.zsh'
[0.885s] Level 1:colcon.colcon_core.environment:create_file_with_runtime_dependencies(/home/tejasva/robotdog_ws_copy/install/robotdog_description/share/colcon-core/packages/robotdog_description)
[1.241s] DEBUG:colcon.colcon_core.event_handler.log_command:Invoked command in '/home/tejasva/robotdog_ws_copy/build/robotdog_msgs' returned '0': CMAKE_PREFIX_PATH=${CMAKE_PREFIX_PATH}:/home/tejasva/robotdog_ws_copy/install/robotdog_control:/opt/ros/humble /usr/bin/cmake --build /home/tejasva/robotdog_ws_copy/build/robotdog_msgs -- -j16 -l16
[1.243s] DEBUG:colcon.colcon_core.event_handler.log_command:Invoking command in '/home/tejasva/robotdog_ws_copy/build/robotdog_msgs': CMAKE_PREFIX_PATH=${CMAKE_PREFIX_PATH}:/home/tejasva/robotdog_ws_copy/install/robotdog_control:/opt/ros/humble /usr/bin/cmake --install /home/tejasva/robotdog_ws_copy/build/robotdog_msgs
[1.276s] DEBUG:colcon.colcon_core.event_handler.log_command:Invoking command in '/home/tejasva/robotdog_ws_copy/build/robotdog_control': PYTHONPATH=/home/tejasva/robotdog_ws_copy/build/robotdog_control/prefix_override:/usr/lib/python3/dist-packages/colcon_core/task/python/colcon_distutils_commands:/home/tejasva/robotdog_ws_copy/install/robotdog_control/lib/python3.10/site-packages:${PYTHONPATH} /usr/bin/python3 -W ignore:setup.py install is deprecated -W ignore:easy_install command is deprecated setup.py develop --editable --build-directory /home/tejasva/robotdog_ws_copy/build/robotdog_control/build --no-deps symlink_data
[1.336s] Level 1:colcon.colcon_core.environment:create_environment_scripts_only(robotdog_msgs)
[1.336s] Level 1:colcon.colcon_core.environment:checking '/home/tejasva/robotdog_ws_copy/install/robotdog_msgs' for CMake module files
[1.337s] DEBUG:colcon.colcon_core.event_handler.log_command:Invoked command in '/home/tejasva/robotdog_ws_copy/build/robotdog_msgs' returned '0': CMAKE_PREFIX_PATH=${CMAKE_PREFIX_PATH}:/home/tejasva/robotdog_ws_copy/install/robotdog_control:/opt/ros/humble /usr/bin/cmake --install /home/tejasva/robotdog_ws_copy/build/robotdog_msgs
[1.338s] Level 1:colcon.colcon_core.environment:checking '/home/tejasva/robotdog_ws_copy/install/robotdog_msgs' for CMake config files
[1.339s] Level 1:colcon.colcon_core.shell:create_environment_hook('robotdog_msgs', 'cmake_prefix_path')
[1.339s] INFO:colcon.colcon_core.shell:Creating environment hook '/home/tejasva/robotdog_ws_copy/install/robotdog_msgs/share/robotdog_msgs/hook/cmake_prefix_path.ps1'
[1.340s] INFO:colcon.colcon_core.shell:Creating environment descriptor '/home/tejasva/robotdog_ws_copy/install/robotdog_msgs/share/robotdog_msgs/hook/cmake_prefix_path.dsv'
[1.341s] INFO:colcon.colcon_core.shell:Creating environment hook '/home/tejasva/robotdog_ws_copy/install/robotdog_msgs/share/robotdog_msgs/hook/cmake_prefix_path.sh'
[1.341s] Level 1:colcon.colcon_core.environment:checking '/home/tejasva/robotdog_ws_copy/install/robotdog_msgs/lib'
[1.341s] Level 1:colcon.colcon_core.shell:create_environment_hook('robotdog_msgs', 'ld_library_path_lib')
[1.342s] INFO:colcon.colcon_core.shell:Creating environment hook '/home/tejasva/robotdog_ws_copy/install/robotdog_msgs/share/robotdog_msgs/hook/ld_library_path_lib.ps1'
[1.342s] INFO:colcon.colcon_core.shell:Creating environment descriptor '/home/tejasva/robotdog_ws_copy/install/robotdog_msgs/share/robotdog_msgs/hook/ld_library_path_lib.dsv'
[1.343s] INFO:colcon.colcon_core.shell:Creating environment hook '/home/tejasva/robotdog_ws_copy/install/robotdog_msgs/share/robotdog_msgs/hook/ld_library_path_lib.sh'
[1.343s] Level 1:colcon.colcon_core.environment:checking '/home/tejasva/robotdog_ws_copy/install/robotdog_msgs/bin'
[1.343s] Level 1:colcon.colcon_core.environment:checking '/home/tejasva/robotdog_ws_copy/install/robotdog_msgs/lib/pkgconfig/robotdog_msgs.pc'
[1.343s] Level 1:colcon.colcon_core.environment:checking '/home/tejasva/robotdog_ws_copy/install/robotdog_msgs/lib/python3.10/site-packages'
[1.344s] Level 1:colcon.colcon_core.environment:checking '/home/tejasva/robotdog_ws_copy/install/robotdog_msgs/bin'
[1.344s] INFO:colcon.colcon_core.shell:Creating package script '/home/tejasva/robotdog_ws_copy/install/robotdog_msgs/share/robotdog_msgs/package.ps1'
[1.344s] INFO:colcon.colcon_core.shell:Creating package descriptor '/home/tejasva/robotdog_ws_copy/install/robotdog_msgs/share/robotdog_msgs/package.dsv'
[1.345s] INFO:colcon.colcon_core.shell:Creating package script '/home/tejasva/robotdog_ws_copy/install/robotdog_msgs/share/robotdog_msgs/package.sh'
[1.345s] INFO:colcon.colcon_core.shell:Creating package script '/home/tejasva/robotdog_ws_copy/install/robotdog_msgs/share/robotdog_msgs/package.bash'
[1.346s] INFO:colcon.colcon_core.shell:Creating package script '/home/tejasva/robotdog_ws_copy/install/robotdog_msgs/share/robotdog_msgs/package.zsh'
[1.346s] Level 1:colcon.colcon_core.environment:create_file_with_runtime_dependencies(/home/tejasva/robotdog_ws_copy/install/robotdog_msgs/share/colcon-core/packages/robotdog_msgs)
[1.347s] Level 1:colcon.colcon_core.environment:create_environment_scripts_only(robotdog_msgs)
[1.347s] Level 1:colcon.colcon_core.environment:checking '/home/tejasva/robotdog_ws_copy/install/robotdog_msgs' for CMake module files
[1.348s] Level 1:colcon.colcon_core.environment:checking '/home/tejasva/robotdog_ws_copy/install/robotdog_msgs' for CMake config files
[1.348s] Level 1:colcon.colcon_core.shell:create_environment_hook('robotdog_msgs', 'cmake_prefix_path')
[1.349s] INFO:colcon.colcon_core.shell:Creating environment hook '/home/tejasva/robotdog_ws_copy/install/robotdog_msgs/share/robotdog_msgs/hook/cmake_prefix_path.ps1'
[1.349s] INFO:colcon.colcon_core.shell:Creating environment descriptor '/home/tejasva/robotdog_ws_copy/install/robotdog_msgs/share/robotdog_msgs/hook/cmake_prefix_path.dsv'
[1.349s] INFO:colcon.colcon_core.shell:Creating environment hook '/home/tejasva/robotdog_ws_copy/install/robotdog_msgs/share/robotdog_msgs/hook/cmake_prefix_path.sh'
[1.350s] Level 1:colcon.colcon_core.environment:checking '/home/tejasva/robotdog_ws_copy/install/robotdog_msgs/lib'
[1.350s] Level 1:colcon.colcon_core.shell:create_environment_hook('robotdog_msgs', 'ld_library_path_lib')
[1.350s] INFO:colcon.colcon_core.shell:Creating environment hook '/home/tejasva/robotdog_ws_copy/install/robotdog_msgs/share/robotdog_msgs/hook/ld_library_path_lib.ps1'
[1.351s] INFO:colcon.colcon_core.shell:Creating environment descriptor '/home/tejasva/robotdog_ws_copy/install/robotdog_msgs/share/robotdog_msgs/hook/ld_library_path_lib.dsv'
[1.351s] INFO:colcon.colcon_core.shell:Creating environment hook '/home/tejasva/robotdog_ws_copy/install/robotdog_msgs/share/robotdog_msgs/hook/ld_library_path_lib.sh'
[1.351s] Level 1:colcon.colcon_core.environment:checking '/home/tejasva/robotdog_ws_copy/install/robotdog_msgs/bin'
[1.351s] Level 1:colcon.colcon_core.environment:checking '/home/tejasva/robotdog_ws_copy/install/robotdog_msgs/lib/pkgconfig/robotdog_msgs.pc'
[1.352s] Level 1:colcon.colcon_core.environment:checking '/home/tejasva/robotdog_ws_copy/install/robotdog_msgs/lib/python3.10/site-packages'
[1.352s] Level 1:colcon.colcon_core.environment:checking '/home/tejasva/robotdog_ws_copy/install/robotdog_msgs/bin'
[1.352s] INFO:colcon.colcon_core.shell:Creating package script '/home/tejasva/robotdog_ws_copy/install/robotdog_msgs/share/robotdog_msgs/package.ps1'
[1.353s] INFO:colcon.colcon_core.shell:Creating package descriptor '/home/tejasva/robotdog_ws_copy/install/robotdog_msgs/share/robotdog_msgs/package.dsv'
[1.354s] INFO:colcon.colcon_core.shell:Creating package script '/home/tejasva/robotdog_ws_copy/install/robotdog_msgs/share/robotdog_msgs/package.sh'
[1.354s] INFO:colcon.colcon_core.shell:Creating package script '/home/tejasva/robotdog_ws_copy/install/robotdog_msgs/share/robotdog_msgs/package.bash'
[1.355s] INFO:colcon.colcon_core.shell:Creating package script '/home/tejasva/robotdog_ws_copy/install/robotdog_msgs/share/robotdog_msgs/package.zsh'
[1.355s] Level 1:colcon.colcon_core.environment:create_file_with_runtime_dependencies(/home/tejasva/robotdog_ws_copy/install/robotdog_msgs/share/colcon-core/packages/robotdog_msgs)
[1.912s] Level 1:colcon.colcon_core.shell:create_environment_hook('robotdog_control', 'pythonpath_develop')
[1.912s] INFO:colcon.colcon_core.shell:Creating environment hook '/home/tejasva/robotdog_ws_copy/build/robotdog_control/share/robotdog_control/hook/pythonpath_develop.ps1'
[1.913s] DEBUG:colcon.colcon_core.event_handler.log_command:Invoked command in '/home/tejasva/robotdog_ws_copy/build/robotdog_control' returned '0': PYTHONPATH=/home/tejasva/robotdog_ws_copy/build/robotdog_control/prefix_override:/usr/lib/python3/dist-packages/colcon_core/task/python/colcon_distutils_commands:/home/tejasva/robotdog_ws_copy/install/robotdog_control/lib/python3.10/site-packages:${PYTHONPATH} /usr/bin/python3 -W ignore:setup.py install is deprecated -W ignore:easy_install command is deprecated setup.py develop --editable --build-directory /home/tejasva/robotdog_ws_copy/build/robotdog_control/build --no-deps symlink_data
[1.914s] INFO:colcon.colcon_core.shell:Creating environment descriptor '/home/tejasva/robotdog_ws_copy/build/robotdog_control/share/robotdog_control/hook/pythonpath_develop.dsv'
[1.914s] INFO:colcon.colcon_core.shell:Creating environment hook '/home/tejasva/robotdog_ws_copy/build/robotdog_control/share/robotdog_control/hook/pythonpath_develop.sh'
[1.915s] Level 1:colcon.colcon_core.environment:checking '/home/tejasva/robotdog_ws_copy/install/robotdog_control' for CMake module files
[1.915s] Level 1:colcon.colcon_core.environment:checking '/home/tejasva/robotdog_ws_copy/install/robotdog_control' for CMake config files
[1.916s] Level 1:colcon.colcon_core.environment:checking '/home/tejasva/robotdog_ws_copy/install/robotdog_control/lib'
[1.916s] Level 1:colcon.colcon_core.environment:checking '/home/tejasva/robotdog_ws_copy/install/robotdog_control/bin'
[1.916s] Level 1:colcon.colcon_core.environment:checking '/home/tejasva/robotdog_ws_copy/install/robotdog_control/lib/pkgconfig/robotdog_control.pc'
[1.916s] Level 1:colcon.colcon_core.environment:checking '/home/tejasva/robotdog_ws_copy/install/robotdog_control/lib/python3.10/site-packages'
[1.916s] Level 1:colcon.colcon_core.shell:create_environment_hook('robotdog_control', 'pythonpath')
[1.916s] INFO:colcon.colcon_core.shell:Creating environment hook '/home/tejasva/robotdog_ws_copy/install/robotdog_control/share/robotdog_control/hook/pythonpath.ps1'
[1.917s] INFO:colcon.colcon_core.shell:Creating environment descriptor '/home/tejasva/robotdog_ws_copy/install/robotdog_control/share/robotdog_control/hook/pythonpath.dsv'
[1.917s] INFO:colcon.colcon_core.shell:Creating environment hook '/home/tejasva/robotdog_ws_copy/install/robotdog_control/share/robotdog_control/hook/pythonpath.sh'
[1.918s] Level 1:colcon.colcon_core.environment:checking '/home/tejasva/robotdog_ws_copy/install/robotdog_control/bin'
[1.918s] Level 1:colcon.colcon_core.environment:create_environment_scripts_only(robotdog_control)
[1.918s] INFO:colcon.colcon_core.shell:Creating package script '/home/tejasva/robotdog_ws_copy/install/robotdog_control/share/robotdog_control/package.ps1'
[1.919s] INFO:colcon.colcon_core.shell:Creating package descriptor '/home/tejasva/robotdog_ws_copy/install/robotdog_control/share/robotdog_control/package.dsv'
[1.919s] INFO:colcon.colcon_core.shell:Creating package script '/home/tejasva/robotdog_ws_copy/install/robotdog_control/share/robotdog_control/package.sh'
[1.919s] INFO:colcon.colcon_core.shell:Creating package script '/home/tejasva/robotdog_ws_copy/install/robotdog_control/share/robotdog_control/package.bash'
[1.920s] INFO:colcon.colcon_core.shell:Creating package script '/home/tejasva/robotdog_ws_copy/install/robotdog_control/share/robotdog_control/package.zsh'
[1.920s] Level 1:colcon.colcon_core.environment:create_file_with_runtime_dependencies(/home/tejasva/robotdog_ws_copy/install/robotdog_control/share/colcon-core/packages/robotdog_control)
[5.275s] DEBUG:colcon.colcon_core.event_handler.log_command:Invoked command in '/home/tejasva/robotdog_ws_copy/build/robotdog_teleop' returned '0': CMAKE_PREFIX_PATH=${CMAKE_PREFIX_PATH}:/home/tejasva/robotdog_ws_copy/install/robotdog_control:/opt/ros/humble /usr/bin/cmake --build /home/tejasva/robotdog_ws_copy/build/robotdog_teleop -- -j16 -l16
[5.277s] DEBUG:colcon.colcon_core.event_handler.log_command:Invoking command in '/home/tejasva/robotdog_ws_copy/build/robotdog_teleop': CMAKE_PREFIX_PATH=${CMAKE_PREFIX_PATH}:/home/tejasva/robotdog_ws_copy/install/robotdog_control:/opt/ros/humble /usr/bin/cmake --install /home/tejasva/robotdog_ws_copy/build/robotdog_teleop
[5.301s] Level 1:colcon.colcon_core.environment:create_environment_scripts_only(robotdog_teleop)
[5.301s] Level 1:colcon.colcon_core.environment:checking '/home/tejasva/robotdog_ws_copy/install/robotdog_teleop' for CMake module files
[5.302s] DEBUG:colcon.colcon_core.event_handler.log_command:Invoked command in '/home/tejasva/robotdog_ws_copy/build/robotdog_teleop' returned '0': CMAKE_PREFIX_PATH=${CMAKE_PREFIX_PATH}:/home/tejasva/robotdog_ws_copy/install/robotdog_control:/opt/ros/humble /usr/bin/cmake --install /home/tejasva/robotdog_ws_copy/build/robotdog_teleop
[5.302s] Level 1:colcon.colcon_core.environment:checking '/home/tejasva/robotdog_ws_copy/install/robotdog_teleop' for CMake config files
[5.302s] Level 1:colcon.colcon_core.shell:create_environment_hook('robotdog_teleop', 'cmake_prefix_path')
[5.303s] INFO:colcon.colcon_core.shell:Creating environment hook '/home/tejasva/robotdog_ws_copy/install/robotdog_teleop/share/robotdog_teleop/hook/cmake_prefix_path.ps1'
[5.303s] INFO:colcon.colcon_core.shell:Creating environment descriptor '/home/tejasva/robotdog_ws_copy/install/robotdog_teleop/share/robotdog_teleop/hook/cmake_prefix_path.dsv'
[5.304s] INFO:colcon.colcon_core.shell:Creating environment hook '/home/tejasva/robotdog_ws_copy/install/robotdog_teleop/share/robotdog_teleop/hook/cmake_prefix_path.sh'
[5.304s] Level 1:colcon.colcon_core.environment:checking '/home/tejasva/robotdog_ws_copy/install/robotdog_teleop/lib'
[5.304s] Level 1:colcon.colcon_core.environment:checking '/home/tejasva/robotdog_ws_copy/install/robotdog_teleop/bin'
[5.304s] Level 1:colcon.colcon_core.environment:checking '/home/tejasva/robotdog_ws_copy/install/robotdog_teleop/lib/pkgconfig/robotdog_teleop.pc'
[5.305s] Level 1:colcon.colcon_core.environment:checking '/home/tejasva/robotdog_ws_copy/install/robotdog_teleop/lib/python3.10/site-packages'
[5.305s] Level 1:colcon.colcon_core.environment:checking '/home/tejasva/robotdog_ws_copy/install/robotdog_teleop/bin'
[5.305s] INFO:colcon.colcon_core.shell:Creating package script '/home/tejasva/robotdog_ws_copy/install/robotdog_teleop/share/robotdog_teleop/package.ps1'
[5.306s] INFO:colcon.colcon_core.shell:Creating package descriptor '/home/tejasva/robotdog_ws_copy/install/robotdog_teleop/share/robotdog_teleop/package.dsv'
[5.306s] INFO:colcon.colcon_core.shell:Creating package script '/home/tejasva/robotdog_ws_copy/install/robotdog_teleop/share/robotdog_teleop/package.sh'
[5.306s] INFO:colcon.colcon_core.shell:Creating package script '/home/tejasva/robotdog_ws_copy/install/robotdog_teleop/share/robotdog_teleop/package.bash'
[5.307s] INFO:colcon.colcon_core.shell:Creating package script '/home/tejasva/robotdog_ws_copy/install/robotdog_teleop/share/robotdog_teleop/package.zsh'
[5.307s] Level 1:colcon.colcon_core.environment:create_file_with_runtime_dependencies(/home/tejasva/robotdog_ws_copy/install/robotdog_teleop/share/colcon-core/packages/robotdog_teleop)
[5.308s] Level 1:colcon.colcon_core.environment:create_environment_scripts_only(robotdog_teleop)
[5.308s] Level 1:colcon.colcon_core.environment:checking '/home/tejasva/robotdog_ws_copy/install/robotdog_teleop' for CMake module files
[5.308s] Level 1:colcon.colcon_core.environment:checking '/home/tejasva/robotdog_ws_copy/install/robotdog_teleop' for CMake config files
[5.309s] Level 1:colcon.colcon_core.shell:create_environment_hook('robotdog_teleop', 'cmake_prefix_path')
[5.309s] INFO:colcon.colcon_core.shell:Creating environment hook '/home/tejasva/robotdog_ws_copy/install/robotdog_teleop/share/robotdog_teleop/hook/cmake_prefix_path.ps1'
[5.309s] INFO:colcon.colcon_core.shell:Creating environment descriptor '/home/tejasva/robotdog_ws_copy/install/robotdog_teleop/share/robotdog_teleop/hook/cmake_prefix_path.dsv'
[5.310s] INFO:colcon.colcon_core.shell:Creating environment hook '/home/tejasva/robotdog_ws_copy/install/robotdog_teleop/share/robotdog_teleop/hook/cmake_prefix_path.sh'
[5.310s] Level 1:colcon.colcon_core.environment:checking '/home/tejasva/robotdog_ws_copy/install/robotdog_teleop/lib'
[5.310s] Level 1:colcon.colcon_core.environment:checking '/home/tejasva/robotdog_ws_copy/install/robotdog_teleop/bin'
[5.310s] Level 1:colcon.colcon_core.environment:checking '/home/tejasva/robotdog_ws_copy/install/robotdog_teleop/lib/pkgconfig/robotdog_teleop.pc'
[5.310s] Level 1:colcon.colcon_core.environment:checking '/home/tejasva/robotdog_ws_copy/install/robotdog_teleop/lib/python3.10/site-packages'
[5.311s] Level 1:colcon.colcon_core.environment:checking '/home/tejasva/robotdog_ws_copy/install/robotdog_teleop/bin'
[5.311s] INFO:colcon.colcon_core.shell:Creating package script '/home/tejasva/robotdog_ws_copy/install/robotdog_teleop/share/robotdog_teleop/package.ps1'
[5.311s] INFO:colcon.colcon_core.shell:Creating package descriptor '/home/tejasva/robotdog_ws_copy/install/robotdog_teleop/share/robotdog_teleop/package.dsv'
[5.312s] INFO:colcon.colcon_core.shell:Creating package script '/home/tejasva/robotdog_ws_copy/install/robotdog_teleop/share/robotdog_teleop/package.sh'
[5.312s] INFO:colcon.colcon_core.shell:Creating package script '/home/tejasva/robotdog_ws_copy/install/robotdog_teleop/share/robotdog_teleop/package.bash'
[5.313s] INFO:colcon.colcon_core.shell:Creating package script '/home/tejasva/robotdog_ws_copy/install/robotdog_teleop/share/robotdog_teleop/package.zsh'
[5.313s] Level 1:colcon.colcon_core.environment:create_file_with_runtime_dependencies(/home/tejasva/robotdog_ws_copy/install/robotdog_teleop/share/colcon-core/packages/robotdog_teleop)
[5.313s] DEBUG:colcon.colcon_parallel_executor.executor.parallel:closing loop
[5.314s] DEBUG:colcon.colcon_parallel_executor.executor.parallel:loop closed
[5.314s] DEBUG:colcon.colcon_parallel_executor.executor.parallel:run_until_complete finished with '0'
[5.314s] DEBUG:colcon.colcon_core.event_reactor:joining thread
[5.319s] INFO:colcon.colcon_core.plugin_system:Skipping extension 'colcon_notification.desktop_notification.terminal_notifier': Not used on non-Darwin systems
[5.319s] INFO:colcon.colcon_core.plugin_system:Skipping extension 'colcon_notification.desktop_notification.win32': Not used on non-Windows systems
[5.319s] INFO:colcon.colcon_notification.desktop_notification:Sending desktop notification using 'notify2'
[5.332s] DEBUG:colcon.colcon_core.event_reactor:joined thread
[5.332s] INFO:colcon.colcon_core.shell:Creating prefix script '/home/tejasva/robotdog_ws_copy/install/local_setup.ps1'
[5.333s] INFO:colcon.colcon_core.shell:Creating prefix util module '/home/tejasva/robotdog_ws_copy/install/_local_setup_util_ps1.py'
[5.335s] INFO:colcon.colcon_core.shell:Creating prefix chain script '/home/tejasva/robotdog_ws_copy/install/setup.ps1'
[5.336s] INFO:colcon.colcon_core.shell:Creating prefix script '/home/tejasva/robotdog_ws_copy/install/local_setup.sh'
[5.337s] INFO:colcon.colcon_core.shell:Creating prefix util module '/home/tejasva/robotdog_ws_copy/install/_local_setup_util_sh.py'
[5.337s] INFO:colcon.colcon_core.shell:Creating prefix chain script '/home/tejasva/robotdog_ws_copy/install/setup.sh'
[5.338s] INFO:colcon.colcon_core.shell:Creating prefix script '/home/tejasva/robotdog_ws_copy/install/local_setup.bash'
[5.339s] INFO:colcon.colcon_core.shell:Creating prefix chain script '/home/tejasva/robotdog_ws_copy/install/setup.bash'
[5.340s] INFO:colcon.colcon_core.shell:Creating prefix script '/home/tejasva/robotdog_ws_copy/install/local_setup.zsh'
[5.341s] INFO:colcon.colcon_core.shell:Creating prefix chain script '/home/tejasva/robotdog_ws_copy/install/setup.zsh'
