[0.079s] DEBUG:colcon:Command line arguments: ['/usr/bin/colcon', 'build', '--symlink-install']
[0.079s] DEBUG:colcon:Parsed command line arguments: Namespace(log_base=None, log_level=None, verb_name='build', build_base='build', install_base='install', merge_install=False, symlink_install=True, test_result_base=None, continue_on_error=False, executor='parallel', parallel_workers=16, event_handlers=None, ignore_user_meta=False, metas=['./colcon.meta'], base_paths=['.'], packages_ignore=None, packages_ignore_regex=None, paths=None, packages_up_to=None, packages_up_to_regex=None, packages_above=None, packages_above_and_dependencies=None, packages_above_depth=None, packages_select_by_dep=None, packages_skip_by_dep=None, packages_skip_up_to=None, packages_select_build_failed=False, packages_skip_build_finished=False, packages_select_test_failures=False, packages_skip_test_passed=False, packages_select=None, packages_skip=None, packages_select_regex=None, packages_skip_regex=None, packages_start=None, packages_end=None, allow_overriding=[], cmake_args=None, cmake_target=None, cmake_target_skip_unavailable=False, cmake_clean_cache=False, cmake_clean_first=False, cmake_force_configure=False, ament_cmake_args=None, catkin_cmake_args=None, catkin_skip_building_tests=False, verb_parser=<colcon_defaults.argument_parser.defaults.DefaultArgumentsDecorator object at 0x77bbb0c7d840>, verb_extension=<colcon_core.verb.build.BuildVerb object at 0x77bbb0c02e60>, main=<bound method BuildVerb.main of <colcon_core.verb.build.BuildVerb object at 0x77bbb0c02e60>>)
[0.227s] Level 1:colcon.colcon_core.package_discovery:discover_packages(colcon_meta) check parameters
[0.227s] Level 1:colcon.colcon_core.package_discovery:discover_packages(recursive) check parameters
[0.227s] Level 1:colcon.colcon_core.package_discovery:discover_packages(ignore) check parameters
[0.227s] Level 1:colcon.colcon_core.package_discovery:discover_packages(path) check parameters
[0.227s] Level 1:colcon.colcon_core.package_discovery:discover_packages(colcon_meta) discover
[0.227s] Level 1:colcon.colcon_core.package_discovery:discover_packages(recursive) discover
[0.227s] INFO:colcon.colcon_core.package_discovery:Crawling recursively for packages in '/home/tejasva/robotdog_ws_copy'
[0.227s] Level 1:colcon.colcon_core.package_identification:_identify(.) by extensions ['ignore', 'ignore_ament_install']
[0.228s] Level 1:colcon.colcon_core.package_identification:_identify(.) by extension 'ignore'
[0.228s] Level 1:colcon.colcon_core.package_identification:_identify(.) by extension 'ignore_ament_install'
[0.228s] Level 1:colcon.colcon_core.package_identification:_identify(.) by extensions ['colcon_pkg']
[0.228s] Level 1:colcon.colcon_core.package_identification:_identify(.) by extension 'colcon_pkg'
[0.228s] Level 1:colcon.colcon_core.package_identification:_identify(.) by extensions ['colcon_meta']
[0.228s] Level 1:colcon.colcon_core.package_identification:_identify(.) by extension 'colcon_meta'
[0.228s] Level 1:colcon.colcon_core.package_identification:_identify(.) by extensions ['ros']
[0.228s] Level 1:colcon.colcon_core.package_identification:_identify(.) by extension 'ros'
[0.246s] Level 1:colcon.colcon_core.package_identification:_identify(.) by extensions ['cmake', 'python']
[0.246s] Level 1:colcon.colcon_core.package_identification:_identify(.) by extension 'cmake'
[0.246s] Level 1:colcon.colcon_core.package_identification:_identify(.) by extension 'python'
[0.246s] Level 1:colcon.colcon_core.package_identification:_identify(.) by extensions ['python_setup_py']
[0.246s] Level 1:colcon.colcon_core.package_identification:_identify(.) by extension 'python_setup_py'
[0.246s] Level 1:colcon.colcon_core.package_identification:_identify(Relevant_Material) by extensions ['ignore', 'ignore_ament_install']
[0.246s] Level 1:colcon.colcon_core.package_identification:_identify(Relevant_Material) by extension 'ignore'
[0.246s] Level 1:colcon.colcon_core.package_identification:_identify(Relevant_Material) by extension 'ignore_ament_install'
[0.246s] Level 1:colcon.colcon_core.package_identification:_identify(Relevant_Material) by extensions ['colcon_pkg']
[0.246s] Level 1:colcon.colcon_core.package_identification:_identify(Relevant_Material) by extension 'colcon_pkg'
[0.246s] Level 1:colcon.colcon_core.package_identification:_identify(Relevant_Material) by extensions ['colcon_meta']
[0.246s] Level 1:colcon.colcon_core.package_identification:_identify(Relevant_Material) by extension 'colcon_meta'
[0.246s] Level 1:colcon.colcon_core.package_identification:_identify(Relevant_Material) by extensions ['ros']
[0.246s] Level 1:colcon.colcon_core.package_identification:_identify(Relevant_Material) by extension 'ros'
[0.246s] Level 1:colcon.colcon_core.package_identification:_identify(Relevant_Material) by extensions ['cmake', 'python']
[0.246s] Level 1:colcon.colcon_core.package_identification:_identify(Relevant_Material) by extension 'cmake'
[0.246s] Level 1:colcon.colcon_core.package_identification:_identify(Relevant_Material) by extension 'python'
[0.246s] Level 1:colcon.colcon_core.package_identification:_identify(Relevant_Material) by extensions ['python_setup_py']
[0.246s] Level 1:colcon.colcon_core.package_identification:_identify(Relevant_Material) by extension 'python_setup_py'
[0.246s] Level 1:colcon.colcon_core.package_identification:_identify(build) by extensions ['ignore', 'ignore_ament_install']
[0.246s] Level 1:colcon.colcon_core.package_identification:_identify(build) by extension 'ignore'
[0.246s] Level 1:colcon.colcon_core.package_identification:_identify(build) ignored
[0.247s] Level 1:colcon.colcon_core.package_identification:_identify(install) by extensions ['ignore', 'ignore_ament_install']
[0.247s] Level 1:colcon.colcon_core.package_identification:_identify(install) by extension 'ignore'
[0.247s] Level 1:colcon.colcon_core.package_identification:_identify(install) ignored
[0.247s] Level 1:colcon.colcon_core.package_identification:_identify(log) by extensions ['ignore', 'ignore_ament_install']
[0.247s] Level 1:colcon.colcon_core.package_identification:_identify(log) by extension 'ignore'
[0.247s] Level 1:colcon.colcon_core.package_identification:_identify(log) ignored
[0.247s] Level 1:colcon.colcon_core.package_identification:_identify(src) by extensions ['ignore', 'ignore_ament_install']
[0.247s] Level 1:colcon.colcon_core.package_identification:_identify(src) by extension 'ignore'
[0.247s] Level 1:colcon.colcon_core.package_identification:_identify(src) by extension 'ignore_ament_install'
[0.247s] Level 1:colcon.colcon_core.package_identification:_identify(src) by extensions ['colcon_pkg']
[0.247s] Level 1:colcon.colcon_core.package_identification:_identify(src) by extension 'colcon_pkg'
[0.247s] Level 1:colcon.colcon_core.package_identification:_identify(src) by extensions ['colcon_meta']
[0.247s] Level 1:colcon.colcon_core.package_identification:_identify(src) by extension 'colcon_meta'
[0.247s] Level 1:colcon.colcon_core.package_identification:_identify(src) by extensions ['ros']
[0.247s] Level 1:colcon.colcon_core.package_identification:_identify(src) by extension 'ros'
[0.247s] Level 1:colcon.colcon_core.package_identification:_identify(src) by extensions ['cmake', 'python']
[0.247s] Level 1:colcon.colcon_core.package_identification:_identify(src) by extension 'cmake'
[0.247s] Level 1:colcon.colcon_core.package_identification:_identify(src) by extension 'python'
[0.247s] Level 1:colcon.colcon_core.package_identification:_identify(src) by extensions ['python_setup_py']
[0.247s] Level 1:colcon.colcon_core.package_identification:_identify(src) by extension 'python_setup_py'
[0.247s] Level 1:colcon.colcon_core.package_identification:_identify(src/robotdog_control) by extensions ['ignore', 'ignore_ament_install']
[0.248s] Level 1:colcon.colcon_core.package_identification:_identify(src/robotdog_control) by extension 'ignore'
[0.248s] Level 1:colcon.colcon_core.package_identification:_identify(src/robotdog_control) by extension 'ignore_ament_install'
[0.248s] Level 1:colcon.colcon_core.package_identification:_identify(src/robotdog_control) by extensions ['colcon_pkg']
[0.248s] Level 1:colcon.colcon_core.package_identification:_identify(src/robotdog_control) by extension 'colcon_pkg'
[0.248s] Level 1:colcon.colcon_core.package_identification:_identify(src/robotdog_control) by extensions ['colcon_meta']
[0.248s] Level 1:colcon.colcon_core.package_identification:_identify(src/robotdog_control) by extension 'colcon_meta'
[0.248s] Level 1:colcon.colcon_core.package_identification:_identify(src/robotdog_control) by extensions ['ros']
[0.248s] Level 1:colcon.colcon_core.package_identification:_identify(src/robotdog_control) by extension 'ros'
[0.250s] DEBUG:colcon.colcon_core.package_identification:Package 'src/robotdog_control' with type 'ros.ament_python' and name 'robotdog_control'
[0.250s] Level 1:colcon.colcon_core.package_identification:_identify(src/robotdog_description) by extensions ['ignore', 'ignore_ament_install']
[0.250s] Level 1:colcon.colcon_core.package_identification:_identify(src/robotdog_description) by extension 'ignore'
[0.250s] Level 1:colcon.colcon_core.package_identification:_identify(src/robotdog_description) by extension 'ignore_ament_install'
[0.250s] Level 1:colcon.colcon_core.package_identification:_identify(src/robotdog_description) by extensions ['colcon_pkg']
[0.250s] Level 1:colcon.colcon_core.package_identification:_identify(src/robotdog_description) by extension 'colcon_pkg'
[0.250s] Level 1:colcon.colcon_core.package_identification:_identify(src/robotdog_description) by extensions ['colcon_meta']
[0.250s] Level 1:colcon.colcon_core.package_identification:_identify(src/robotdog_description) by extension 'colcon_meta'
[0.250s] Level 1:colcon.colcon_core.package_identification:_identify(src/robotdog_description) by extensions ['ros']
[0.250s] Level 1:colcon.colcon_core.package_identification:_identify(src/robotdog_description) by extension 'ros'
[0.250s] DEBUG:colcon.colcon_core.package_identification:Package 'src/robotdog_description' with type 'ros.ament_cmake' and name 'robotdog_description'
[0.250s] Level 1:colcon.colcon_core.package_identification:_identify(src/robotdog_msgs) by extensions ['ignore', 'ignore_ament_install']
[0.250s] Level 1:colcon.colcon_core.package_identification:_identify(src/robotdog_msgs) by extension 'ignore'
[0.250s] Level 1:colcon.colcon_core.package_identification:_identify(src/robotdog_msgs) by extension 'ignore_ament_install'
[0.250s] Level 1:colcon.colcon_core.package_identification:_identify(src/robotdog_msgs) by extensions ['colcon_pkg']
[0.251s] Level 1:colcon.colcon_core.package_identification:_identify(src/robotdog_msgs) by extension 'colcon_pkg'
[0.251s] Level 1:colcon.colcon_core.package_identification:_identify(src/robotdog_msgs) by extensions ['colcon_meta']
[0.251s] Level 1:colcon.colcon_core.package_identification:_identify(src/robotdog_msgs) by extension 'colcon_meta'
[0.251s] Level 1:colcon.colcon_core.package_identification:_identify(src/robotdog_msgs) by extensions ['ros']
[0.251s] Level 1:colcon.colcon_core.package_identification:_identify(src/robotdog_msgs) by extension 'ros'
[0.251s] DEBUG:colcon.colcon_core.package_identification:Package 'src/robotdog_msgs' with type 'ros.ament_cmake' and name 'robotdog_msgs'
[0.251s] Level 1:colcon.colcon_core.package_identification:_identify(src/robotdog_teleop) by extensions ['ignore', 'ignore_ament_install']
[0.251s] Level 1:colcon.colcon_core.package_identification:_identify(src/robotdog_teleop) by extension 'ignore'
[0.251s] Level 1:colcon.colcon_core.package_identification:_identify(src/robotdog_teleop) by extension 'ignore_ament_install'
[0.251s] Level 1:colcon.colcon_core.package_identification:_identify(src/robotdog_teleop) by extensions ['colcon_pkg']
[0.251s] Level 1:colcon.colcon_core.package_identification:_identify(src/robotdog_teleop) by extension 'colcon_pkg'
[0.251s] Level 1:colcon.colcon_core.package_identification:_identify(src/robotdog_teleop) by extensions ['colcon_meta']
[0.251s] Level 1:colcon.colcon_core.package_identification:_identify(src/robotdog_teleop) by extension 'colcon_meta'
[0.251s] Level 1:colcon.colcon_core.package_identification:_identify(src/robotdog_teleop) by extensions ['ros']
[0.251s] Level 1:colcon.colcon_core.package_identification:_identify(src/robotdog_teleop) by extension 'ros'
[0.252s] DEBUG:colcon.colcon_core.package_identification:Package 'src/robotdog_teleop' with type 'ros.ament_cmake' and name 'robotdog_teleop'
[0.252s] Level 1:colcon.colcon_core.package_discovery:discover_packages(recursive) using defaults
[0.252s] Level 1:colcon.colcon_core.package_discovery:discover_packages(ignore) discover
[0.252s] Level 1:colcon.colcon_core.package_discovery:discover_packages(ignore) using defaults
[0.252s] Level 1:colcon.colcon_core.package_discovery:discover_packages(path) discover
[0.252s] Level 1:colcon.colcon_core.package_discovery:discover_packages(path) using defaults
[0.266s] Level 1:colcon.colcon_core.package_discovery:discover_packages(prefix_path) check parameters
[0.266s] Level 1:colcon.colcon_core.package_discovery:discover_packages(prefix_path) discover
[0.268s] DEBUG:colcon.colcon_installed_package_information.package_discovery:Found 4 installed packages in /home/tejasva/robotdog_ws_copy/install
[0.269s] DEBUG:colcon.colcon_installed_package_information.package_discovery:Found 444 installed packages in /opt/ros/humble
[0.271s] Level 1:colcon.colcon_core.package_discovery:discover_packages(prefix_path) using defaults
[0.309s] Level 5:colcon.colcon_core.verb:set package 'robotdog_control' build argument 'cmake_args' from command line to 'None'
[0.309s] Level 5:colcon.colcon_core.verb:set package 'robotdog_control' build argument 'cmake_target' from command line to 'None'
[0.309s] Level 5:colcon.colcon_core.verb:set package 'robotdog_control' build argument 'cmake_target_skip_unavailable' from command line to 'False'
[0.309s] Level 5:colcon.colcon_core.verb:set package 'robotdog_control' build argument 'cmake_clean_cache' from command line to 'False'
[0.309s] Level 5:colcon.colcon_core.verb:set package 'robotdog_control' build argument 'cmake_clean_first' from command line to 'False'
[0.309s] Level 5:colcon.colcon_core.verb:set package 'robotdog_control' build argument 'cmake_force_configure' from command line to 'False'
[0.309s] Level 5:colcon.colcon_core.verb:set package 'robotdog_control' build argument 'ament_cmake_args' from command line to 'None'
[0.309s] Level 5:colcon.colcon_core.verb:set package 'robotdog_control' build argument 'catkin_cmake_args' from command line to 'None'
[0.309s] Level 5:colcon.colcon_core.verb:set package 'robotdog_control' build argument 'catkin_skip_building_tests' from command line to 'False'
[0.309s] DEBUG:colcon.colcon_core.verb:Building package 'robotdog_control' with the following arguments: {'ament_cmake_args': None, 'build_base': '/home/tejasva/robotdog_ws_copy/build/robotdog_control', 'catkin_cmake_args': None, 'catkin_skip_building_tests': False, 'cmake_args': None, 'cmake_clean_cache': False, 'cmake_clean_first': False, 'cmake_force_configure': False, 'cmake_target': None, 'cmake_target_skip_unavailable': False, 'install_base': '/home/tejasva/robotdog_ws_copy/install/robotdog_control', 'merge_install': False, 'path': '/home/tejasva/robotdog_ws_copy/src/robotdog_control', 'symlink_install': True, 'test_result_base': None}
[0.309s] Level 5:colcon.colcon_core.verb:set package 'robotdog_description' build argument 'cmake_args' from command line to 'None'
[0.309s] Level 5:colcon.colcon_core.verb:set package 'robotdog_description' build argument 'cmake_target' from command line to 'None'
[0.309s] Level 5:colcon.colcon_core.verb:set package 'robotdog_description' build argument 'cmake_target_skip_unavailable' from command line to 'False'
[0.309s] Level 5:colcon.colcon_core.verb:set package 'robotdog_description' build argument 'cmake_clean_cache' from command line to 'False'
[0.309s] Level 5:colcon.colcon_core.verb:set package 'robotdog_description' build argument 'cmake_clean_first' from command line to 'False'
[0.309s] Level 5:colcon.colcon_core.verb:set package 'robotdog_description' build argument 'cmake_force_configure' from command line to 'False'
[0.309s] Level 5:colcon.colcon_core.verb:set package 'robotdog_description' build argument 'ament_cmake_args' from command line to 'None'
[0.309s] Level 5:colcon.colcon_core.verb:set package 'robotdog_description' build argument 'catkin_cmake_args' from command line to 'None'
[0.309s] Level 5:colcon.colcon_core.verb:set package 'robotdog_description' build argument 'catkin_skip_building_tests' from command line to 'False'
[0.309s] DEBUG:colcon.colcon_core.verb:Building package 'robotdog_description' with the following arguments: {'ament_cmake_args': None, 'build_base': '/home/tejasva/robotdog_ws_copy/build/robotdog_description', 'catkin_cmake_args': None, 'catkin_skip_building_tests': False, 'cmake_args': None, 'cmake_clean_cache': False, 'cmake_clean_first': False, 'cmake_force_configure': False, 'cmake_target': None, 'cmake_target_skip_unavailable': False, 'install_base': '/home/tejasva/robotdog_ws_copy/install/robotdog_description', 'merge_install': False, 'path': '/home/tejasva/robotdog_ws_copy/src/robotdog_description', 'symlink_install': True, 'test_result_base': None}
[0.310s] Level 5:colcon.colcon_core.verb:set package 'robotdog_msgs' build argument 'cmake_args' from command line to 'None'
[0.310s] Level 5:colcon.colcon_core.verb:set package 'robotdog_msgs' build argument 'cmake_target' from command line to 'None'
[0.310s] Level 5:colcon.colcon_core.verb:set package 'robotdog_msgs' build argument 'cmake_target_skip_unavailable' from command line to 'False'
[0.310s] Level 5:colcon.colcon_core.verb:set package 'robotdog_msgs' build argument 'cmake_clean_cache' from command line to 'False'
[0.310s] Level 5:colcon.colcon_core.verb:set package 'robotdog_msgs' build argument 'cmake_clean_first' from command line to 'False'
[0.310s] Level 5:colcon.colcon_core.verb:set package 'robotdog_msgs' build argument 'cmake_force_configure' from command line to 'False'
[0.310s] Level 5:colcon.colcon_core.verb:set package 'robotdog_msgs' build argument 'ament_cmake_args' from command line to 'None'
[0.310s] Level 5:colcon.colcon_core.verb:set package 'robotdog_msgs' build argument 'catkin_cmake_args' from command line to 'None'
[0.310s] Level 5:colcon.colcon_core.verb:set package 'robotdog_msgs' build argument 'catkin_skip_building_tests' from command line to 'False'
[0.310s] DEBUG:colcon.colcon_core.verb:Building package 'robotdog_msgs' with the following arguments: {'ament_cmake_args': None, 'build_base': '/home/tejasva/robotdog_ws_copy/build/robotdog_msgs', 'catkin_cmake_args': None, 'catkin_skip_building_tests': False, 'cmake_args': None, 'cmake_clean_cache': False, 'cmake_clean_first': False, 'cmake_force_configure': False, 'cmake_target': None, 'cmake_target_skip_unavailable': False, 'install_base': '/home/tejasva/robotdog_ws_copy/install/robotdog_msgs', 'merge_install': False, 'path': '/home/tejasva/robotdog_ws_copy/src/robotdog_msgs', 'symlink_install': True, 'test_result_base': None}
[0.310s] Level 5:colcon.colcon_core.verb:set package 'robotdog_teleop' build argument 'cmake_args' from command line to 'None'
[0.310s] Level 5:colcon.colcon_core.verb:set package 'robotdog_teleop' build argument 'cmake_target' from command line to 'None'
[0.310s] Level 5:colcon.colcon_core.verb:set package 'robotdog_teleop' build argument 'cmake_target_skip_unavailable' from command line to 'False'
[0.310s] Level 5:colcon.colcon_core.verb:set package 'robotdog_teleop' build argument 'cmake_clean_cache' from command line to 'False'
[0.310s] Level 5:colcon.colcon_core.verb:set package 'robotdog_teleop' build argument 'cmake_clean_first' from command line to 'False'
[0.310s] Level 5:colcon.colcon_core.verb:set package 'robotdog_teleop' build argument 'cmake_force_configure' from command line to 'False'
[0.310s] Level 5:colcon.colcon_core.verb:set package 'robotdog_teleop' build argument 'ament_cmake_args' from command line to 'None'
[0.310s] Level 5:colcon.colcon_core.verb:set package 'robotdog_teleop' build argument 'catkin_cmake_args' from command line to 'None'
[0.310s] Level 5:colcon.colcon_core.verb:set package 'robotdog_teleop' build argument 'catkin_skip_building_tests' from command line to 'False'
[0.310s] DEBUG:colcon.colcon_core.verb:Building package 'robotdog_teleop' with the following arguments: {'ament_cmake_args': None, 'build_base': '/home/tejasva/robotdog_ws_copy/build/robotdog_teleop', 'catkin_cmake_args': None, 'catkin_skip_building_tests': False, 'cmake_args': None, 'cmake_clean_cache': False, 'cmake_clean_first': False, 'cmake_force_configure': False, 'cmake_target': None, 'cmake_target_skip_unavailable': False, 'install_base': '/home/tejasva/robotdog_ws_copy/install/robotdog_teleop', 'merge_install': False, 'path': '/home/tejasva/robotdog_ws_copy/src/robotdog_teleop', 'symlink_install': True, 'test_result_base': None}
[0.310s] INFO:colcon.colcon_core.executor:Executing jobs using 'parallel' executor
[0.311s] DEBUG:colcon.colcon_parallel_executor.executor.parallel:run_until_complete
[0.311s] INFO:colcon.colcon_ros.task.ament_python.build:Building ROS package in '/home/tejasva/robotdog_ws_copy/src/robotdog_control' with build type 'ament_python'
[0.312s] Level 1:colcon.colcon_core.shell:create_environment_hook('robotdog_control', 'ament_prefix_path')
[0.313s] INFO:colcon.colcon_core.plugin_system:Skipping extension 'colcon_core.shell.bat': Not used on non-Windows systems
[0.313s] INFO:colcon.colcon_core.shell:Creating environment hook '/home/tejasva/robotdog_ws_copy/install/robotdog_control/share/robotdog_control/hook/ament_prefix_path.ps1'
[0.314s] INFO:colcon.colcon_core.shell:Creating environment descriptor '/home/tejasva/robotdog_ws_copy/install/robotdog_control/share/robotdog_control/hook/ament_prefix_path.dsv'
[0.314s] INFO:colcon.colcon_core.shell:Creating environment hook '/home/tejasva/robotdog_ws_copy/install/robotdog_control/share/robotdog_control/hook/ament_prefix_path.sh'
[0.315s] INFO:colcon.colcon_core.shell:Skip shell extension 'powershell' for command environment: Not usable outside of PowerShell
[0.315s] DEBUG:colcon.colcon_core.shell:Skip shell extension 'dsv' for command environment
[0.318s] INFO:colcon.colcon_ros.task.ament_cmake.build:Building ROS package in '/home/tejasva/robotdog_ws_copy/src/robotdog_description' with build type 'ament_cmake'
[0.318s] INFO:colcon.colcon_cmake.task.cmake.build:Building CMake package in '/home/tejasva/robotdog_ws_copy/src/robotdog_description'
[0.318s] INFO:colcon.colcon_core.shell:Skip shell extension 'powershell' for command environment: Not usable outside of PowerShell
[0.318s] DEBUG:colcon.colcon_core.shell:Skip shell extension 'dsv' for command environment
[0.321s] INFO:colcon.colcon_ros.task.ament_cmake.build:Building ROS package in '/home/tejasva/robotdog_ws_copy/src/robotdog_msgs' with build type 'ament_cmake'
[0.322s] INFO:colcon.colcon_cmake.task.cmake.build:Building CMake package in '/home/tejasva/robotdog_ws_copy/src/robotdog_msgs'
[0.322s] INFO:colcon.colcon_core.shell:Skip shell extension 'powershell' for command environment: Not usable outside of PowerShell
[0.322s] DEBUG:colcon.colcon_core.shell:Skip shell extension 'dsv' for command environment
[0.325s] INFO:colcon.colcon_ros.task.ament_cmake.build:Building ROS package in '/home/tejasva/robotdog_ws_copy/src/robotdog_teleop' with build type 'ament_cmake'
[0.325s] INFO:colcon.colcon_cmake.task.cmake.build:Building CMake package in '/home/tejasva/robotdog_ws_copy/src/robotdog_teleop'
[0.325s] INFO:colcon.colcon_core.shell:Skip shell extension 'powershell' for command environment: Not usable outside of PowerShell
[0.325s] DEBUG:colcon.colcon_core.shell:Skip shell extension 'dsv' for command environment
[0.554s] INFO:colcon.colcon_core.task.python.build:Building Python package in '/home/tejasva/robotdog_ws_copy/src/robotdog_control'
[0.554s] INFO:colcon.colcon_core.shell:Skip shell extension 'powershell' for command environment: Not usable outside of PowerShell
[0.554s] DEBUG:colcon.colcon_core.shell:Skip shell extension 'dsv' for command environment
[0.561s] DEBUG:colcon.colcon_core.event_handler.log_command:Invoking command in '/home/tejasva/robotdog_ws_copy/build/robotdog_description': CMAKE_PREFIX_PATH=${CMAKE_PREFIX_PATH}:/home/tejasva/robotdog_ws_copy/install/robotdog_control:/opt/ros/humble /usr/bin/cmake --build /home/tejasva/robotdog_ws_copy/build/robotdog_description -- -j16 -l16
[0.563s] DEBUG:colcon.colcon_core.event_handler.log_command:Invoking command in '/home/tejasva/robotdog_ws_copy/build/robotdog_msgs': CMAKE_PREFIX_PATH=${CMAKE_PREFIX_PATH}:/home/tejasva/robotdog_ws_copy/install/robotdog_control:/opt/ros/humble /usr/bin/cmake --build /home/tejasva/robotdog_ws_copy/build/robotdog_msgs -- -j16 -l16
[0.566s] DEBUG:colcon.colcon_core.event_handler.log_command:Invoking command in '/home/tejasva/robotdog_ws_copy/build/robotdog_teleop': CMAKE_PREFIX_PATH=${CMAKE_PREFIX_PATH}:/home/tejasva/robotdog_ws_copy/install/robotdog_control:/opt/ros/humble /usr/bin/cmake --build /home/tejasva/robotdog_ws_copy/build/robotdog_teleop -- -j16 -l16
[0.595s] DEBUG:colcon.colcon_core.event_handler.log_command:Invoked command in '/home/tejasva/robotdog_ws_copy/build/robotdog_description' returned '0': CMAKE_PREFIX_PATH=${CMAKE_PREFIX_PATH}:/home/tejasva/robotdog_ws_copy/install/robotdog_control:/opt/ros/humble /usr/bin/cmake --build /home/tejasva/robotdog_ws_copy/build/robotdog_description -- -j16 -l16
[0.603s] DEBUG:colcon.colcon_core.event_handler.log_command:Invoking command in '/home/tejasva/robotdog_ws_copy/build/robotdog_description': CMAKE_PREFIX_PATH=${CMAKE_PREFIX_PATH}:/home/tejasva/robotdog_ws_copy/install/robotdog_control:/opt/ros/humble /usr/bin/cmake --install /home/tejasva/robotdog_ws_copy/build/robotdog_description
[0.625s] Level 1:colcon.colcon_core.environment:create_environment_scripts_only(robotdog_description)
[0.626s] DEBUG:colcon.colcon_core.event_handler.log_command:Invoked command in '/home/tejasva/robotdog_ws_copy/build/robotdog_description' returned '0': CMAKE_PREFIX_PATH=${CMAKE_PREFIX_PATH}:/home/tejasva/robotdog_ws_copy/install/robotdog_control:/opt/ros/humble /usr/bin/cmake --install /home/tejasva/robotdog_ws_copy/build/robotdog_description
[0.628s] Level 1:colcon.colcon_core.environment:checking '/home/tejasva/robotdog_ws_copy/install/robotdog_description' for CMake module files
[0.628s] Level 1:colcon.colcon_core.environment:checking '/home/tejasva/robotdog_ws_copy/install/robotdog_description' for CMake config files
[0.629s] Level 1:colcon.colcon_core.shell:create_environment_hook('robotdog_description', 'cmake_prefix_path')
[0.629s] INFO:colcon.colcon_core.shell:Creating environment hook '/home/tejasva/robotdog_ws_copy/install/robotdog_description/share/robotdog_description/hook/cmake_prefix_path.ps1'
[0.629s] INFO:colcon.colcon_core.shell:Creating environment descriptor '/home/tejasva/robotdog_ws_copy/install/robotdog_description/share/robotdog_description/hook/cmake_prefix_path.dsv'
[0.630s] INFO:colcon.colcon_core.shell:Creating environment hook '/home/tejasva/robotdog_ws_copy/install/robotdog_description/share/robotdog_description/hook/cmake_prefix_path.sh'
[0.630s] Level 1:colcon.colcon_core.environment:checking '/home/tejasva/robotdog_ws_copy/install/robotdog_description/bin'
[0.630s] Level 1:colcon.colcon_core.environment:checking '/home/tejasva/robotdog_ws_copy/install/robotdog_description/lib/pkgconfig/robotdog_description.pc'
[0.631s] Level 1:colcon.colcon_core.environment:checking '/home/tejasva/robotdog_ws_copy/install/robotdog_description/lib/python3.10/site-packages'
[0.631s] Level 1:colcon.colcon_core.environment:checking '/home/tejasva/robotdog_ws_copy/install/robotdog_description/bin'
[0.631s] INFO:colcon.colcon_core.shell:Creating package script '/home/tejasva/robotdog_ws_copy/install/robotdog_description/share/robotdog_description/package.ps1'
[0.632s] INFO:colcon.colcon_core.shell:Creating package descriptor '/home/tejasva/robotdog_ws_copy/install/robotdog_description/share/robotdog_description/package.dsv'
[0.633s] INFO:colcon.colcon_core.shell:Creating package script '/home/tejasva/robotdog_ws_copy/install/robotdog_description/share/robotdog_description/package.sh'
[0.634s] INFO:colcon.colcon_core.shell:Creating package script '/home/tejasva/robotdog_ws_copy/install/robotdog_description/share/robotdog_description/package.bash'
[0.636s] INFO:colcon.colcon_core.shell:Creating package script '/home/tejasva/robotdog_ws_copy/install/robotdog_description/share/robotdog_description/package.zsh'
[0.636s] Level 1:colcon.colcon_core.environment:create_file_with_runtime_dependencies(/home/tejasva/robotdog_ws_copy/install/robotdog_description/share/colcon-core/packages/robotdog_description)
[0.637s] Level 1:colcon.colcon_core.environment:create_environment_scripts_only(robotdog_description)
[0.637s] Level 1:colcon.colcon_core.environment:checking '/home/tejasva/robotdog_ws_copy/install/robotdog_description' for CMake module files
[0.638s] Level 1:colcon.colcon_core.environment:checking '/home/tejasva/robotdog_ws_copy/install/robotdog_description' for CMake config files
[0.638s] Level 1:colcon.colcon_core.shell:create_environment_hook('robotdog_description', 'cmake_prefix_path')
[0.638s] INFO:colcon.colcon_core.shell:Creating environment hook '/home/tejasva/robotdog_ws_copy/install/robotdog_description/share/robotdog_description/hook/cmake_prefix_path.ps1'
[0.638s] INFO:colcon.colcon_core.shell:Creating environment descriptor '/home/tejasva/robotdog_ws_copy/install/robotdog_description/share/robotdog_description/hook/cmake_prefix_path.dsv'
[0.639s] INFO:colcon.colcon_core.shell:Creating environment hook '/home/tejasva/robotdog_ws_copy/install/robotdog_description/share/robotdog_description/hook/cmake_prefix_path.sh'
[0.639s] Level 1:colcon.colcon_core.environment:checking '/home/tejasva/robotdog_ws_copy/install/robotdog_description/bin'
[0.639s] Level 1:colcon.colcon_core.environment:checking '/home/tejasva/robotdog_ws_copy/install/robotdog_description/lib/pkgconfig/robotdog_description.pc'
[0.639s] Level 1:colcon.colcon_core.environment:checking '/home/tejasva/robotdog_ws_copy/install/robotdog_description/lib/python3.10/site-packages'
[0.640s] Level 1:colcon.colcon_core.environment:checking '/home/tejasva/robotdog_ws_copy/install/robotdog_description/bin'
[0.640s] INFO:colcon.colcon_core.shell:Creating package script '/home/tejasva/robotdog_ws_copy/install/robotdog_description/share/robotdog_description/package.ps1'
[0.640s] INFO:colcon.colcon_core.shell:Creating package descriptor '/home/tejasva/robotdog_ws_copy/install/robotdog_description/share/robotdog_description/package.dsv'
[0.641s] INFO:colcon.colcon_core.shell:Creating package script '/home/tejasva/robotdog_ws_copy/install/robotdog_description/share/robotdog_description/package.sh'
[0.641s] INFO:colcon.colcon_core.shell:Creating package script '/home/tejasva/robotdog_ws_copy/install/robotdog_description/share/robotdog_description/package.bash'
[0.641s] INFO:colcon.colcon_core.shell:Creating package script '/home/tejasva/robotdog_ws_copy/install/robotdog_description/share/robotdog_description/package.zsh'
[0.642s] Level 1:colcon.colcon_core.environment:create_file_with_runtime_dependencies(/home/tejasva/robotdog_ws_copy/install/robotdog_description/share/colcon-core/packages/robotdog_description)
[0.643s] DEBUG:colcon.colcon_core.event_handler.log_command:Invoked command in '/home/tejasva/robotdog_ws_copy/build/robotdog_teleop' returned '0': CMAKE_PREFIX_PATH=${CMAKE_PREFIX_PATH}:/home/tejasva/robotdog_ws_copy/install/robotdog_control:/opt/ros/humble /usr/bin/cmake --build /home/tejasva/robotdog_ws_copy/build/robotdog_teleop -- -j16 -l16
[0.644s] DEBUG:colcon.colcon_core.event_handler.log_command:Invoking command in '/home/tejasva/robotdog_ws_copy/build/robotdog_teleop': CMAKE_PREFIX_PATH=${CMAKE_PREFIX_PATH}:/home/tejasva/robotdog_ws_copy/install/robotdog_control:/opt/ros/humble /usr/bin/cmake --install /home/tejasva/robotdog_ws_copy/build/robotdog_teleop
[0.665s] Level 1:colcon.colcon_core.environment:create_environment_scripts_only(robotdog_teleop)
[0.665s] Level 1:colcon.colcon_core.environment:checking '/home/tejasva/robotdog_ws_copy/install/robotdog_teleop' for CMake module files
[0.665s] DEBUG:colcon.colcon_core.event_handler.log_command:Invoked command in '/home/tejasva/robotdog_ws_copy/build/robotdog_teleop' returned '0': CMAKE_PREFIX_PATH=${CMAKE_PREFIX_PATH}:/home/tejasva/robotdog_ws_copy/install/robotdog_control:/opt/ros/humble /usr/bin/cmake --install /home/tejasva/robotdog_ws_copy/build/robotdog_teleop
[0.666s] Level 1:colcon.colcon_core.environment:checking '/home/tejasva/robotdog_ws_copy/install/robotdog_teleop' for CMake config files
[0.666s] Level 1:colcon.colcon_core.shell:create_environment_hook('robotdog_teleop', 'cmake_prefix_path')
[0.666s] INFO:colcon.colcon_core.shell:Creating environment hook '/home/tejasva/robotdog_ws_copy/install/robotdog_teleop/share/robotdog_teleop/hook/cmake_prefix_path.ps1'
[0.667s] INFO:colcon.colcon_core.shell:Creating environment descriptor '/home/tejasva/robotdog_ws_copy/install/robotdog_teleop/share/robotdog_teleop/hook/cmake_prefix_path.dsv'
[0.667s] INFO:colcon.colcon_core.shell:Creating environment hook '/home/tejasva/robotdog_ws_copy/install/robotdog_teleop/share/robotdog_teleop/hook/cmake_prefix_path.sh'
[0.668s] Level 1:colcon.colcon_core.environment:checking '/home/tejasva/robotdog_ws_copy/install/robotdog_teleop/lib'
[0.668s] Level 1:colcon.colcon_core.environment:checking '/home/tejasva/robotdog_ws_copy/install/robotdog_teleop/bin'
[0.668s] Level 1:colcon.colcon_core.environment:checking '/home/tejasva/robotdog_ws_copy/install/robotdog_teleop/lib/pkgconfig/robotdog_teleop.pc'
[0.668s] Level 1:colcon.colcon_core.environment:checking '/home/tejasva/robotdog_ws_copy/install/robotdog_teleop/lib/python3.10/site-packages'
[0.668s] Level 1:colcon.colcon_core.environment:checking '/home/tejasva/robotdog_ws_copy/install/robotdog_teleop/bin'
[0.669s] INFO:colcon.colcon_core.shell:Creating package script '/home/tejasva/robotdog_ws_copy/install/robotdog_teleop/share/robotdog_teleop/package.ps1'
[0.669s] INFO:colcon.colcon_core.shell:Creating package descriptor '/home/tejasva/robotdog_ws_copy/install/robotdog_teleop/share/robotdog_teleop/package.dsv'
[0.670s] INFO:colcon.colcon_core.shell:Creating package script '/home/tejasva/robotdog_ws_copy/install/robotdog_teleop/share/robotdog_teleop/package.sh'
[0.670s] INFO:colcon.colcon_core.shell:Creating package script '/home/tejasva/robotdog_ws_copy/install/robotdog_teleop/share/robotdog_teleop/package.bash'
[0.670s] INFO:colcon.colcon_core.shell:Creating package script '/home/tejasva/robotdog_ws_copy/install/robotdog_teleop/share/robotdog_teleop/package.zsh'
[0.671s] Level 1:colcon.colcon_core.environment:create_file_with_runtime_dependencies(/home/tejasva/robotdog_ws_copy/install/robotdog_teleop/share/colcon-core/packages/robotdog_teleop)
[0.671s] Level 1:colcon.colcon_core.environment:create_environment_scripts_only(robotdog_teleop)
[0.671s] Level 1:colcon.colcon_core.environment:checking '/home/tejasva/robotdog_ws_copy/install/robotdog_teleop' for CMake module files
[0.672s] Level 1:colcon.colcon_core.environment:checking '/home/tejasva/robotdog_ws_copy/install/robotdog_teleop' for CMake config files
[0.672s] Level 1:colcon.colcon_core.shell:create_environment_hook('robotdog_teleop', 'cmake_prefix_path')
[0.672s] INFO:colcon.colcon_core.shell:Creating environment hook '/home/tejasva/robotdog_ws_copy/install/robotdog_teleop/share/robotdog_teleop/hook/cmake_prefix_path.ps1'
[0.672s] INFO:colcon.colcon_core.shell:Creating environment descriptor '/home/tejasva/robotdog_ws_copy/install/robotdog_teleop/share/robotdog_teleop/hook/cmake_prefix_path.dsv'
[0.673s] INFO:colcon.colcon_core.shell:Creating environment hook '/home/tejasva/robotdog_ws_copy/install/robotdog_teleop/share/robotdog_teleop/hook/cmake_prefix_path.sh'
[0.673s] Level 1:colcon.colcon_core.environment:checking '/home/tejasva/robotdog_ws_copy/install/robotdog_teleop/lib'
[0.673s] Level 1:colcon.colcon_core.environment:checking '/home/tejasva/robotdog_ws_copy/install/robotdog_teleop/bin'
[0.673s] Level 1:colcon.colcon_core.environment:checking '/home/tejasva/robotdog_ws_copy/install/robotdog_teleop/lib/pkgconfig/robotdog_teleop.pc'
[0.674s] Level 1:colcon.colcon_core.environment:checking '/home/tejasva/robotdog_ws_copy/install/robotdog_teleop/lib/python3.10/site-packages'
[0.674s] Level 1:colcon.colcon_core.environment:checking '/home/tejasva/robotdog_ws_copy/install/robotdog_teleop/bin'
[0.674s] INFO:colcon.colcon_core.shell:Creating package script '/home/tejasva/robotdog_ws_copy/install/robotdog_teleop/share/robotdog_teleop/package.ps1'
[0.674s] INFO:colcon.colcon_core.shell:Creating package descriptor '/home/tejasva/robotdog_ws_copy/install/robotdog_teleop/share/robotdog_teleop/package.dsv'
[0.675s] INFO:colcon.colcon_core.shell:Creating package script '/home/tejasva/robotdog_ws_copy/install/robotdog_teleop/share/robotdog_teleop/package.sh'
[0.675s] INFO:colcon.colcon_core.shell:Creating package script '/home/tejasva/robotdog_ws_copy/install/robotdog_teleop/share/robotdog_teleop/package.bash'
[0.676s] INFO:colcon.colcon_core.shell:Creating package script '/home/tejasva/robotdog_ws_copy/install/robotdog_teleop/share/robotdog_teleop/package.zsh'
[0.676s] Level 1:colcon.colcon_core.environment:create_file_with_runtime_dependencies(/home/tejasva/robotdog_ws_copy/install/robotdog_teleop/share/colcon-core/packages/robotdog_teleop)
[0.900s] DEBUG:colcon.colcon_core.event_handler.log_command:Invoked command in '/home/tejasva/robotdog_ws_copy/build/robotdog_msgs' returned '0': CMAKE_PREFIX_PATH=${CMAKE_PREFIX_PATH}:/home/tejasva/robotdog_ws_copy/install/robotdog_control:/opt/ros/humble /usr/bin/cmake --build /home/tejasva/robotdog_ws_copy/build/robotdog_msgs -- -j16 -l16
[0.901s] DEBUG:colcon.colcon_core.event_handler.log_command:Invoking command in '/home/tejasva/robotdog_ws_copy/build/robotdog_msgs': CMAKE_PREFIX_PATH=${CMAKE_PREFIX_PATH}:/home/tejasva/robotdog_ws_copy/install/robotdog_control:/opt/ros/humble /usr/bin/cmake --install /home/tejasva/robotdog_ws_copy/build/robotdog_msgs
[0.919s] DEBUG:colcon.colcon_core.event_handler.log_command:Invoking command in '/home/tejasva/robotdog_ws_copy/build/robotdog_control': PYTHONPATH=/home/tejasva/robotdog_ws_copy/build/robotdog_control/prefix_override:/usr/lib/python3/dist-packages/colcon_core/task/python/colcon_distutils_commands:/home/tejasva/robotdog_ws_copy/install/robotdog_control/lib/python3.10/site-packages:${PYTHONPATH} /usr/bin/python3 -W ignore:setup.py install is deprecated -W ignore:easy_install command is deprecated setup.py develop --editable --build-directory /home/tejasva/robotdog_ws_copy/build/robotdog_control/build --no-deps symlink_data
[0.966s] Level 1:colcon.colcon_core.environment:create_environment_scripts_only(robotdog_msgs)
[0.966s] Level 1:colcon.colcon_core.environment:checking '/home/tejasva/robotdog_ws_copy/install/robotdog_msgs' for CMake module files
[0.966s] DEBUG:colcon.colcon_core.event_handler.log_command:Invoked command in '/home/tejasva/robotdog_ws_copy/build/robotdog_msgs' returned '0': CMAKE_PREFIX_PATH=${CMAKE_PREFIX_PATH}:/home/tejasva/robotdog_ws_copy/install/robotdog_control:/opt/ros/humble /usr/bin/cmake --install /home/tejasva/robotdog_ws_copy/build/robotdog_msgs
[0.967s] Level 1:colcon.colcon_core.environment:checking '/home/tejasva/robotdog_ws_copy/install/robotdog_msgs' for CMake config files
[0.967s] Level 1:colcon.colcon_core.shell:create_environment_hook('robotdog_msgs', 'cmake_prefix_path')
[0.968s] INFO:colcon.colcon_core.shell:Creating environment hook '/home/tejasva/robotdog_ws_copy/install/robotdog_msgs/share/robotdog_msgs/hook/cmake_prefix_path.ps1'
[0.968s] INFO:colcon.colcon_core.shell:Creating environment descriptor '/home/tejasva/robotdog_ws_copy/install/robotdog_msgs/share/robotdog_msgs/hook/cmake_prefix_path.dsv'
[0.968s] INFO:colcon.colcon_core.shell:Creating environment hook '/home/tejasva/robotdog_ws_copy/install/robotdog_msgs/share/robotdog_msgs/hook/cmake_prefix_path.sh'
[0.969s] Level 1:colcon.colcon_core.environment:checking '/home/tejasva/robotdog_ws_copy/install/robotdog_msgs/lib'
[0.969s] Level 1:colcon.colcon_core.shell:create_environment_hook('robotdog_msgs', 'ld_library_path_lib')
[0.969s] INFO:colcon.colcon_core.shell:Creating environment hook '/home/tejasva/robotdog_ws_copy/install/robotdog_msgs/share/robotdog_msgs/hook/ld_library_path_lib.ps1'
[0.969s] INFO:colcon.colcon_core.shell:Creating environment descriptor '/home/tejasva/robotdog_ws_copy/install/robotdog_msgs/share/robotdog_msgs/hook/ld_library_path_lib.dsv'
[0.970s] INFO:colcon.colcon_core.shell:Creating environment hook '/home/tejasva/robotdog_ws_copy/install/robotdog_msgs/share/robotdog_msgs/hook/ld_library_path_lib.sh'
[0.970s] Level 1:colcon.colcon_core.environment:checking '/home/tejasva/robotdog_ws_copy/install/robotdog_msgs/bin'
[0.970s] Level 1:colcon.colcon_core.environment:checking '/home/tejasva/robotdog_ws_copy/install/robotdog_msgs/lib/pkgconfig/robotdog_msgs.pc'
[0.970s] Level 1:colcon.colcon_core.environment:checking '/home/tejasva/robotdog_ws_copy/install/robotdog_msgs/lib/python3.10/site-packages'
[0.970s] Level 1:colcon.colcon_core.environment:checking '/home/tejasva/robotdog_ws_copy/install/robotdog_msgs/bin'
[0.971s] INFO:colcon.colcon_core.shell:Creating package script '/home/tejasva/robotdog_ws_copy/install/robotdog_msgs/share/robotdog_msgs/package.ps1'
[0.971s] INFO:colcon.colcon_core.shell:Creating package descriptor '/home/tejasva/robotdog_ws_copy/install/robotdog_msgs/share/robotdog_msgs/package.dsv'
[0.971s] INFO:colcon.colcon_core.shell:Creating package script '/home/tejasva/robotdog_ws_copy/install/robotdog_msgs/share/robotdog_msgs/package.sh'
[0.972s] INFO:colcon.colcon_core.shell:Creating package script '/home/tejasva/robotdog_ws_copy/install/robotdog_msgs/share/robotdog_msgs/package.bash'
[0.972s] INFO:colcon.colcon_core.shell:Creating package script '/home/tejasva/robotdog_ws_copy/install/robotdog_msgs/share/robotdog_msgs/package.zsh'
[0.972s] Level 1:colcon.colcon_core.environment:create_file_with_runtime_dependencies(/home/tejasva/robotdog_ws_copy/install/robotdog_msgs/share/colcon-core/packages/robotdog_msgs)
[0.973s] Level 1:colcon.colcon_core.environment:create_environment_scripts_only(robotdog_msgs)
[0.973s] Level 1:colcon.colcon_core.environment:checking '/home/tejasva/robotdog_ws_copy/install/robotdog_msgs' for CMake module files
[0.973s] Level 1:colcon.colcon_core.environment:checking '/home/tejasva/robotdog_ws_copy/install/robotdog_msgs' for CMake config files
[0.974s] Level 1:colcon.colcon_core.shell:create_environment_hook('robotdog_msgs', 'cmake_prefix_path')
[0.974s] INFO:colcon.colcon_core.shell:Creating environment hook '/home/tejasva/robotdog_ws_copy/install/robotdog_msgs/share/robotdog_msgs/hook/cmake_prefix_path.ps1'
[0.974s] INFO:colcon.colcon_core.shell:Creating environment descriptor '/home/tejasva/robotdog_ws_copy/install/robotdog_msgs/share/robotdog_msgs/hook/cmake_prefix_path.dsv'
[0.975s] INFO:colcon.colcon_core.shell:Creating environment hook '/home/tejasva/robotdog_ws_copy/install/robotdog_msgs/share/robotdog_msgs/hook/cmake_prefix_path.sh'
[0.975s] Level 1:colcon.colcon_core.environment:checking '/home/tejasva/robotdog_ws_copy/install/robotdog_msgs/lib'
[0.975s] Level 1:colcon.colcon_core.shell:create_environment_hook('robotdog_msgs', 'ld_library_path_lib')
[0.975s] INFO:colcon.colcon_core.shell:Creating environment hook '/home/tejasva/robotdog_ws_copy/install/robotdog_msgs/share/robotdog_msgs/hook/ld_library_path_lib.ps1'
[0.976s] INFO:colcon.colcon_core.shell:Creating environment descriptor '/home/tejasva/robotdog_ws_copy/install/robotdog_msgs/share/robotdog_msgs/hook/ld_library_path_lib.dsv'
[0.976s] INFO:colcon.colcon_core.shell:Creating environment hook '/home/tejasva/robotdog_ws_copy/install/robotdog_msgs/share/robotdog_msgs/hook/ld_library_path_lib.sh'
[0.976s] Level 1:colcon.colcon_core.environment:checking '/home/tejasva/robotdog_ws_copy/install/robotdog_msgs/bin'
[0.976s] Level 1:colcon.colcon_core.environment:checking '/home/tejasva/robotdog_ws_copy/install/robotdog_msgs/lib/pkgconfig/robotdog_msgs.pc'
[0.976s] Level 1:colcon.colcon_core.environment:checking '/home/tejasva/robotdog_ws_copy/install/robotdog_msgs/lib/python3.10/site-packages'
[0.977s] Level 1:colcon.colcon_core.environment:checking '/home/tejasva/robotdog_ws_copy/install/robotdog_msgs/bin'
[0.977s] INFO:colcon.colcon_core.shell:Creating package script '/home/tejasva/robotdog_ws_copy/install/robotdog_msgs/share/robotdog_msgs/package.ps1'
[0.977s] INFO:colcon.colcon_core.shell:Creating package descriptor '/home/tejasva/robotdog_ws_copy/install/robotdog_msgs/share/robotdog_msgs/package.dsv'
[0.978s] INFO:colcon.colcon_core.shell:Creating package script '/home/tejasva/robotdog_ws_copy/install/robotdog_msgs/share/robotdog_msgs/package.sh'
[0.978s] INFO:colcon.colcon_core.shell:Creating package script '/home/tejasva/robotdog_ws_copy/install/robotdog_msgs/share/robotdog_msgs/package.bash'
[0.978s] INFO:colcon.colcon_core.shell:Creating package script '/home/tejasva/robotdog_ws_copy/install/robotdog_msgs/share/robotdog_msgs/package.zsh'
[0.979s] Level 1:colcon.colcon_core.environment:create_file_with_runtime_dependencies(/home/tejasva/robotdog_ws_copy/install/robotdog_msgs/share/colcon-core/packages/robotdog_msgs)
[1.351s] Level 1:colcon.colcon_core.shell:create_environment_hook('robotdog_control', 'pythonpath_develop')
[1.352s] INFO:colcon.colcon_core.shell:Creating environment hook '/home/tejasva/robotdog_ws_copy/build/robotdog_control/share/robotdog_control/hook/pythonpath_develop.ps1'
[1.352s] DEBUG:colcon.colcon_core.event_handler.log_command:Invoked command in '/home/tejasva/robotdog_ws_copy/build/robotdog_control' returned '0': PYTHONPATH=/home/tejasva/robotdog_ws_copy/build/robotdog_control/prefix_override:/usr/lib/python3/dist-packages/colcon_core/task/python/colcon_distutils_commands:/home/tejasva/robotdog_ws_copy/install/robotdog_control/lib/python3.10/site-packages:${PYTHONPATH} /usr/bin/python3 -W ignore:setup.py install is deprecated -W ignore:easy_install command is deprecated setup.py develop --editable --build-directory /home/tejasva/robotdog_ws_copy/build/robotdog_control/build --no-deps symlink_data
[1.352s] INFO:colcon.colcon_core.shell:Creating environment descriptor '/home/tejasva/robotdog_ws_copy/build/robotdog_control/share/robotdog_control/hook/pythonpath_develop.dsv'
[1.353s] INFO:colcon.colcon_core.shell:Creating environment hook '/home/tejasva/robotdog_ws_copy/build/robotdog_control/share/robotdog_control/hook/pythonpath_develop.sh'
[1.353s] Level 1:colcon.colcon_core.environment:checking '/home/tejasva/robotdog_ws_copy/install/robotdog_control' for CMake module files
[1.354s] Level 1:colcon.colcon_core.environment:checking '/home/tejasva/robotdog_ws_copy/install/robotdog_control' for CMake config files
[1.354s] Level 1:colcon.colcon_core.environment:checking '/home/tejasva/robotdog_ws_copy/install/robotdog_control/lib'
[1.354s] Level 1:colcon.colcon_core.environment:checking '/home/tejasva/robotdog_ws_copy/install/robotdog_control/bin'
[1.354s] Level 1:colcon.colcon_core.environment:checking '/home/tejasva/robotdog_ws_copy/install/robotdog_control/lib/pkgconfig/robotdog_control.pc'
[1.354s] Level 1:colcon.colcon_core.environment:checking '/home/tejasva/robotdog_ws_copy/install/robotdog_control/lib/python3.10/site-packages'
[1.354s] Level 1:colcon.colcon_core.shell:create_environment_hook('robotdog_control', 'pythonpath')
[1.354s] INFO:colcon.colcon_core.shell:Creating environment hook '/home/tejasva/robotdog_ws_copy/install/robotdog_control/share/robotdog_control/hook/pythonpath.ps1'
[1.355s] INFO:colcon.colcon_core.shell:Creating environment descriptor '/home/tejasva/robotdog_ws_copy/install/robotdog_control/share/robotdog_control/hook/pythonpath.dsv'
[1.355s] INFO:colcon.colcon_core.shell:Creating environment hook '/home/tejasva/robotdog_ws_copy/install/robotdog_control/share/robotdog_control/hook/pythonpath.sh'
[1.356s] Level 1:colcon.colcon_core.environment:checking '/home/tejasva/robotdog_ws_copy/install/robotdog_control/bin'
[1.356s] Level 1:colcon.colcon_core.environment:create_environment_scripts_only(robotdog_control)
[1.356s] INFO:colcon.colcon_core.shell:Creating package script '/home/tejasva/robotdog_ws_copy/install/robotdog_control/share/robotdog_control/package.ps1'
[1.356s] INFO:colcon.colcon_core.shell:Creating package descriptor '/home/tejasva/robotdog_ws_copy/install/robotdog_control/share/robotdog_control/package.dsv'
[1.357s] INFO:colcon.colcon_core.shell:Creating package script '/home/tejasva/robotdog_ws_copy/install/robotdog_control/share/robotdog_control/package.sh'
[1.357s] INFO:colcon.colcon_core.shell:Creating package script '/home/tejasva/robotdog_ws_copy/install/robotdog_control/share/robotdog_control/package.bash'
[1.357s] INFO:colcon.colcon_core.shell:Creating package script '/home/tejasva/robotdog_ws_copy/install/robotdog_control/share/robotdog_control/package.zsh'
[1.357s] Level 1:colcon.colcon_core.environment:create_file_with_runtime_dependencies(/home/tejasva/robotdog_ws_copy/install/robotdog_control/share/colcon-core/packages/robotdog_control)
[1.358s] DEBUG:colcon.colcon_parallel_executor.executor.parallel:closing loop
[1.358s] DEBUG:colcon.colcon_parallel_executor.executor.parallel:loop closed
[1.358s] DEBUG:colcon.colcon_parallel_executor.executor.parallel:run_until_complete finished with '0'
[1.358s] DEBUG:colcon.colcon_core.event_reactor:joining thread
[1.362s] INFO:colcon.colcon_core.plugin_system:Skipping extension 'colcon_notification.desktop_notification.terminal_notifier': Not used on non-Darwin systems
[1.362s] INFO:colcon.colcon_core.plugin_system:Skipping extension 'colcon_notification.desktop_notification.win32': Not used on non-Windows systems
[1.362s] INFO:colcon.colcon_notification.desktop_notification:Sending desktop notification using 'notify2'
[1.371s] DEBUG:colcon.colcon_core.event_reactor:joined thread
[1.372s] INFO:colcon.colcon_core.shell:Creating prefix script '/home/tejasva/robotdog_ws_copy/install/local_setup.ps1'
[1.373s] INFO:colcon.colcon_core.shell:Creating prefix util module '/home/tejasva/robotdog_ws_copy/install/_local_setup_util_ps1.py'
[1.374s] INFO:colcon.colcon_core.shell:Creating prefix chain script '/home/tejasva/robotdog_ws_copy/install/setup.ps1'
[1.375s] INFO:colcon.colcon_core.shell:Creating prefix script '/home/tejasva/robotdog_ws_copy/install/local_setup.sh'
[1.375s] INFO:colcon.colcon_core.shell:Creating prefix util module '/home/tejasva/robotdog_ws_copy/install/_local_setup_util_sh.py'
[1.376s] INFO:colcon.colcon_core.shell:Creating prefix chain script '/home/tejasva/robotdog_ws_copy/install/setup.sh'
[1.377s] INFO:colcon.colcon_core.shell:Creating prefix script '/home/tejasva/robotdog_ws_copy/install/local_setup.bash'
[1.377s] INFO:colcon.colcon_core.shell:Creating prefix chain script '/home/tejasva/robotdog_ws_copy/install/setup.bash'
[1.378s] INFO:colcon.colcon_core.shell:Creating prefix script '/home/tejasva/robotdog_ws_copy/install/local_setup.zsh'
[1.379s] INFO:colcon.colcon_core.shell:Creating prefix chain script '/home/tejasva/robotdog_ws_copy/install/setup.zsh'
